05-23 10:40:35.109   774 10015 D ZenLog  : config: ZenModePanel.selectCondition,ZenModeConfig[user=0,allowCalls=true,allowRepeatCallers=false,allowMessages=false,allowCallsFrom=contacts,allowMessagesFrom=contacts,allowReminders=true,allowEvents=true,allowWhenScreenOff=true,allowWhenScreenOn=true,automaticRules={c35a3e56e8984457b66e0549ae0463aa=ZenRule[enabled=false,snoozing=false,name=Weeknight,zenMode=ZEN_MODE_ALARMS,conditionId=condition://android/schedule?days=1.2.3.4.5&start=22.0&end=7.0&exitAtAlarm=false,condition=Condition[id=condition://android/schedule?days=1.2.3.4.5&start=22.0&end=7.0&exitAtAlarm=false,summary=...,line1=...,line2=...,icon=0,state=STATE_FALSE,flags=2],component=ComponentInfo{android/com.android.server.notification.ScheduleConditionProvider},id=c35a3e56e8984457b66e0549ae0463aa,creationTime=45827593093,enabler=null], ab02de16d8a14d62bb1956cedf0f5829=ZenRule[enabled=false,snoozing=false,name=Weekend,zenMode=ZEN_MODE_ALARMS,conditionId=condition://android/schedule?days=6.7&start=23.30&end=10.0&exitAtAlarm=false,condition=Condition[id=condition://android/schedule?days=6.7&start=23.30&end=10.0&exitAtAlarm=false,summary=...,line1=...,line2=...,icon=0,state=STATE_FALSE,flags=2],component=ComponentInfo{android/com.android.server.notification.ScheduleConditionProvider},id=ab02de16d8a14d62bb1956cedf0f5829,creationTime=45827593093,enabler=null], f440e8f7200944979b29e2ab2fe01030=ZenRule[enabled=false,snoozing=false,name=Event,zenMode=ZEN_MODE_ALARMS,conditionId=condition://android/event?userId=-10000&calendar=&reply=1,condition=Condition[id=condition://android/event?userId=-10000&calendar=&reply=1,summary=...,line1=...,line2=...,icon=0,state=STATE_FALSE,flags=2],component=ComponentInfo{android/com.android.server.notification.EventConditionProvider},id=f440e8f7200944979b29e2ab2fe01030,creationTime=45827593094,enabler=null]},manualRule=ZenRule[enabled=true,snoozing=false,name=null,zenMode=ZEN_MODE_ALARMS,conditionId=null,condition=null,component=null,id=null,creationTime=0,enabler=null]],Diff[]
05-23 10:40:35.109   774   774 D ZenLog  : set_zen_mode: alarms,ZenModePanel.selectCondition
05-23 10:40:35.981   774  3243 W InputMethodManagerService: Window already focused, ignoring focus gain of: com.android.internal.view.IInputMethodClient$Stub$Proxy@5fc8c1e attribute=android.view.inputmethod.EditorInfo@c6cfcff, token = android.os.BinderProxy@6135fbd
05-23 10:40:35.994   774 10012 I ActivityManager: Setting hasTopUi=false for pid=2891
05-23 10:40:40.237   774 10012 I ActivityManager: Process com.ktshow.cs (pid 9620) has died
05-23 10:40:40.238   774 10012 D ActivityManager: cleanUpApplicationRecord -- 9620
05-23 10:41:20.296   774 10010 I ActivityManager: Setting hasTopUi=true for pid=2891
05-23 10:41:34.906   774 10011 I ActivityManager: Process com.android.settings (pid 10194) has died
05-23 10:41:34.907   774 10011 D ActivityManager: cleanUpApplicationRecord -- 10194
05-23 10:41:35.022   774  4132 I ActivityManager: Setting hasTopUi=false for pid=2891
05-23 10:41:38.799   774   827 E BatteryStatsService: modem info is invalid: ModemActivityInfo{ mTimestamp=65409079 mSleepTimeMs=59405227 mIdleTimeMs=-53126045 mTxTimeMs[]=[441, 308, 484, 97, 15] mRxTimeMs=280096 mEnergyUsed=0}
05-23 10:41:43.321   774   823 I ActivityManager: Start proc 10932:com.ktshow.cs/u0a107 for broadcast com.ktshow.cs/.widget.WidgetProvider4
05-23 10:41:43.527 10932 10932 W ActivityThread: Application com.ktshow.cs can be debugged on port 8100...
05-23 10:41:43.889   774  3539 I ActivityManager: Process com.google.process.gapps (pid 10157) has died
05-23 10:41:43.890   774  3539 D ActivityManager: cleanUpApplicationRecord -- 10157
05-23 10:42:52.521   774 15544 I ActivityManager: Start proc 11525:com.google.process.gapps/u0a36 for content provider com.google.android.gsf/.settings.GoogleSettingsProvider
05-23 10:43:44.386   774 10014 I ActivityManager: Process com.ktshow.cs (pid 10932) has died
05-23 10:43:44.386   774 10014 D ActivityManager: cleanUpApplicationRecord -- 10932
05-23 10:44:39.955   774   827 E BatteryStatsService: modem info is invalid: ModemActivityInfo{ mTimestamp=65590237 mSleepTimeMs=59405227 mIdleTimeMs=-53126045 mTxTimeMs[]=[441, 308, 484, 97, 15] mRxTimeMs=280096 mEnergyUsed=0}
05-23 10:44:44.639   774   823 I ActivityManager: Start proc 12107:com.ktshow.cs/u0a107 for broadcast com.ktshow.cs/.widget.WidgetProvider4
05-23 10:44:44.680 12107 12107 W ActivityThread: Application com.ktshow.cs can be debugged on port 8100...
05-23 10:44:50.889   774  3632 I ActivityManager: Process com.google.process.gapps (pid 11525) has died
05-23 10:44:50.889   774  3632 D ActivityManager: cleanUpApplicationRecord -- 11525
05-23 10:46:57.593   774   827 E BatteryStatsService: modem info is invalid: ModemActivityInfo{ mTimestamp=65727888 mSleepTimeMs=59405227 mIdleTimeMs=-53126045 mTxTimeMs[]=[441, 308, 484, 97, 15] mRxTimeMs=280096 mEnergyUsed=0}
05-23 10:48:25.509   774  4132 I ActivityManager: Setting hasTopUi=true for pid=2891
05-23 10:48:25.941   774  3633 W InputMethodManagerService: Window already focused, ignoring focus gain of: com.android.internal.view.IInputMethodClient$Stub$Proxy@3bd8aec attribute=null, token = android.os.BinderProxy@6135fbd
05-23 10:48:25.954   774 10011 I ActivityManager: Setting hasTopUi=false for pid=2891
05-23 10:49:07.339   774 15544 I ActivityManager: Start proc 13552:com.google.process.gapps/u0a36 for content provider com.google.android.gsf/.gservices.GservicesProvider
05-23 10:49:25.410   774   827 E BatteryStatsService: modem info is invalid: ModemActivityInfo{ mTimestamp=65875699 mSleepTimeMs=59405227 mIdleTimeMs=-53126045 mTxTimeMs[]=[441, 308, 484, 97, 15] mRxTimeMs=280096 mEnergyUsed=0}
05-23 10:49:29.722   774  3634 I ActivityManager: Process com.ktshow.cs (pid 12107) has died
05-23 10:49:29.722   774  3634 D ActivityManager: cleanUpApplicationRecord -- 12107
05-23 10:50:44.099   774   823 I ActivityManager: Start proc 14058:com.ktshow.cs/u0a107 for broadcast com.ktshow.cs/.widget.WidgetProvider4
05-23 10:50:44.159 14058 14058 W ActivityThread: Application com.ktshow.cs can be debugged on port 8100...
05-23 10:51:34.102   774  4170 I ActivityManager: Process com.google.process.gapps (pid 13552) has died
05-23 10:51:34.102   774  4170 D ActivityManager: cleanUpApplicationRecord -- 13552
05-23 10:51:38.778   774   827 E BatteryStatsService: modem info is invalid: ModemActivityInfo{ mTimestamp=66009066 mSleepTimeMs=59405227 mIdleTimeMs=-53126045 mTxTimeMs[]=[441, 308, 484, 97, 15] mRxTimeMs=280096 mEnergyUsed=0}
05-23 10:51:47.377   774   827 E BatteryStatsService: modem info is invalid: ModemActivityInfo{ mTimestamp=66017659 mSleepTimeMs=59405227 mIdleTimeMs=-53126045 mTxTimeMs[]=[441, 308, 484, 97, 15] mRxTimeMs=280096 mEnergyUsed=0}
05-23 10:51:51.455  2891  2891 V DeadZone: consuming errant click: (29.0,536.0)
05-23 10:51:52.076  2891  2891 V DeadZone: consuming errant click: (30.0,547.0)
05-23 10:51:53.103   774  2785 I ActivityManager: START u0 {act=android.intent.action.MAIN cat=[android.intent.category.HOME] flg=0x10200000 cmp=org.adwfreak.launcher/org.adw.launcherlib.Launcher (has extras)} from uid 1000 on display 0
05-23 10:51:53.531   774   794 W LocalDisplayAdapter: Unable to find color mode 0, ignoring request.
05-23 10:51:53.557   774 10011 I ActivityManager: Config changes=480 {1.0 450mcc8mnc [ko_KR] ldltr sw411dp w411dp h659dp 420dpi nrml port finger -keyb/v/h -nav/h s.25}
05-23 10:51:55.402   774   850 W WindowManager: Window freeze timeout expired.
05-23 10:51:55.402   774   850 W WindowManager: Force clearing orientation change: Window{b801316 u0 NavigationBar}
05-23 10:51:55.402   774   850 W WindowManager: Force clearing orientation change: Window{f6779fd u0 org.adwfreak.launcher/org.adw.launcherlib.Launcher}
05-23 10:51:55.402   774   850 W WindowManager: Force clearing orientation change: Window{4443b0 u0 com.android.systemui.ImageWallpaper}
05-23 10:51:55.692   774   850 I WindowManager: Screen frozen for +2s289ms due to Window{b801316 u0 NavigationBar}
05-23 10:51:57.459   774 10014 I ActivityManager: START u0 {flg=0x10804000 cmp=com.android.systemui/.recents.RecentsActivity} from uid 10033 on display 0
05-23 10:51:58.427   774  3243 I ActivityManager: Killing 3298:com.com2us.smon.normal.freefull.google.kr.android.common/u0a90 (adj 906): remove task
05-23 10:51:58.428   774   826 I libprocessgroup: Killing pid 3319 in uid 10090 as part of process group 3298
05-23 10:51:58.502   774   793 I ActivityManager: Process com.ktshow.cs (pid 14058) has died
05-23 10:51:58.502   774   793 D ActivityManager: cleanUpApplicationRecord -- 14058
05-23 10:51:58.707   774  3632 I WindowManager: WIN DEATH: Window{3c530d3 u0 SurfaceView - com.com2us.smon.normal.freefull.google.kr.android.common/com.com2us.smon.normal.freefull.google.kr.android.common.SubActivity}
05-23 10:51:58.707   774 10010 D ConnectivityService: ConnectivityService NetworkRequestInfo binderDied(NetworkRequest [ LISTEN id=122, [ Capabilities: INTERNET&NOT_RESTRICTED&TRUSTED] ], android.os.BinderProxy@a4a7a3)
05-23 10:51:58.708   774 10012 D ConnectivityService: ConnectivityService NetworkRequestInfo binderDied(NetworkRequest [ LISTEN id=121, [ Capabilities: INTERNET&NOT_RESTRICTED&TRUSTED] ], android.os.BinderProxy@c413aa0)
05-23 10:51:58.710   774  4132 D ActivityManager: cleanUpApplicationRecord -- 3298
05-23 10:51:58.720   774  3631 I WindowManager: WIN DEATH: Window{69989b2 u0 com.com2us.smon.normal.freefull.google.kr.android.common/com.com2us.smon.normal.freefull.google.kr.android.common.SubActivity}
05-23 10:51:58.720   774  3631 W WindowManager: Force-removing child win Window{70e3cf3 u0 SurfaceView - com.com2us.smon.normal.freefull.google.kr.android.common/com.com2us.smon.normal.freefull.google.kr.android.common.SubActivity} from container Window{69989b2 u0 com.com2us.smon.normal.freefull.google.kr.android.common/com.com2us.smon.normal.freefull.google.kr.android.common.SubActivity}
05-23 10:51:58.730   774  8203 W WindowManager: Failed looking up window
05-23 10:51:58.730   774  8203 W WindowManager: java.lang.IllegalArgumentException: Requested window android.os.BinderProxy@ca3c362 does not exist
05-23 10:51:58.730   774  8203 W WindowManager: 	at com.android.server.wm.WindowManagerService.windowForClientLocked(WindowManagerService.java:9449)
05-23 10:51:58.730   774  8203 W WindowManager: 	at com.android.server.wm.WindowManagerService.windowForClientLocked(WindowManagerService.java:9440)
05-23 10:51:58.730   774  8203 W WindowManager: 	at com.android.server.wm.WindowState$DeathRecipient.binderDied(WindowState.java:1800)
05-23 10:51:58.730   774  8203 W WindowManager: 	at android.os.BinderProxy.sendDeathNotice(Binder.java:688)
05-23 10:51:58.730   774  8203 I WindowManager: WIN DEATH: null
05-23 10:51:58.767   774  2799 E ConnectivityService: RemoteException caught trying to send a callback msg for NetworkRequest [ LISTEN id=121, [ Capabilities: INTERNET&NOT_RESTRICTED&TRUSTED] ]
05-23 10:51:58.769   774  2799 E ConnectivityService: RemoteException caught trying to send a callback msg for NetworkRequest [ LISTEN id=122, [ Capabilities: INTERNET&NOT_RESTRICTED&TRUSTED] ]
05-23 10:51:59.965   774  3632 I ActivityManager: Killing 1740:com.nhn.android.search/u0a104 (adj 906): remove task
05-23 10:52:00.111   774  4132 D ConnectivityService: ConnectivityService NetworkRequestInfo binderDied(NetworkRequest [ LISTEN id=123, [ Capabilities: INTERNET&NOT_RESTRICTED&TRUSTED] ], android.os.BinderProxy@121621e)
05-23 10:52:00.111   774   793 I WindowManager: WIN DEATH: Window{82be6f8 u0 com.nhn.android.search/com.nhn.android.search.proto.MainActivity}
05-23 10:52:00.111   774  4166 D ConnectivityService: ConnectivityService NetworkRequestInfo binderDied(NetworkRequest [ LISTEN id=117, [ Capabilities: INTERNET&NOT_RESTRICTED&TRUSTED] ], android.os.BinderProxy@8501aff)
05-23 10:52:00.111   774  4132 D ActivityManager: cleanUpApplicationRecord -- 1740
05-23 10:52:00.114   774  2799 E ConnectivityService: RemoteException caught trying to send a callback msg for NetworkRequest [ LISTEN id=123, [ Capabilities: INTERNET&NOT_RESTRICTED&TRUSTED] ]
05-23 10:52:00.115   774  2799 E ConnectivityService: RemoteException caught trying to send a callback msg for NetworkRequest [ LISTEN id=117, [ Capabilities: INTERNET&NOT_RESTRICTED&TRUSTED] ]
05-23 10:52:00.235   774  3632 E ActivityManager: applyOptionsLocked: Unknown animationType=0
05-23 10:52:01.554   774 10012 I ActivityManager: START u0 {flg=0x24010000 cmp=com.kakao.talk/.activity.TaskRootActivity (has extras)} from uid 10100 on display 0
05-23 10:52:01.586   774  4132 W ActivityManager: Duplicate finish request for ActivityRecord{1060708 u0 com.kakao.talk/.activity.chat.ChatRoomActivity t1641 f}
05-23 10:52:01.622   774 15544 I ActivityManager: START u0 {flg=0x24010000 cmp=com.kakao.talk/.activity.main.MainTabFragmentActivity (has extras)} from uid 10100 on display 0
05-23 10:52:03.407   774 13362 I ActivityManager: START u0 {flg=0x4000000 cmp=com.kakao.talk/.activity.chat.ChatRoomActivity (has extras)} from uid 10100 on display 0
05-23 10:52:05.588   774  2785 I ActivityManager: START u0 {act=android.intent.action.MAIN cat=[android.intent.category.HOME] flg=0x10200000 cmp=org.adwfreak.launcher/org.adw.launcherlib.Launcher (has extras)} from uid 1000 on display 0
05-23 10:52:07.319   774   793 I ActivityManager: Start proc 14518:android.process.acore/u0a1 for content provider com.android.providers.contacts/.ContactsProvider2
05-23 10:52:09.550   774  3631 I ActivityManager: START u0 {act=android.intent.action.MAIN cat=[android.intent.category.LAUNCHER] flg=0x10200000 cmp=kr.co.invenapp/.SplashActivity} from uid 10105 on display 0
05-23 10:52:09.635   774  2859 I ActivityManager: Start proc 14549:kr.co.invenapp/u0a88 for activity kr.co.invenapp/.SplashActivity
05-23 10:52:11.504   774 10012 I ActivityManager: START u0 {cmp=kr.co.invenapp/.DummyActivity} from uid 10088 on display 0
05-23 10:52:11.582   774  4169 I ActivityManager: START u0 {flg=0x20000 cmp=kr.co.invenapp/.HomeActivity (has extras)} from uid 10088 on display 0
05-23 10:52:13.583   774   774 W WindowManager: Attempted to remove non-existing token: android.os.Binder@6985ebf
05-23 10:52:13.589   774 10015 W WindowManager: Failed looking up window
05-23 10:52:13.589   774 10015 W WindowManager: java.lang.IllegalArgumentException: Requested window android.os.BinderProxy@5bde278 does not exist
05-23 10:52:13.589   774 10015 W WindowManager: 	at com.android.server.wm.WindowManagerService.windowForClientLocked(WindowManagerService.java:9449)
05-23 10:52:13.589   774 10015 W WindowManager: 	at com.android.server.wm.WindowManagerService.windowForClientLocked(WindowManagerService.java:9440)
05-23 10:52:13.589   774 10015 W WindowManager: 	at com.android.server.wm.WindowManagerService.removeWindow(WindowManagerService.java:2390)
05-23 10:52:13.589   774 10015 W WindowManager: 	at com.android.server.wm.Session.remove(Session.java:193)
05-23 10:52:13.589   774 10015 W WindowManager: 	at android.view.IWindowSession$Stub.onTransact(IWindowSession.java:242)
05-23 10:52:13.589   774 10015 W WindowManager: 	at com.android.server.wm.Session.onTransact(Session.java:136)
05-23 10:52:13.589   774 10015 W WindowManager: 	at android.os.Binder.execTransact(Binder.java:565)
05-23 10:52:20.680   774  2859 I ActivityManager: START u0 {flg=0x30000 cmp=kr.co.invenapp/.Tab1Activity (has extras)} from uid 10088 on display 0
05-23 10:52:21.841   774  4166 I ActivityManager: START u0 {flg=0x20000 cmp=kr.co.invenapp/.HomeActivity (has extras)} from uid 10088 on display 0
05-23 10:52:28.657   774  8203 I ActivityManager: Start proc 14813:com.ktshow.cs/u0a107 for broadcast com.ktshow.cs/.widget.WidgetProvider4
05-23 10:52:28.703 14813 14813 W ActivityThread: Application com.ktshow.cs can be debugged on port 8100...
05-23 10:52:38.511   774   774 D ZenLog  : intercepted: 0|com.kakao.talk|2|133933966818567|10100,alarmsOnly
05-23 10:52:38.512   774   774 V NotificationService: pkg=com.kakao.talk canInterrupt=false intercept=true
05-23 10:52:47.256   774  8203 I ActivityManager: Setting hasTopUi=true for pid=2891
05-23 10:52:48.946   774 10010 W InputMethodManagerService: Window already focused, ignoring focus gain of: com.android.internal.view.IInputMethodClient$Stub$Proxy@e7366ac attribute=null, token = android.os.BinderProxy@5f48c97
05-23 10:52:48.962   774  8203 I ActivityManager: START u0 {cmp=com.kakao.talk/.activity.control.NotificationControlActivity (has extras)} from uid 10100 on display 0
05-23 10:52:48.962   774  8203 W ActivityManager: startActivity called from non-Activity context; forcing Intent.FLAG_ACTIVITY_NEW_TASK for: Intent { cmp=com.kakao.talk/.activity.control.NotificationControlActivity (has extras) }
05-23 10:52:48.982   774 10015 E ActivityManager: applyOptionsLocked: Unknown animationType=0
05-23 10:52:49.142   774  3634 I ActivityManager: START u0 {flg=0x4000000 cmp=com.kakao.talk/.activity.chat.ChatRoomActivity (has extras)} from uid 10100 on display 0
05-23 10:52:49.175   774 15544 W ActivityManager: Duplicate finish request for ActivityRecord{5734f75 u0 com.kakao.talk/.activity.control.NotificationControlActivity t1641 f}
05-23 10:52:49.222   774  3242 W InputMethodManagerService: Focus gain on non-focused client com.android.internal.view.IInputMethodClient$Stub$Proxy@a5a174 (uid=10100 pid=25815)
05-23 10:52:49.238   774  2861 W ActivityManager: Duplicate finish request for ActivityRecord{b92c9da u0 com.kakao.talk/.activity.chat.ChatRoomActivity t1641 f}
05-23 10:52:49.254   774  3631 I ActivityManager: Setting hasTopUi=false for pid=2891
05-23 10:52:56.156   774   793 I ActivityManager: START u0 {flg=0x10804000 cmp=com.android.systemui/.recents.RecentsActivity} from uid 10033 on display 0
05-23 10:52:56.661   774 10012 E ActivityManager: applyOptionsLocked: Unknown animationType=0
05-23 10:53:00.937   774   774 D ZenLog  : intercepted: 0|com.kakao.talk|2|133933966818567|10100,alarmsOnly
05-23 10:53:00.938   774   774 V NotificationService: pkg=com.kakao.talk canInterrupt=false intercept=true
05-23 10:53:15.402  2891  2891 V DeadZone: consuming errant click: (896.0,43.0)
05-23 10:53:15.866   774  8204 I ActivityManager: START u0 {flg=0x10804000 cmp=com.android.systemui/.recents.RecentsActivity} from uid 10033 on display 0
05-23 10:53:16.252   774  4132 E ActivityManager: applyOptionsLocked: Unknown animationType=0
05-23 10:53:17.605   774   793 I ActivityManager: START u0 {flg=0x10804000 cmp=com.android.systemui/.recents.RecentsActivity} from uid 10033 on display 0
05-23 10:53:17.992   774  3634 E ActivityManager: applyOptionsLocked: Unknown animationType=0
05-23 10:54:27.018   774   827 E BatteryStatsService: modem info is invalid: ModemActivityInfo{ mTimestamp=66177310 mSleepTimeMs=61191105 mIdleTimeMs=-59376813 mTxTimeMs[]=[8, 2, 9, 0, 0] mRxTimeMs=70691 mEnergyUsed=0}
05-23 10:55:50.173   774 10011 I ActivityManager: Process android.process.acore (pid 14518) has died
05-23 10:55:50.173   774 10011 D ActivityManager: cleanUpApplicationRecord -- 14518
05-23 10:55:50.324   774 10010 D ConnectivityService: ConnectivityService NetworkRequestInfo binderDied(NetworkRequest [ LISTEN id=120, [ Capabilities: INTERNET&NOT_RESTRICTED&TRUSTED] ], android.os.BinderProxy@a7a9d6d)
05-23 10:55:50.325   774  3242 I ActivityManager: Process com.facebook.katana (pid 2878) has died
05-23 10:55:50.325   774  3242 D ActivityManager: cleanUpApplicationRecord -- 2878
05-23 10:55:50.326   774  3242 W ActivityManager: Scheduling restart of crashed service com.facebook.katana/com.facebook.mqttlite.MqttService in 1000ms
05-23 10:55:50.396   774  2799 E ConnectivityService: RemoteException caught trying to send a callback msg for NetworkRequest [ LISTEN id=120, [ Capabilities: INTERNET&NOT_RESTRICTED&TRUSTED] ]
05-23 10:55:50.839   774  3631 D ConnectivityService: ConnectivityService NetworkRequestInfo binderDied(NetworkRequest [ LISTEN id=93, [ Capabilities: INTERNET&NOT_RESTRICTED&TRUSTED] ], android.os.BinderProxy@17a6da2)
05-23 10:55:50.839   774 10011 I ActivityManager: Process com.facebook.orca (pid 11472) has died
05-23 10:55:50.839   774 10011 D ActivityManager: cleanUpApplicationRecord -- 11472
05-23 10:55:50.839   774 10011 W ActivityManager: Scheduling restart of crashed service com.facebook.orca/com.facebook.mqttlite.MqttService in 10486ms
05-23 10:55:50.840   774  2799 E ConnectivityService: RemoteException caught trying to send a callback msg for NetworkRequest [ LISTEN id=93, [ Capabilities: INTERNET&NOT_RESTRICTED&TRUSTED] ]
05-23 10:55:51.451   774   823 I ActivityManager: Start proc 16272:com.facebook.katana/u0a109 for service com.facebook.katana/com.facebook.mqttlite.MqttService
05-23 10:56:01.348   774   823 I ActivityManager: Start proc 16450:com.facebook.orca/u0a112 for service com.facebook.orca/com.facebook.mqttlite.MqttService
05-23 10:56:04.031   774   823 W BroadcastQueue: Permission Denial: broadcasting Intent { act=android.net.conn.CONNECTIVITY_CHANGE flg=0x4000010 (has extras) } from null (pid=-1, uid=-1) requires com.facebook.permission.prod.FB_APP_COMMUNICATION due to registered receiver BroadcastFilter{3991f5d u0 ReceiverList{7e06534 16272 com.facebook.katana/10109/u0 remote:f7a5007}}
05-23 10:56:04.031   774   823 W BroadcastQueue: Permission Denial: broadcasting Intent { act=android.net.conn.INET_CONDITION_ACTION flg=0x4000010 (has extras) } from null (pid=-1, uid=-1) requires com.facebook.permission.prod.FB_APP_COMMUNICATION due to registered receiver BroadcastFilter{3991f5d u0 ReceiverList{7e06534 16272 com.facebook.katana/10109/u0 remote:f7a5007}}
05-23 10:56:04.051   774   823 W BroadcastQueue: Permission Denial: broadcasting Intent { act=android.net.conn.CONNECTIVITY_CHANGE flg=0x4000010 (has extras) } from null (pid=-1, uid=-1) requires com.facebook.permission.prod.FB_APP_COMMUNICATION due to registered receiver BroadcastFilter{6a338ff u0 ReceiverList{276381e 16272 com.facebook.katana/10109/u0 remote:c4d5459}}
05-23 10:56:10.534   774   823 W BroadcastQueue: Permission Denial: broadcasting Intent { act=android.net.conn.CONNECTIVITY_CHANGE flg=0x4000010 (has extras) } from null (pid=-1, uid=-1) requires com.facebook.permission.prod.FB_APP_COMMUNICATION due to registered receiver BroadcastFilter{1b3424 u0 ReceiverList{61444b7 16450 com.facebook.orca/10112/u0 remote:7c9bfb6}}
05-23 10:56:10.534   774   823 W BroadcastQueue: Permission Denial: broadcasting Intent { act=android.net.conn.INET_CONDITION_ACTION flg=0x4000010 (has extras) } from null (pid=-1, uid=-1) requires com.facebook.permission.prod.FB_APP_COMMUNICATION due to registered receiver BroadcastFilter{1b3424 u0 ReceiverList{61444b7 16450 com.facebook.orca/10112/u0 remote:7c9bfb6}}
05-23 10:56:10.593   774   823 W BroadcastQueue: Permission Denial: broadcasting Intent { act=android.net.conn.CONNECTIVITY_CHANGE flg=0x4000010 (has extras) } from null (pid=-1, uid=-1) requires com.facebook.permission.prod.FB_APP_COMMUNICATION due to registered receiver BroadcastFilter{63d0f8e u0 ReceiverList{1742389 16450 com.facebook.orca/10112/u0 remote:7e96e90}}
05-23 10:56:42.633   774  2785 I ActivityManager: START u0 {act=android.intent.action.MAIN cat=[android.intent.category.HOME] flg=0x10200000 cmp=org.adwfreak.launcher/org.adw.launcherlib.Launcher (has extras)} from uid 1000 on display 0
05-23 10:56:45.749   774  3632 I ActivityManager: START u0 {act=android.intent.action.MAIN cat=[android.intent.category.LAUNCHER] flg=0x10200000 cmp=com.google.android.youtube/.app.honeycomb.Shell$HomeActivity} from uid 10105 on display 0
05-23 10:56:45.839   774 10012 I ActivityManager: Start proc 17033:com.google.android.youtube/u0a102 for activity com.google.android.youtube/.app.honeycomb.Shell$HomeActivity
05-23 10:56:46.194   774 10015 I ActivityManager: Start proc 17061:com.google.process.gapps/u0a36 for content provider com.google.android.gsf/.gservices.GservicesProvider
05-23 10:56:47.267   774  3631 I ActivityManager: START u0 {act=android.intent.action.MAIN cat=[android.intent.category.LAUNCHER] flg=0x4000000 cmp=com.google.android.youtube/com.google.android.apps.youtube.app.WatchWhileActivity (has extras)} from uid 10102 on display 0
05-23 10:56:47.326   774  4170 W ActivityManager: Permission Denial: Accessing service ComponentInfo{com.google.android.music/com.google.android.music.dial.DialMediaRouteProviderService} from pid=17033, uid=10102 that is not exported from uid 10079
05-23 10:56:47.543   774   827 E BatteryStatsService: modem info is invalid: ModemActivityInfo{ mTimestamp=66317792 mSleepTimeMs=61191105 mIdleTimeMs=-59376813 mTxTimeMs[]=[8, 2, 9, 0, 0] mRxTimeMs=70691 mEnergyUsed=0}
05-23 10:56:48.151   774 10011 I ActivityManager: Start proc 17170:com.google.android.gms.feedback/u0a36 for service com.google.android.gms/.feedback.FeedbackService
05-23 10:56:48.276   774  5987 W ActivityManager: Permission Denial: Accessing service ComponentInfo{com.google.android.music/com.google.android.music.dial.DialMediaRouteProviderService} from pid=17033, uid=10102 that is not exported from uid 10079
05-23 10:57:29.512   774 10015 W ActivityManager: Permission Denial: Accessing service ComponentInfo{com.google.android.music/com.google.android.music.dial.DialMediaRouteProviderService} from pid=17033, uid=10102 that is not exported from uid 10079
05-23 10:57:35.371   774  3632 I ActivityManager: Start proc 17404:com.google.android.gms.unstable/u0a36 for service com.google.android.gms/.droidguard.DroidGuardService
05-23 11:00:15.094   774   827 E BatteryStatsService: modem info is invalid: ModemActivityInfo{ mTimestamp=66525371 mSleepTimeMs=61191105 mIdleTimeMs=-59376813 mTxTimeMs[]=[8, 2, 9, 0, 0] mRxTimeMs=70691 mEnergyUsed=0}
05-23 11:00:15.568   774   827 E BatteryStatsService: modem info is invalid: ModemActivityInfo{ mTimestamp=66525853 mSleepTimeMs=61191105 mIdleTimeMs=-59376813 mTxTimeMs[]=[8, 2, 9, 0, 0] mRxTimeMs=70691 mEnergyUsed=0}
05-23 11:00:48.161   774   822 I UsageStatsService: User[0] Flushing usage stats to disk
05-23 11:00:57.099   774  3633 I ActivityManager: START u0 {flg=0x10804000 cmp=com.android.systemui/.recents.RecentsActivity} from uid 10033 on display 0
05-23 11:00:58.019   774  5987 I ActivityManager: Killing 17033:com.google.android.youtube/u0a102 (adj 906): remove task
05-23 11:00:58.144   774 10013 D ActivityManager: cleanUpApplicationRecord -- 17033
05-23 11:00:58.144   774 15544 D ConnectivityService: ConnectivityService NetworkRequestInfo binderDied(NetworkRequest [ LISTEN id=127, [ Capabilities: INTERNET&NOT_RESTRICTED&TRUSTED] ], android.os.BinderProxy@9cd5360)
05-23 11:00:58.147   774 10014 I WindowManager: WIN DEATH: Window{fbb249b u0 SurfaceView - com.google.android.youtube/com.google.android.apps.youtube.app.WatchWhileActivity}
05-23 11:00:58.150   774  2799 E ConnectivityService: RemoteException caught trying to send a callback msg for NetworkRequest [ LISTEN id=127, [ Capabilities: INTERNET&NOT_RESTRICTED&TRUSTED] ]
05-23 11:00:58.153   774  4170 I WindowManager: WIN DEATH: Window{aa3d453 u0 com.google.android.youtube/com.google.android.apps.youtube.app.WatchWhileActivity}
05-23 11:00:58.228   774  4169 E ActivityManager: applyOptionsLocked: Unknown animationType=0
05-23 11:01:04.781   774  2785 I ActivityManager: START u0 {act=android.intent.action.MAIN cat=[android.intent.category.HOME] flg=0x10200000 cmp=org.adwfreak.launcher/org.adw.launcherlib.Launcher (has extras)} from uid 1000 on display 0
05-23 11:01:05.926   774 10013 I ActivityManager: START u0 {act=android.intent.action.MAIN cat=[android.intent.category.LAUNCHER] flg=0x10200000 cmp=com.kakao.talk/.activity.SplashActivity bnds=[29,1352][223,1599]} from uid 10105 on display 0
05-23 11:01:09.191   774  3242 I ActivityManager: START u0 {flg=0x4000000 cmp=com.kakao.talk/.activity.chat.ChatRoomActivity (has extras)} from uid 10100 on display 0
05-23 11:01:12.768   774 15544 I ActivityManager: START u0 {flg=0x4000000 cmp=com.kakao.talk/.activity.media.gallery.MediaAlbumActivity (has extras)} from uid 10100 on display 0
05-23 11:01:31.354   774  4170 I ActivityManager: START u0 {flg=0x24000000 cmp=com.kakao.talk/.activity.media.gallery.PhotoViewActivity (has extras)} from uid 10100 on display 0
05-23 11:01:38.774   774   827 E BatteryStatsService: modem info is invalid: ModemActivityInfo{ mTimestamp=66609065 mSleepTimeMs=61191105 mIdleTimeMs=-59376813 mTxTimeMs[]=[8, 2, 9, 0, 0] mRxTimeMs=70691 mEnergyUsed=0}
05-23 11:01:44.013   774   774 D ZenLog  : intercepted: 0|com.kakao.talk|2|44931761299524|10100,alarmsOnly
05-23 11:01:44.014   774   774 V NotificationService: pkg=com.kakao.talk canInterrupt=false intercept=true
05-23 11:01:44.286   774  4166 I ActivityManager: Setting hasTopUi=true for pid=2891
05-23 11:01:44.290   774  8203 I ActivityManager: Setting hasTopUi=false for pid=2891
05-23 11:01:44.364   774  2861 I ActivityManager: Setting hasTopUi=true for pid=2891
05-23 11:01:47.702   774   774 D ZenLog  : intercepted: 0|com.kakao.talk|1|null|10100,alarmsOnly
05-23 11:01:47.703   774   774 V NotificationService: pkg=com.kakao.talk canInterrupt=false intercept=true
05-23 11:01:47.714   774   774 D ZenLog  : intercepted: 0|com.kakao.talk|2|133933966818567|10100,alarmsOnly
05-23 11:01:47.716   774   774 V NotificationService: pkg=com.kakao.talk canInterrupt=false intercept=true
05-23 11:01:51.105   774   774 V NotificationService: pkg=com.kakao.talk canInterrupt=false intercept=true
05-23 11:01:51.116   774   774 D ZenLog  : intercepted: 0|com.kakao.talk|2|44931761299524|10100,alarmsOnly
05-23 11:01:51.118   774   774 V NotificationService: pkg=com.kakao.talk canInterrupt=false intercept=true
05-23 11:01:51.249   774  3243 I ActivityManager: Setting hasTopUi=false for pid=2891
05-23 11:01:51.295   774 10010 I ActivityManager: Setting hasTopUi=true for pid=2891
05-23 11:01:52.177   774   774 V NotificationService: pkg=com.kakao.talk canInterrupt=false intercept=true
05-23 11:01:53.496   774  3539 I ActivityManager: Setting hasTopUi=false for pid=2891
05-23 11:01:56.946   774   774 V NotificationService: pkg=com.kakao.talk canInterrupt=false intercept=true
05-23 11:01:56.956   774   774 D ZenLog  : intercepted: 0|com.kakao.talk|2|44931761299524|10100,alarmsOnly
05-23 11:01:56.958   774   774 V NotificationService: pkg=com.kakao.talk canInterrupt=false intercept=true
05-23 11:01:57.032   774  2861 I ActivityManager: Setting hasTopUi=true for pid=2891
05-23 11:01:57.034   774 10011 I ActivityManager: Setting hasTopUi=false for pid=2891
05-23 11:01:57.076   774  3634 I ActivityManager: Setting hasTopUi=true for pid=2891
05-23 11:02:00.247   774  4169 I ActivityManager: START u0 {flg=0x24000000 cmp=com.kakao.talk/.activity.media.gallery.PhotoViewActivity (has extras)} from uid 10100 on display 0
05-23 11:02:02.816   774  4170 I ActivityManager: Setting hasTopUi=false for pid=2891
05-23 11:02:15.496  2891  2891 V DeadZone: consuming errant click: (251.0,24.0)
05-23 11:02:23.961   774  2785 I ActivityManager: START u0 {act=android.intent.action.MAIN cat=[android.intent.category.HOME] flg=0x10200000 cmp=org.adwfreak.launcher/org.adw.launcherlib.Launcher (has extras)} from uid 1000 on display 0
05-23 11:02:25.762   774  4169 I ActivityManager: Start proc 18079:android.process.acore/u0a1 for content provider com.android.providers.contacts/.ContactsProvider2
05-23 11:02:25.805   774  3633 I ActivityManager: Setting hasTopUi=true for pid=2891
05-23 11:02:27.185   774  4169 I ActivityManager: START u0 {cmp=com.kakao.talk/.activity.control.NotificationControlActivity (has extras)} from uid 10100 on display 0
05-23 11:02:27.185   774  4169 W ActivityManager: startActivity called from non-Activity context; forcing Intent.FLAG_ACTIVITY_NEW_TASK for: Intent { cmp=com.kakao.talk/.activity.control.NotificationControlActivity (has extras) }
05-23 11:02:27.195   774 10014 E ActivityManager: applyOptionsLocked: Unknown animationType=0
05-23 11:02:27.251   774  8203 I ActivityManager: START u0 {flg=0x4000000 cmp=com.kakao.talk/.activity.chat.ChatRoomActivity (has extras)} from uid 10100 on display 0
05-23 11:02:27.262   774  4132 W ActivityManager: Duplicate finish request for ActivityRecord{c0960a6 u0 com.kakao.talk/.activity.control.NotificationControlActivity t1641 f}
05-23 11:02:27.302   774 13362 W ActivityManager: Duplicate finish request for ActivityRecord{28a48d8 u0 com.kakao.talk/.activity.chat.ChatRoomActivity t1641 f}
05-23 11:02:27.505   774  3243 I ActivityManager: Setting hasTopUi=false for pid=2891
05-23 11:02:29.671   774  2785 I ActivityManager: START u0 {act=android.intent.action.MAIN cat=[android.intent.category.HOME] flg=0x10200000 cmp=org.adwfreak.launcher/org.adw.launcherlib.Launcher (has extras)} from uid 1000 on display 0
05-23 11:02:30.815   774  5987 I ActivityManager: START u0 {act=android.intent.action.MAIN cat=[android.intent.category.LAUNCHER] flg=0x10200000 cmp=com.com2us.smon.normal.freefull.google.kr.android.common/.SubActivity bnds=[581,1352][775,1599]} from uid 10105 on display 0
05-23 11:02:30.861   774  5987 I WindowManager: setFocusedApp token: Token{551e8c7 ActivityRecord{462a06 u0 com.com2us.smon.normal.freefull.google.kr.android.common/.SubActivity t1648}} requestedOrientation: 6
05-23 11:02:30.918   774   794 I ActivityManager: Start proc 18133:com.com2us.smon.normal.freefull.google.kr.android.common/u0a90 for activity com.com2us.smon.normal.freefull.google.kr.android.common/.SubActivity
05-23 11:02:30.987   774  3539 W LocalDisplayAdapter: Unable to find color mode 0, ignoring request.
05-23 11:02:31.004   774  3539 I ActivityManager: Config changes=480 {1.0 450mcc8mnc [ko_KR] ldltr sw411dp w683dp h387dp 420dpi nrml land finger -keyb/v/h -nav/h s.26}
05-23 11:02:32.966   774   850 W WindowManager: Window freeze timeout expired.
05-23 11:02:32.966   774   850 W WindowManager: Force clearing orientation change: Window{c7d288c u0 Starting com.com2us.smon.normal.freefull.google.kr.android.common}
05-23 11:02:33.004   774   850 W WindowManager: App freeze timeout expired.
05-23 11:02:33.004   774   850 W WindowManager: Force clearing freeze: AppWindowToken{dce0660 token=Token{551e8c7 ActivityRecord{462a06 u0 com.com2us.smon.normal.freefull.google.kr.android.common/.SubActivity t1648}}}
05-23 11:02:33.006   774   850 I WindowManager: Screen frozen for +2s33ms due to Window{c7d288c u0 Starting com.com2us.smon.normal.freefull.google.kr.android.common}
05-23 11:02:34.538   774 10015 W AppOps  : Bad call: specified package com.google.android.play.games under uid 10090 but it is really 10114
05-23 11:02:34.538   774 10015 W AppOps  : java.lang.RuntimeException: here
05-23 11:02:34.538   774 10015 W AppOps  : 	at com.android.server.AppOpsService.getOpsRawLocked(AppOpsService.java:1257)
05-23 11:02:34.538   774 10015 W AppOps  : 	at com.android.server.AppOpsService.checkPackage(AppOpsService.java:976)
05-23 11:02:34.538   774 10015 W AppOps  : 	at com.android.internal.app.IAppOpsService$Stub.onTransact(IAppOpsService.java:169)
05-23 11:02:34.538   774 10015 W AppOps  : 	at android.os.Binder.execTransact(Binder.java:565)
05-23 11:02:35.344   774 10011 I ActivityManager: Start proc 18250:com.google.android.youtube/u0a102 for service com.google.android.youtube/com.google.android.libraries.youtube.common.gcore.gcoreclient.gcm.impl.GcmTaskServiceDelegator
05-23 11:02:36.568   774 10012 W ActivityManager: Permission Denial: Accessing service ComponentInfo{com.google.android.music/com.google.android.music.dial.DialMediaRouteProviderService} from pid=18250, uid=10102 that is not exported from uid 10079
05-23 11:02:36.612   774  8203 W AppOps  : Bad call: specified package com.google.android.play.games under uid 10090 but it is really 10114
05-23 11:02:36.612   774  8203 W AppOps  : java.lang.RuntimeException: here
05-23 11:02:36.612   774  8203 W AppOps  : 	at com.android.server.AppOpsService.getOpsRawLocked(AppOpsService.java:1257)
05-23 11:02:36.612   774  8203 W AppOps  : 	at com.android.server.AppOpsService.checkPackage(AppOpsService.java:976)
05-23 11:02:36.612   774  8203 W AppOps  : 	at com.android.internal.app.IAppOpsService$Stub.onTransact(IAppOpsService.java:169)
05-23 11:02:36.612   774  8203 W AppOps  : 	at android.os.Binder.execTransact(Binder.java:565)
05-23 11:02:36.613   774  2861 W AppOps  : Bad call: specified package com.google.android.play.games under uid 10090 but it is really 10114
05-23 11:02:36.613   774  2861 W AppOps  : java.lang.RuntimeException: here
05-23 11:02:36.613   774  2861 W AppOps  : 	at com.android.server.AppOpsService.getOpsRawLocked(AppOpsService.java:1257)
05-23 11:02:36.613   774  2861 W AppOps  : 	at com.android.server.AppOpsService.checkPackage(AppOpsService.java:976)
05-23 11:02:36.613   774  2861 W AppOps  : 	at com.android.internal.app.IAppOpsService$Stub.onTransact(IAppOpsService.java:169)
05-23 11:02:36.613   774  2861 W AppOps  : 	at android.os.Binder.execTransact(Binder.java:565)
05-23 11:02:37.232   774   793 W AppOps  : Bad call: specified package com.google.android.play.games under uid 10090 but it is really 10114
05-23 11:02:37.232   774   793 W AppOps  : java.lang.RuntimeException: here
05-23 11:02:37.232   774   793 W AppOps  : 	at com.android.server.AppOpsService.getOpsRawLocked(AppOpsService.java:1257)
05-23 11:02:37.232   774   793 W AppOps  : 	at com.android.server.AppOpsService.checkPackage(AppOpsService.java:976)
05-23 11:02:37.232   774   793 W AppOps  : 	at com.android.internal.app.IAppOpsService$Stub.onTransact(IAppOpsService.java:169)
05-23 11:02:37.232   774   793 W AppOps  : 	at android.os.Binder.execTransact(Binder.java:565)
05-23 11:02:37.232   774 10011 W AppOps  : Bad call: specified package com.google.android.play.games under uid 10090 but it is really 10114
05-23 11:02:37.232   774 10011 W AppOps  : java.lang.RuntimeException: here
05-23 11:02:37.232   774 10011 W AppOps  : 	at com.android.server.AppOpsService.getOpsRawLocked(AppOpsService.java:1257)
05-23 11:02:37.232   774 10011 W AppOps  : 	at com.android.server.AppOpsService.checkPackage(AppOpsService.java:976)
05-23 11:02:37.232   774 10011 W AppOps  : 	at com.android.internal.app.IAppOpsService$Stub.onTransact(IAppOpsService.java:169)
05-23 11:02:37.232   774 10011 W AppOps  : 	at android.os.Binder.execTransact(Binder.java:565)
05-23 11:02:38.800   774   823 I ProcessStatsService: Prepared write state in 23ms
05-23 11:03:03.133   774   774 D ZenLog  : intercepted: 0|com.kakao.talk|2|133933966818567|10100,alarmsOnly
05-23 11:03:03.135   774   774 V NotificationService: pkg=com.kakao.talk canInterrupt=false intercept=true
05-23 11:03:08.469   774   774 V NotificationService: pkg=com.kakao.talk canInterrupt=false intercept=true
05-23 11:03:26.715   774   824 W LocalDisplayAdapter: Unable to find color mode 0, ignoring request.
05-23 11:03:26.993   774   850 I WindowManager: Screen frozen for +334ms due to Window{e12b96d u0 com.com2us.smon.normal.freefull.google.kr.android.common/com.com2us.smon.normal.freefull.google.kr.android.common.SubActivity}
05-23 11:03:27.212   774  2859 I ActivityManager: Process com.aboutjsp.thedaybefore (pid 5004) has died
05-23 11:03:27.212   774  2859 D ActivityManager: cleanUpApplicationRecord -- 5004
05-23 11:03:27.213   774  2859 W ActivityManager: Scheduling restart of crashed service com.aboutjsp.thedaybefore/com.mNewsK.sdk.cApp.CAppService in 1000ms
05-23 11:03:28.268   774   823 I ActivityManager: Start proc 18598:com.aboutjsp.thedaybefore/u0a97 for service com.aboutjsp.thedaybefore/com.mNewsK.sdk.cApp.CAppService
05-23 11:03:28.863   774   827 E BatteryStatsService: modem info is invalid: ModemActivityInfo{ mTimestamp=66719133 mSleepTimeMs=61191105 mIdleTimeMs=-59376813 mTxTimeMs[]=[8, 2, 9, 0, 0] mRxTimeMs=70691 mEnergyUsed=0}
05-23 11:04:59.517   774  2861 I ActivityManager: Setting hasTopUi=true for pid=2891
05-23 11:04:59.806   774  3242 I ActivityManager: Process android.process.acore (pid 18079) has died
05-23 11:04:59.806   774  3242 D ActivityManager: cleanUpApplicationRecord -- 18079
05-23 11:04:59.857   774 15544 I ActivityManager: Process com.sand.airdroid (pid 5124) has died
05-23 11:04:59.857   774 15544 D ActivityManager: cleanUpApplicationRecord -- 5124
05-23 11:04:59.858   774 15544 W ActivityManager: Scheduling restart of crashed service com.sand.airdroid/.services.TransferSendService in 1000ms
05-23 11:05:00.034   774  3632 I ActivityManager: Process com.google.android.youtube (pid 18250) has died
05-23 11:05:00.034   774  3632 D ActivityManager: cleanUpApplicationRecord -- 18250
05-23 11:05:00.035   774   794 D ConnectivityService: ConnectivityService NetworkRequestInfo binderDied(NetworkRequest [ LISTEN id=130, [ Capabilities: INTERNET&NOT_RESTRICTED&TRUSTED] ], android.os.BinderProxy@19c097b)
05-23 11:05:00.241   774  2799 E ConnectivityService: RemoteException caught trying to send a callback msg for NetworkRequest [ LISTEN id=130, [ Capabilities: INTERNET&NOT_RESTRICTED&TRUSTED] ]
05-23 11:05:00.953   774   823 I ActivityManager: Start proc 18717:com.sand.airdroid/u0a12 for service com.sand.airdroid/.services.TransferSendService
05-23 11:05:01.358   774 10014 W InputMethodManagerService: Window already focused, ignoring focus gain of: com.android.internal.view.IInputMethodClient$Stub$Proxy@1de7144 attribute=android.view.inputmethod.EditorInfo@d1222d, token = android.os.BinderProxy@fd6dd84
05-23 11:05:01.373   774  8203 I ActivityManager: Setting hasTopUi=false for pid=2891
05-23 11:05:16.484   774  4170 I ActivityManager: Process com.google.android.gms.unstable (pid 17404) has died
05-23 11:05:16.485   774  4170 D ActivityManager: cleanUpApplicationRecord -- 17404
05-23 11:05:22.754   774  4166 I ActivityManager: Process com.google.process.gapps (pid 17061) has died
05-23 11:05:22.754   774  4166 D ActivityManager: cleanUpApplicationRecord -- 17061
05-23 11:05:24.050   774 10015 I ActivityManager: Process com.ktshow.cs (pid 14813) has died
05-23 11:05:24.051   774 10015 D ActivityManager: cleanUpApplicationRecord -- 14813
05-23 11:05:26.967   774   827 E BatteryStatsService: modem info is invalid: ModemActivityInfo{ mTimestamp=66837237 mSleepTimeMs=61191105 mIdleTimeMs=-59376813 mTxTimeMs[]=[8, 2, 9, 0, 0] mRxTimeMs=70691 mEnergyUsed=0}
05-23 11:06:44.534   774   823 I ActivityManager: Start proc 19299:com.ktshow.cs/u0a107 for broadcast com.ktshow.cs/.widget.WidgetProvider4
05-23 11:06:44.639 19299 19299 W ActivityThread: Application com.ktshow.cs can be debugged on port 8100...
05-23 11:07:42.790   774   827 E BatteryStatsService: modem info is invalid: ModemActivityInfo{ mTimestamp=66973082 mSleepTimeMs=61191105 mIdleTimeMs=-59376813 mTxTimeMs[]=[8, 2, 9, 0, 0] mRxTimeMs=70691 mEnergyUsed=0}
05-23 11:08:56.617   774  8203 I ActivityManager: Setting hasTopUi=true for pid=2891
05-23 11:08:56.726   774  8204 I ActivityManager: Process com.ktshow.cs (pid 19299) has died
05-23 11:08:56.726   774  8204 D ActivityManager: cleanUpApplicationRecord -- 19299
05-23 11:08:56.874   774  3243 I ActivityManager: Process com.google.android.apps.messaging:rcs (pid 9583) has died
05-23 11:08:56.874   774  3243 D ActivityManager: cleanUpApplicationRecord -- 9583
05-23 11:08:56.879   774  3243 W ActivityManager: Scheduling restart of crashed service com.google.android.apps.messaging/com.google.android.rcs.service.service.JibeService in 1000ms
05-23 11:08:56.979   774 15544 I ActivityManager: Process com.google.android.ims (pid 16379) has died
05-23 11:08:56.979   774 15544 D ActivityManager: cleanUpApplicationRecord -- 16379
05-23 11:08:57.901   774   823 I ActivityManager: Start proc 19686:com.google.android.apps.messaging:rcs/u0a76 for service com.google.android.apps.messaging/com.google.android.rcs.service.service.JibeService
05-23 11:08:58.184   774 10011 I ActivityManager: Process com.qualcomm.telephony (pid 7475) has died
05-23 11:08:58.184   774 10011 D ActivityManager: cleanUpApplicationRecord -- 7475
05-23 11:08:58.184   774 10011 W ActivityManager: Scheduling restart of crashed service com.qualcomm.atfwd/.AtFwdService in 1000ms
05-23 11:08:58.189   774 10014 D ZenLog  : config: Tile.DndTile,ZenModeConfig[user=0,allowCalls=true,allowRepeatCallers=false,allowMessages=false,allowCallsFrom=contacts,allowMessagesFrom=contacts,allowReminders=true,allowEvents=true,allowWhenScreenOff=true,allowWhenScreenOn=true,automaticRules={c35a3e56e8984457b66e0549ae0463aa=ZenRule[enabled=false,snoozing=false,name=Weeknight,zenMode=ZEN_MODE_ALARMS,conditionId=condition://android/schedule?days=1.2.3.4.5&start=22.0&end=7.0&exitAtAlarm=false,condition=Condition[id=condition://android/schedule?days=1.2.3.4.5&start=22.0&end=7.0&exitAtAlarm=false,summary=...,line1=...,line2=...,icon=0,state=STATE_FALSE,flags=2],component=ComponentInfo{android/com.android.server.notification.ScheduleConditionProvider},id=c35a3e56e8984457b66e0549ae0463aa,creationTime=45827593093,enabler=null], ab02de16d8a14d62bb1956cedf0f5829=ZenRule[enabled=false,snoozing=false,name=Weekend,zenMode=ZEN_MODE_ALARMS,conditionId=condition://android/schedule?days=6.7&start=23.30&end=10.0&exitAtAlarm=false,condition=Condition[id=condition://android/schedule?days=6.7&start=23.30&end=10.0&exitAtAlarm=false,summary=...,line1=...,line2=...,icon=0,state=STATE_FALSE,flags=2],component=ComponentInfo{android/com.android.server.notification.ScheduleConditionProvider},id=ab02de16d8a14d62bb1956cedf0f5829,creationTime=45827593093,enabler=null], f440e8f7200944979b29e2ab2fe01030=ZenRule[enabled=false,snoozing=false,name=Event,zenMode=ZEN_MODE_ALARMS,conditionId=condition://android/event?userId=-10000&calendar=&reply=1,condition=Condition[id=condition://android/event?userId=-10000&calendar=&reply=1,summary=...,line1=...,line2=...,icon=0,state=STATE_FALSE,flags=2],component=ComponentInfo{android/com.android.server.notification.EventConditionProvider},id=f440e8f7200944979b29e2ab2fe01030,creationTime=45827593094,enabler=null]},manualRule=null],Diff[manualRule:delete]
05-23 11:08:58.249   774   794 I ActivityManager: Process com.qualcomm.qcrilmsgtunnel (pid 7359) has died
05-23 11:08:58.249   774   794 D ActivityManager: cleanUpApplicationRecord -- 7359
05-23 11:08:58.249   774   794 W ActivityManager: Scheduling restart of crashed service com.qualcomm.qcrilmsgtunnel/.QcrilMsgTunnelService in 10935ms
05-23 11:08:58.312   774  4169 I ActivityManager: Start proc 19706:com.google.process.gapps/u0a36 for content provider com.google.android.gsf/.gservices.GservicesProvider
05-23 11:08:58.314   774   774 D ZenLog  : set_zen_mode: off,Tile.DndTile
05-23 11:08:58.326   774   774 D ZenLog  : set_ringer_mode_internal: ZenModeHelper,i:silent->vibrate,e:silent->vibrate
05-23 11:08:58.427   774   823 I ActivityManager: Start proc 19724:com.android.settings/1000 for broadcast com.android.settings/.dashboard.conditional.DndCondition$Receiver
05-23 11:08:59.212   774   823 I ActivityManager: Start proc 19748:com.qualcomm.telephony/1000 for service com.qualcomm.atfwd/.AtFwdService
05-23 11:08:59.579   774  4170 I ActivityManager: Process com.android.settings (pid 19724) has died
05-23 11:08:59.579   774  4170 D ActivityManager: cleanUpApplicationRecord -- 19724
05-23 11:08:59.839   774  4166 I ActivityManager: Setting hasTopUi=false for pid=2891
05-23 11:08:59.845   774 10010 W InputMethodManagerService: Window already focused, ignoring focus gain of: com.android.internal.view.IInputMethodClient$Stub$Proxy@df470b attribute=null, token = android.os.BinderProxy@fd6dd84
05-23 11:09:00.087   774  3631 I ActivityManager: Start proc 19776:com.google.android.ims/u0a5 for service com.google.android.ims/.services.NetworkConnectionsService
05-23 11:09:02.455   774  3633 I ActivityManager: Start proc 19834:com.ktshow.cs/u0a107 for broadcast com.ktshow.cs/.widget.WidgetProvider4
05-23 11:09:02.507 19834 19834 W ActivityThread: Application com.ktshow.cs can be debugged on port 8100...
05-23 11:09:06.721   774  4132 I ActivityManager: Process cloudtv.hdwidgets (pid 6994) has died
05-23 11:09:06.721   774  4132 D ActivityManager: cleanUpApplicationRecord -- 6994
05-23 11:09:06.721   774  4132 W ActivityManager: Scheduling restart of crashed service cloudtv.hdwidgets/.services.WidgetUpdaterService in 12463ms
05-23 11:09:09.209   774   823 I ActivityManager: Start proc 19876:com.qualcomm.qcrilmsgtunnel/1001 for service com.qualcomm.qcrilmsgtunnel/.QcrilMsgTunnelService
05-23 11:09:19.216   774   823 I ActivityManager: Start proc 20038:cloudtv.hdwidgets/u0a99 for service cloudtv.hdwidgets/.services.WidgetUpdaterService
05-23 11:09:22.882   774  3633 I ActivityManager: Process com.google.process.gapps (pid 19706) has died
05-23 11:09:22.882   774  3633 D ActivityManager: cleanUpApplicationRecord -- 19706
05-23 11:09:48.314   774   827 E BatteryStatsService: modem info is invalid: ModemActivityInfo{ mTimestamp=67098591 mSleepTimeMs=61191105 mIdleTimeMs=-59376813 mTxTimeMs[]=[8, 2, 9, 0, 0] mRxTimeMs=70691 mEnergyUsed=0}
05-23 11:12:36.882   774   827 E BatteryStatsService: modem info is invalid: ModemActivityInfo{ mTimestamp=67267154 mSleepTimeMs=61191105 mIdleTimeMs=-59376813 mTxTimeMs[]=[8, 2, 9, 0, 0] mRxTimeMs=70691 mEnergyUsed=0}
05-23 11:13:45.406   774  2861 I ActivityManager: Start proc 21104:com.google.process.gapps/u0a36 for content provider com.google.android.gsf/.gservices.GservicesProvider
05-23 11:14:52.803   774   827 E BatteryStatsService: modem info is invalid: ModemActivityInfo{ mTimestamp=67403092 mSleepTimeMs=61191105 mIdleTimeMs=-59376813 mTxTimeMs[]=[8, 2, 9, 0, 0] mRxTimeMs=70691 mEnergyUsed=0}
05-23 11:15:00.289   774  2859 I ActivityManager: Process com.ktshow.cs (pid 19834) has died
05-23 11:15:00.289   774  2859 D ActivityManager: cleanUpApplicationRecord -- 19834
05-23 11:16:02.365   774   823 I ActivityManager: Start proc 21537:com.ktshow.cs/u0a107 for broadcast com.ktshow.cs/.widget.WidgetProvider4
