05-23 12:21:38.162   774   850 W LocalDisplayAdapter: Unable to find color mode 0, ignoring request.
05-23 12:21:38.411   774   852 I DisplayPowerController: Unblocked screen on after 276 ms
05-23 12:21:41.867   774  2786 I PowerManagerService: Going to sleep due to power button (uid 1000)...
05-23 12:21:41.889   774   774 V FingerprintService: startAuthentication(com.android.systemui)
05-23 12:21:41.889   774   774 V FingerprintService: starting client AuthenticationClient(com.android.systemui), initiatedByClient = true)
05-23 12:21:41.890   774   774 W FingerprintService: client com.android.systemui is authenticating...
05-23 12:21:42.211   774   850 I DisplayManagerService: Display device changed state: "  ", OFF
05-23 12:21:42.213   774   850 W LocalDisplayAdapter: Unable to find color mode 0, ignoring request.
05-23 12:21:42.390   774   852 I PowerManagerService: Sleeping (uid 1000)...
05-23 12:21:42.595   774   824 I WindowManager: OverscanTimeout run
05-23 12:21:42.747   774  3631 I ActivityManager: START u0 {flg=0x14000000 cmp=com.nexon.nxplay/.playrock.screen.NXPLockScreenActivity} from uid 10096 on display 0
05-23 12:22:01.327   774   827 E KernelCpuSpeedReader: Failed to read cpu-freq: /sys/devices/system/cpu/cpu4/cpufreq/stats/time_in_state (No such file or directory)
05-23 12:23:19.417   774   827 E KernelCpuSpeedReader: Failed to read cpu-freq: /sys/devices/system/cpu/cpu4/cpufreq/stats/time_in_state (No such file or directory)
05-23 12:23:43.309   774   827 E KernelCpuSpeedReader: Failed to read cpu-freq: /sys/devices/system/cpu/cpu4/cpufreq/stats/time_in_state (No such file or directory)
05-23 12:23:43.414   774 10015 D ConnectivityService: Returning unblocked NetworkInfo to uid=10112
05-23 12:23:43.459   774  3631 D ConnectivityService: Returning unblocked NetworkInfo to uid=10109
05-23 12:23:43.572   774   827 E KernelCpuSpeedReader: Failed to read cpu-freq: /sys/devices/system/cpu/cpu4/cpufreq/stats/time_in_state (No such file or directory)
05-23 12:23:44.027   774   823 E KernelCpuSpeedReader: Failed to read cpu-freq: /sys/devices/system/cpu/cpu4/cpufreq/stats/time_in_state (No such file or directory)
05-23 12:23:58.380   774   827 E KernelCpuSpeedReader: Failed to read cpu-freq: /sys/devices/system/cpu/cpu4/cpufreq/stats/time_in_state (No such file or directory)
05-23 12:26:01.493   774   827 E KernelCpuSpeedReader: Failed to read cpu-freq: /sys/devices/system/cpu/cpu4/cpufreq/stats/time_in_state (No such file or directory)
05-23 12:26:06.792   774   823 E KernelCpuSpeedReader: Failed to read cpu-freq: /sys/devices/system/cpu/cpu4/cpufreq/stats/time_in_state (No such file or directory)
05-23 12:26:54.289   774   827 E KernelCpuSpeedReader: Failed to read cpu-freq: /sys/devices/system/cpu/cpu4/cpufreq/stats/time_in_state (No such file or directory)
05-23 12:27:02.064   774   827 E KernelCpuSpeedReader: Failed to read cpu-freq: /sys/devices/system/cpu/cpu4/cpufreq/stats/time_in_state (No such file or directory)
05-23 12:27:02.088   774   822 E SyncManager: Job params not found for 100092
05-23 12:27:02.132   774 15544 D ConnectivityService: Returning blocked NetworkInfo to uid=10109
05-23 12:27:02.162   774  2861 D ConnectivityService: Returning blocked NetworkInfo to uid=10112
05-23 12:27:13.120   774   823 E KernelCpuSpeedReader: Failed to read cpu-freq: /sys/devices/system/cpu/cpu4/cpufreq/stats/time_in_state (No such file or directory)
05-23 12:27:25.567   774  2859 D ConnectivityService: Returning blocked NetworkInfo to uid=10100
05-23 12:27:35.613   774   823 E KernelCpuSpeedReader: Failed to read cpu-freq: /sys/devices/system/cpu/cpu4/cpufreq/stats/time_in_state (No such file or directory)
05-23 12:27:42.151   774   827 E KernelCpuSpeedReader: Failed to read cpu-freq: /sys/devices/system/cpu/cpu4/cpufreq/stats/time_in_state (No such file or directory)
05-23 12:27:47.108   774   823 E KernelCpuSpeedReader: Failed to read cpu-freq: /sys/devices/system/cpu/cpu4/cpufreq/stats/time_in_state (No such file or directory)
05-23 12:27:51.156   774   827 E KernelCpuSpeedReader: Failed to read cpu-freq: /sys/devices/system/cpu/cpu4/cpufreq/stats/time_in_state (No such file or directory)
05-23 12:28:00.723   774   823 E KernelCpuSpeedReader: Failed to read cpu-freq: /sys/devices/system/cpu/cpu4/cpufreq/stats/time_in_state (No such file or directory)
05-23 12:28:06.308   774   827 E KernelCpuSpeedReader: Failed to read cpu-freq: /sys/devices/system/cpu/cpu4/cpufreq/stats/time_in_state (No such file or directory)
05-23 12:28:26.356   774  2786 I PowerManagerService: Waking up from sleep (uid 1000)...
05-23 12:28:26.376   774   852 E KernelCpuSpeedReader: Failed to read cpu-freq: /sys/devices/system/cpu/cpu4/cpufreq/stats/time_in_state (No such file or directory)
05-23 12:28:26.386   774   852 I DisplayPowerController: Blocking screen on until initial contents have been drawn.
05-23 12:28:26.401   774   774 V FingerprintService: stop client com.android.systemui
05-23 12:28:26.404   774   850 I DisplayManagerService: Display device changed state: "  ", ON
05-23 12:28:26.412   774   850 W LocalDisplayAdapter: Unable to find color mode 0, ignoring request.
05-23 12:28:26.413   774   774 W FingerprintService: client com.android.systemui is no longer authenticating
05-23 12:28:26.419   774   774 V FingerprintService: Done with client: com.android.systemui
05-23 12:28:26.419   774   774 V FingerprintService: handleError(client=com.android.systemui, error = 5)
05-23 12:28:26.637   774   852 I DisplayPowerController: Unblocked screen on after 251 ms
05-23 12:28:27.208   774 10011 W LocalDisplayAdapter: Unable to find color mode 0, ignoring request.
05-23 12:28:27.265   774 10011 I ActivityManager: Setting hasTopUi=true for pid=2891
05-23 12:28:27.372   774   774 V FingerprintService: startAuthentication(com.android.systemui)
05-23 12:28:27.372   774   774 V FingerprintService: starting client AuthenticationClient(com.android.systemui), initiatedByClient = true)
05-23 12:28:27.372   774   774 W FingerprintService: client com.android.systemui is authenticating...
05-23 12:28:27.824   774   774 V FingerprintService: onAuthenticated(owner=com.android.systemui, id=-866406720, gp=0)
05-23 12:28:27.843   774   774 V FingerprintService: Done with client: com.android.systemui
05-23 12:28:28.151   774  3632 I ActivityManager: Setting hasTopUi=false for pid=2891
05-23 12:28:28.859   774 10013 I ActivityManager: START u0 {act=android.intent.action.MAIN cat=[android.intent.category.LAUNCHER] flg=0x10200000 cmp=com.facebook.katana/.LoginActivity bnds=[857,1352][1051,1599]} from uid 10105 on display 0
05-23 12:28:29.362   774  5987 D ConnectivityService: Returning unblocked NetworkInfo to uid=10109
05-23 12:28:29.771   774  8204 I ActivityManager: Start proc 2278:com.facebook.katana:videoplayer/u0a109 for service com.facebook.katana/com.facebook.video.vps.VideoPlayerService
05-23 12:28:30.233   774  3632 I ActivityManager: Start proc 2318:android.process.media/u0a14 for content provider com.android.providers.media/.MediaProvider
05-23 12:28:34.310   774  3243 I ActivityManager: Start proc 2423:com.facebook.katana:browser/u0a109 for service com.facebook.katana/com.facebook.browser.lite.BrowserLiteIntentService
05-23 12:28:41.796   774  3242 W ActivityManager: Permission Denial: Accessing service ComponentInfo{com.google.android.music/com.google.android.music.dial.DialMediaRouteProviderService} from pid=25758, uid=10109 that is not exported from uid 10079
05-23 12:28:46.578   774 10010 D ConnectivityService: Returning unblocked NetworkInfo to uid=10100
05-23 12:28:51.344   774   827 E BatteryStatsService: modem info is invalid: ModemActivityInfo{ mTimestamp=71842371 mSleepTimeMs=66675398 mIdleTimeMs=-64721274 mTxTimeMs[]=[0, 6, 3, 2, 0] mRxTimeMs=58150 mEnergyUsed=0}
05-23 12:29:01.947   774  8204 I ActivityManager: START u0 {cmp=com.facebook.katana/.activity.FbMainTabFinisherActivity} from uid 10109 on display 0
05-23 12:29:03.153   774  4166 I ActivityManager: START u0 {act=android.intent.action.MAIN cat=[android.intent.category.LAUNCHER] flg=0x10200000 cmp=com.nhn.android.search/.ui.pages.SearchHomePage bnds=[648,1565][864,1731]} from uid 10105 on display 0
05-23 12:29:03.327   774  3243 I ActivityManager: START u0 {flg=0x24000000 cmp=com.nhn.android.search/.proto.MainActivity (has extras)} from uid 10104 on display 0
05-23 12:29:03.418   774  3243 V PackageManager: DENY ephemeral apps; pkg: com.nhn.android.search, status: 2
05-23 12:29:07.948   774  3243 I ActivityManager: START u0 {flg=0x20000000 cmp=com.nhn.android.search/.ui.control.searchwindow.suggest.SearchWindowSuggestListActivity} from uid 10104 on display 0
05-23 12:29:12.324   774  8203 I ActivityManager: START u0 {dat=https://m.search.naver.com/... flg=0x24000000 cmp=com.nhn.android.search/.browser.InAppBrowserActivity (has extras)} from uid 10104 on display 0
05-23 12:29:24.274   774   822 I UsageStatsService: User[0] Flushing usage stats to disk
05-23 12:29:40.938   774 10012 I ActivityManager: START u0 {flg=0x4000000 cmp=com.nhn.android.search/.proto.MainActivity} from uid 10104 on display 0
05-23 12:29:40.991   774 10012 W ActivityManager: startActivity called from finishing ActivityRecord{e64b525 u0 com.nhn.android.search/.browser.InAppBrowserActivity t1658 f}; forcing Intent.FLAG_ACTIVITY_NEW_TASK for: Intent { flg=0x4000000 cmp=com.nhn.android.search/.proto.MainActivity }
05-23 12:29:41.132   774   823 I ProcessStatsService: Prepared write state in 25ms
05-23 12:29:49.014   774  3632 I ActivityManager: START u0 {dat=https://m.search.naver.com/... flg=0x24000000 cmp=com.nhn.android.search/.browser.InAppBrowserActivity (has extras)} from uid 10104 on display 0
05-23 12:30:02.783   774 15544 I ActivityManager: START u0 {dat=https://m.search.naver.com/... flg=0x24000000 cmp=com.nhn.android.search/.browser.InAppBrowserActivity (has extras)} from uid 10104 on display 0
05-23 12:30:15.771   774  2785 I ActivityManager: START u0 {act=android.intent.action.MAIN cat=[android.intent.category.HOME] flg=0x10200000 cmp=org.adwfreak.launcher/org.adw.launcherlib.Launcher (has extras)} from uid 1000 on display 0
05-23 12:30:17.890   774  5987 I ActivityManager: START u0 {act=android.intent.action.MAIN cat=[android.intent.category.LAUNCHER] flg=0x10200000 cmp=com.google.android.youtube/.app.honeycomb.Shell$HomeActivity} from uid 10105 on display 0
05-23 12:30:18.006   774  2859 I ActivityManager: Start proc 3132:com.google.android.youtube/u0a102 for activity com.google.android.youtube/.app.honeycomb.Shell$HomeActivity
05-23 12:30:19.590   774  3242 I ActivityManager: START u0 {act=android.intent.action.MAIN cat=[android.intent.category.LAUNCHER] flg=0x4000000 cmp=com.google.android.youtube/com.google.android.apps.youtube.app.WatchWhileActivity (has extras)} from uid 10102 on display 0
05-23 12:30:19.748   774 10015 W ActivityManager: Permission Denial: Accessing service ComponentInfo{com.google.android.music/com.google.android.music.dial.DialMediaRouteProviderService} from pid=3132, uid=10102 that is not exported from uid 10079
05-23 12:30:20.509   774  4170 E BatteryStatsService: modem info is invalid: ModemActivityInfo{ mTimestamp=71931429 mSleepTimeMs=66675398 mIdleTimeMs=-64721274 mTxTimeMs[]=[0, 6, 3, 2, 0] mRxTimeMs=58150 mEnergyUsed=0}
05-23 12:30:21.095   774   793 W ActivityManager: Permission Denial: Accessing service ComponentInfo{com.google.android.music/com.google.android.music.dial.DialMediaRouteProviderService} from pid=3132, uid=10102 that is not exported from uid 10079
05-23 12:30:33.527   774   824 I ActivityManager: Start proc 3338:com.android.systemui:screenshot/u0a33 for service com.android.systemui/.screenshot.TakeScreenshotService
05-23 12:30:35.184   774  2785 I ActivityManager: START u0 {act=android.intent.action.MAIN cat=[android.intent.category.HOME] flg=0x10200000 cmp=org.adwfreak.launcher/org.adw.launcherlib.Launcher (has extras)} from uid 1000 on display 0
05-23 12:30:35.635   774  3242 W ActivityManager: Permission Denial: Accessing service ComponentInfo{com.google.android.music/com.google.android.music.dial.DialMediaRouteProviderService} from pid=3132, uid=10102 that is not exported from uid 10079
05-23 12:30:36.213   774  3632 I ActivityManager: START u0 {act=android.intent.action.MAIN cat=[android.intent.category.LAUNCHER] flg=0x10200000 cmp=com.kakao.talk/.activity.SplashActivity bnds=[29,1352][223,1599]} from uid 10105 on display 0
05-23 12:30:38.303   774  4166 I ActivityManager: START u0 {flg=0x4000000 cmp=com.kakao.talk/.activity.chat.ChatRoomActivity (has extras)} from uid 10100 on display 0
05-23 12:30:44.557   774 10010 I ActivityManager: START u0 {flg=0x10804000 cmp=com.android.systemui/.recents.RecentsActivity} from uid 10033 on display 0
05-23 12:30:44.958   774  3631 E ActivityManager: applyOptionsLocked: Unknown animationType=0
05-23 12:30:45.211   774 15544 W ActivityManager: Permission Denial: Accessing service ComponentInfo{com.google.android.music/com.google.android.music.dial.DialMediaRouteProviderService} from pid=3132, uid=10102 that is not exported from uid 10079
05-23 12:31:09.964   774  2785 I ActivityManager: START u0 {act=android.intent.action.MAIN cat=[android.intent.category.HOME] flg=0x10200000 cmp=org.adwfreak.launcher/org.adw.launcherlib.Launcher (has extras)} from uid 1000 on display 0
05-23 12:31:10.362   774 10011 W ActivityManager: Permission Denial: Accessing service ComponentInfo{com.google.android.music/com.google.android.music.dial.DialMediaRouteProviderService} from pid=3132, uid=10102 that is not exported from uid 10079
05-23 12:31:10.447   774  4169 I ActivityManager: Setting hasTopUi=true for pid=2891
05-23 12:31:11.511   774  4132 W InputMethodManagerService: Window already focused, ignoring focus gain of: com.android.internal.view.IInputMethodClient$Stub$Proxy@af8b68a attribute=null, token = android.os.BinderProxy@b1b0654
05-23 12:31:11.528   774  5987 I ActivityManager: Setting hasTopUi=false for pid=2891
05-23 12:31:12.100   774  2786 I PowerManagerService: Going to sleep due to power button (uid 1000)...
05-23 12:31:12.141   774   774 V FingerprintService: startAuthentication(com.android.systemui)
05-23 12:31:12.141   774   774 V FingerprintService: starting client AuthenticationClient(com.android.systemui), initiatedByClient = true)
05-23 12:31:12.142   774   774 W FingerprintService: client com.android.systemui is authenticating...
05-23 12:31:12.285   774 13362 I ActivityManager: Process com.google.android.apps.messaging (pid 29371) has died
05-23 12:31:12.285   774 13362 D ActivityManager: cleanUpApplicationRecord -- 29371
05-23 12:31:12.630   774   850 I DisplayManagerService: Display device changed state: "  ", OFF
05-23 12:31:12.633   774   850 W LocalDisplayAdapter: Unable to find color mode 0, ignoring request.
05-23 12:31:12.798   774   852 I PowerManagerService: Sleeping (uid 1000)...
05-23 12:31:12.815   774 10012 I ActivityManager: Setting hasTopUi=true for pid=2891
05-23 12:31:12.999   774   824 I WindowManager: OverscanTimeout run
05-23 12:31:14.053   774   823 E KernelCpuSpeedReader: Failed to read cpu-freq: /sys/devices/system/cpu/cpu4/cpufreq/stats/time_in_state (No such file or directory)
05-23 12:31:14.165   774   827 E KernelCpuSpeedReader: Failed to read cpu-freq: /sys/devices/system/cpu/cpu4/cpufreq/stats/time_in_state (No such file or directory)
05-23 12:31:14.203   774   827 E BatteryStatsService: modem info is invalid: ModemActivityInfo{ mTimestamp=71985122 mSleepTimeMs=66675398 mIdleTimeMs=-64721274 mTxTimeMs[]=[0, 6, 3, 2, 0] mRxTimeMs=58150 mEnergyUsed=0}
05-23 12:31:14.876   774   793 I ActivityManager: START u0 {flg=0x14000000 cmp=com.nexon.nxplay/.playrock.screen.NXPLockScreenActivity} from uid 10096 on display 0
05-23 12:31:14.927   774   793 W ActivityManager: Activity start request from 10096 stopped
05-23 12:31:14.969   774   823 W LocalDisplayAdapter: Unable to find color mode 0, ignoring request.
05-23 12:31:15.611   774 10010 I ActivityManager: Setting hasTopUi=false for pid=2891
05-23 12:31:23.835   774  3242 I PowerManagerService: Waking up from sleep (uid 10100)...
05-23 12:31:23.840   774   774 V FingerprintService: stop client com.android.systemui
05-23 12:31:23.847   774   774 W FingerprintService: client com.android.systemui is no longer authenticating
05-23 12:31:23.847   774   774 V FingerprintService: Done with client: com.android.systemui
05-23 12:31:23.847   774   774 V FingerprintService: handleError(client=com.android.systemui, error = 5)
05-23 12:31:23.863   774   852 E KernelCpuSpeedReader: Failed to read cpu-freq: /sys/devices/system/cpu/cpu4/cpufreq/stats/time_in_state (No such file or directory)
05-23 12:31:23.875   774   852 I DisplayPowerController: Blocking screen on until initial contents have been drawn.
05-23 12:31:23.888   774   850 I DisplayManagerService: Display device changed state: "  ", ON
05-23 12:31:23.897   774   850 W LocalDisplayAdapter: Unable to find color mode 0, ignoring request.
05-23 12:31:23.973   774   852 I DisplayPowerController: Unblocked screen on after 99 ms
05-23 12:31:24.776   774  5987 D ConnectivityService: Returning unblocked NetworkInfo to uid=10112
05-23 12:31:24.857   774 10013 I ActivityManager: Setting hasTopUi=true for pid=2891
05-23 12:31:24.859   774  3242 I ActivityManager: Setting hasTopUi=false for pid=2891
05-23 12:31:24.934   774 15544 I ActivityManager: Setting hasTopUi=true for pid=2891
05-23 12:31:26.850   774   774 V FingerprintService: startAuthentication(com.android.systemui)
05-23 12:31:26.867   774   774 V FingerprintService: starting client AuthenticationClient(com.android.systemui), initiatedByClient = true)
05-23 12:31:26.868   774   774 W FingerprintService: client com.android.systemui is authenticating...
05-23 12:31:27.685   774   774 V FingerprintService: onAuthenticated(owner=com.android.systemui, id=-866406720, gp=0)
05-23 12:31:27.707   774   774 V FingerprintService: Done with client: com.android.systemui
05-23 12:31:27.774   774 10013 I ActivityManager: START u0 {cmp=com.kakao.talk/.activity.control.NotificationControlActivity (has extras)} from uid 10100 on display 0
05-23 12:31:27.795   774 10013 W ActivityManager: startActivity called from non-Activity context; forcing Intent.FLAG_ACTIVITY_NEW_TASK for: Intent { cmp=com.kakao.talk/.activity.control.NotificationControlActivity (has extras) }
05-23 12:31:27.811   774  4169 E ActivityManager: applyOptionsLocked: Unknown animationType=0
05-23 12:31:27.884   774  4169 W LocalDisplayAdapter: Unable to find color mode 0, ignoring request.
05-23 12:31:27.997   774  4132 I ActivityManager: Process com.google.android.calendar (pid 1664) has died
05-23 12:31:27.997   774  4132 D ActivityManager: cleanUpApplicationRecord -- 1664
05-23 12:31:28.104   774  4170 I ActivityManager: Process android.process.acore (pid 29477) has died
05-23 12:31:28.104   774  4170 D ActivityManager: cleanUpApplicationRecord -- 29477
05-23 12:31:28.139   774  3634 I ActivityManager: Process com.android.providers.calendar (pid 1625) has died
05-23 12:31:28.140   774  3634 D ActivityManager: cleanUpApplicationRecord -- 1625
05-23 12:31:28.355   774  4170 I ActivityManager: START u0 {flg=0x4000000 cmp=com.kakao.talk/.activity.chat.ChatRoomActivity (has extras)} from uid 10100 on display 0
05-23 12:31:28.364   774  4170 W ActivityManager: Duplicate finish request for ActivityRecord{a1ee033 u0 com.kakao.talk/.activity.control.NotificationControlActivity t1654 f}
05-23 12:31:28.415   774 10015 W ActivityManager: Duplicate finish request for ActivityRecord{b5c0029 u0 com.kakao.talk/.activity.chat.ChatRoomActivity t1654 f}
05-23 12:31:28.737   774  4166 I ActivityManager: Process com.aboutjsp.thedaybefore (pid 27366) has died
05-23 12:31:28.737   774  4166 D ActivityManager: cleanUpApplicationRecord -- 27366
05-23 12:31:28.737   774  4166 W ActivityManager: Scheduling restart of crashed service com.aboutjsp.thedaybefore/com.mNewsK.sdk.cApp.CAppService in 1000ms
05-23 12:31:28.785   774 10013 I ActivityManager: Process com.iloen.melon (pid 1816) has died
05-23 12:31:28.785   774 10013 D ActivityManager: cleanUpApplicationRecord -- 1816
05-23 12:31:28.916   774  4170 D ActivityManager: awakeFromSleepingLocked: previously pausing activity didn't pause
05-23 12:31:28.951   774 10013 I ActivityManager: Process com.ktshow.cs (pid 28489) has died
05-23 12:31:28.951   774 10013 D ActivityManager: cleanUpApplicationRecord -- 28489
05-23 12:31:29.002   774  4132 I ActivityManager: Setting hasTopUi=false for pid=2891
05-23 12:31:29.084   774   793 I ActivityManager: Process com.google.android.apps.nexuslauncher (pid 28895) has died
05-23 12:31:29.084   774   793 D ActivityManager: cleanUpApplicationRecord -- 28895
05-23 12:31:29.365   774  4166 D ConnectivityService: ConnectivityService NetworkRequestInfo binderDied(NetworkRequest [ LISTEN id=143, [ Capabilities: INTERNET&NOT_RESTRICTED&TRUSTED] ], android.os.BinderProxy@2cce8aa)
05-23 12:31:29.669   774 10014 I ActivityManager: Process com.google.android.partnersetup (pid 28920) has died
05-23 12:31:29.669   774 10014 D ActivityManager: cleanUpApplicationRecord -- 28920
05-23 12:31:29.672   774  8204 I ActivityManager: Process com.facebook.katana (pid 25758) has died
05-23 12:31:29.672   774  8204 D ActivityManager: cleanUpApplicationRecord -- 25758
05-23 12:31:29.672   774  8204 W ActivityManager: Scheduling restart of crashed service com.facebook.katana/com.facebook.mqttlite.MqttService in 10064ms
05-23 12:31:29.750   774   823 I ActivityManager: Start proc 3787:com.aboutjsp.thedaybefore/u0a97 for service com.aboutjsp.thedaybefore/com.mNewsK.sdk.cApp.CAppService
05-23 12:31:29.771   774  2799 E ConnectivityService: RemoteException caught trying to send a callback msg for NetworkRequest [ LISTEN id=143, [ Capabilities: INTERNET&NOT_RESTRICTED&TRUSTED] ]
05-23 12:31:30.008   774  3243 I ActivityManager: Start proc 3804:com.iloen.melon/u0a26 for broadcast com.iloen.melon/.player.drive.UserPresentReceiver
05-23 12:31:30.752   774  4169 I ActivityManager: Start proc 3833:com.facebook.katana/u0a109 for content provider com.facebook.katana/com.facebook.platform.common.provider.PlatformProviderBase
05-23 12:31:32.661   774   794 I ActivityManager: START u0 {flg=0x4000000 cmp=com.kakao.talk/.activity.chat.ChatRoomActivity (has extras)} from uid 10100 on display 0
05-23 12:31:35.562   774 10011 I ActivityManager: Setting hasTopUi=true for pid=2891
05-23 12:31:35.564   774 10010 I ActivityManager: Setting hasTopUi=false for pid=2891
05-23 12:31:35.601   774  4132 I ActivityManager: Setting hasTopUi=true for pid=2891
05-23 12:31:37.955   774  8204 I ActivityManager: Setting hasTopUi=false for pid=2891
05-23 12:31:38.089   774   827 E BatteryStatsService: modem info is invalid: ModemActivityInfo{ mTimestamp=72009095 mSleepTimeMs=66675398 mIdleTimeMs=-64721274 mTxTimeMs[]=[0, 6, 3, 2, 0] mRxTimeMs=58150 mEnergyUsed=0}
05-23 12:31:38.094   774  4170 I ActivityManager: START u0 {flg=0x4000000 cmp=com.kakao.talk/.activity.chat.ChatRoomActivity (has extras)} from uid 10100 on display 0
05-23 12:31:41.863   774   823 W BroadcastQueue: Permission Denial: broadcasting Intent { act=android.net.conn.CONNECTIVITY_CHANGE flg=0x4000010 (has extras) } from null (pid=-1, uid=-1) requires com.facebook.permission.prod.FB_APP_COMMUNICATION due to registered receiver BroadcastFilter{49c271d u0 ReceiverList{fefb3f4 3833 com.facebook.katana/10109/u0 remote:38ea1c7}}
05-23 12:31:41.863   774   823 W BroadcastQueue: Permission Denial: broadcasting Intent { act=android.net.conn.INET_CONDITION_ACTION flg=0x4000010 (has extras) } from null (pid=-1, uid=-1) requires com.facebook.permission.prod.FB_APP_COMMUNICATION due to registered receiver BroadcastFilter{49c271d u0 ReceiverList{fefb3f4 3833 com.facebook.katana/10109/u0 remote:38ea1c7}}
05-23 12:31:41.877   774   823 W BroadcastQueue: Permission Denial: broadcasting Intent { act=android.net.conn.CONNECTIVITY_CHANGE flg=0x4000010 (has extras) } from null (pid=-1, uid=-1) requires com.facebook.permission.prod.FB_APP_COMMUNICATION due to registered receiver BroadcastFilter{33802bf u0 ReceiverList{a1d10de 3833 com.facebook.katana/10109/u0 remote:cd91819}}
05-23 12:32:09.820   774 10014 I ActivityManager: START u0 {dat=kakaoplus://plusfriend/post/232148327/484200?from=talk_channel&title= cmp=com.kakao.talk/.plusfriend.activity.PlusPostDetailActivity (has extras)} from uid 10100 on display 0
05-23 12:32:13.216   774  4166 I ActivityManager: START u0 {flg=0x34000000 cmp=com.kakao.talk/.activity.chat.InAppBrowserActivity (has extras)} from uid 10100 on display 0
05-23 12:32:14.001   774   849 D BluetoothManagerService: Message: 20
05-23 12:32:14.001   774   849 D BluetoothManagerService: Added callback: android.bluetooth.IBluetoothManagerCallback$Stub$Proxy@3b8ee29:true
05-23 12:32:33.770   774   823 I ActivityManager: Start proc 4501:com.ktshow.cs/u0a107 for broadcast com.ktshow.cs/.widget.WidgetProvider4
05-23 12:32:33.893  4501  4501 W ActivityThread: Application com.ktshow.cs can be debugged on port 8100...
05-23 12:32:37.260   774 10010 I ActivityManager: START u0 {flg=0x34000000 cmp=com.kakao.talk/.activity.chat.InAppBrowserActivity (has extras)} from uid 10100 on display 0
05-23 12:32:59.061   774 10014 I ActivityManager: Setting hasTopUi=true for pid=2891
05-23 12:33:00.904   774  3634 W InputMethodManagerService: Window already focused, ignoring focus gain of: com.android.internal.view.IInputMethodClient$Stub$Proxy@f751c5d attribute=null, token = android.os.BinderProxy@fa1e422
05-23 12:33:00.918   774  5987 I ActivityManager: Setting hasTopUi=false for pid=2891
05-23 12:33:03.412   774 13362 I ActivityManager: Setting hasTopUi=true for pid=2891
05-23 12:33:04.686   774  4166 W InputMethodManagerService: Window already focused, ignoring focus gain of: com.android.internal.view.IInputMethodClient$Stub$Proxy@6f99d2 attribute=null, token = android.os.BinderProxy@fa1e422
05-23 12:33:04.694   774  8204 I ActivityManager: Setting hasTopUi=false for pid=2891
05-23 12:33:08.069   774  8204 I ActivityManager: START u0 {act=android.intent.action.MAIN cat=[android.intent.category.LAUNCHER] flg=0x10200000 cmp=com.kakao.talk/.activity.SplashActivity bnds=[29,1352][223,1599]} from uid 10105 on display 0
05-23 12:33:08.338   774 13362 I ActivityManager: START u0 {flg=0x24010000 cmp=com.kakao.talk/.activity.TaskRootActivity (has extras)} from uid 10100 on display 0
05-23 12:33:08.385   774  2859 I ActivityManager: START u0 {flg=0x24010000 cmp=com.kakao.talk/.activity.main.MainTabFragmentActivity (has extras)} from uid 10100 on display 0
05-23 12:33:10.569   774  2861 I ActivityManager: START u0 {flg=0x4000000 cmp=com.kakao.talk/.activity.chat.ChatRoomActivity (has extras)} from uid 10100 on display 0
05-23 12:33:28.684   774  3243 I ActivityManager: START u0 {flg=0x10804000 cmp=com.android.systemui/.recents.RecentsActivity} from uid 10033 on display 0
05-23 12:33:29.760   774  2859 E ActivityManager: applyOptionsLocked: Unknown animationType=0
05-23 12:33:30.147   774  4170 W ActivityManager: Permission Denial: Accessing service ComponentInfo{com.google.android.music/com.google.android.music.dial.DialMediaRouteProviderService} from pid=3132, uid=10102 that is not exported from uid 10079
05-23 12:33:36.405   774 13362 I ActivityManager: Start proc 4926:com.android.providers.calendar/u0a2 for content provider com.android.providers.calendar/.CalendarProvider2
05-23 12:33:36.430   774 10012 I ActivityManager: START u0 {flg=0x10804000 cmp=com.android.systemui/.recents.RecentsActivity} from uid 10033 on display 0
05-23 12:33:36.526   774   794 W ActivityManager: Permission Denial: Accessing service ComponentInfo{com.google.android.music/com.google.android.music.dial.DialMediaRouteProviderService} from pid=3132, uid=10102 that is not exported from uid 10079
05-23 12:33:37.057   774  5987 I ActivityManager: Killing 3132:com.google.android.youtube/u0a102 (adj 902): remove task
05-23 12:33:37.120   774  3634 I WindowManager: WIN DEATH: Window{302f0a2 u0 com.google.android.youtube/com.google.android.apps.youtube.app.WatchWhileActivity}
05-23 12:33:37.125   774   794 D ActivityManager: cleanUpApplicationRecord -- 3132
05-23 12:33:37.127   774  4166 D ConnectivityService: ConnectivityService NetworkRequestInfo binderDied(NetworkRequest [ LISTEN id=145, [ Capabilities: INTERNET&NOT_RESTRICTED&TRUSTED] ], android.os.BinderProxy@89b6ad5)
05-23 12:33:37.128   774  2799 E ConnectivityService: RemoteException caught trying to send a callback msg for NetworkRequest [ LISTEN id=145, [ Capabilities: INTERNET&NOT_RESTRICTED&TRUSTED] ]
05-23 12:33:37.975   774 10013 I ActivityManager: Start proc 4952:com.google.android.calendar/u0a68 for broadcast com.google.android.calendar/.alerts.AlertReceiver
05-23 12:33:38.221   774  3243 I ActivityManager: Killing 1857:com.nhn.android.search/u0a104 (adj 902): remove task
05-23 12:33:38.434   774  5987 D ConnectivityService: ConnectivityService NetworkRequestInfo binderDied(NetworkRequest [ LISTEN id=142, [ Capabilities: INTERNET&NOT_RESTRICTED&TRUSTED] ], android.os.BinderProxy@3e32789)
05-23 12:33:38.434   774  8204 D ConnectivityService: ConnectivityService NetworkRequestInfo binderDied(NetworkRequest [ LISTEN id=144, [ Capabilities: INTERNET&NOT_RESTRICTED&TRUSTED] ], android.os.BinderProxy@ab9c38e)
05-23 12:33:38.434   774   793 I WindowManager: WIN DEATH: Window{87688e1 u0 com.nhn.android.search/com.nhn.android.search.proto.MainActivity}
05-23 12:33:38.435   774  5987 D ActivityManager: cleanUpApplicationRecord -- 1857
05-23 12:33:38.436   774  2799 E ConnectivityService: RemoteException caught trying to send a callback msg for NetworkRequest [ LISTEN id=142, [ Capabilities: INTERNET&NOT_RESTRICTED&TRUSTED] ]
05-23 12:33:38.437   774  2799 E ConnectivityService: RemoteException caught trying to send a callback msg for NetworkRequest [ LISTEN id=144, [ Capabilities: INTERNET&NOT_RESTRICTED&TRUSTED] ]
05-23 12:33:38.687   774 10015 I ActivityManager: Killing 2278:com.facebook.katana:videoplayer/u0a109 (adj 900): remove task
05-23 12:33:38.687   774 10015 I ActivityManager: Killing 2423:com.facebook.katana:browser/u0a109 (adj 906): remove task
05-23 12:33:38.690   774 10012 I ActivityManager: Killing 3833:com.facebook.katana/u0a109 (adj 800): remove task
05-23 12:33:38.717   774  8203 D ActivityManager: cleanUpApplicationRecord -- 2423
05-23 12:33:38.720   774  3634 D ActivityManager: cleanUpApplicationRecord -- 2278
05-23 12:33:38.738   774 10014 D ActivityManager: cleanUpApplicationRecord -- 3833
05-23 12:33:38.738   774 10014 W ActivityManager: Scheduling restart of crashed service com.facebook.katana/com.facebook.mqttlite.MqttService in 1000ms
05-23 12:33:38.956   774 10011 E ActivityManager: applyOptionsLocked: Unknown animationType=0
05-23 12:33:39.763   774   823 I ActivityManager: Start proc 5023:com.facebook.katana/u0a109 for service com.facebook.katana/com.facebook.mqttlite.MqttService
05-23 12:33:39.985   774  4166 I ActivityManager: Setting hasTopUi=true for pid=2891
05-23 12:33:39.988   774 15544 I ActivityManager: Setting hasTopUi=false for pid=2891
05-23 12:33:40.020   774 10010 I ActivityManager: Setting hasTopUi=true for pid=2891
05-23 12:33:41.045   774 10014 I ActivityManager: START u0 {flg=0x4000000 cmp=com.kakao.talk/.activity.chat.ChatRoomActivity (has extras)} from uid 10100 on display 0
05-23 12:33:42.221   774  3539 I ActivityManager: Setting hasTopUi=false for pid=2891
05-23 12:33:48.004   774   823 W BroadcastQueue: Permission Denial: broadcasting Intent { act=android.net.conn.CONNECTIVITY_CHANGE flg=0x4000010 (has extras) } from null (pid=-1, uid=-1) requires com.facebook.permission.prod.FB_APP_COMMUNICATION due to registered receiver BroadcastFilter{72d0270 u0 ReceiverList{5666cb3 5023 com.facebook.katana/10109/u0 remote:b03da22}}
05-23 12:33:48.004   774   823 W BroadcastQueue: Permission Denial: broadcasting Intent { act=android.net.conn.INET_CONDITION_ACTION flg=0x4000010 (has extras) } from null (pid=-1, uid=-1) requires com.facebook.permission.prod.FB_APP_COMMUNICATION due to registered receiver BroadcastFilter{72d0270 u0 ReceiverList{5666cb3 5023 com.facebook.katana/10109/u0 remote:b03da22}}
05-23 12:33:48.027   774   823 W BroadcastQueue: Permission Denial: broadcasting Intent { act=android.net.conn.CONNECTIVITY_CHANGE flg=0x4000010 (has extras) } from null (pid=-1, uid=-1) requires com.facebook.permission.prod.FB_APP_COMMUNICATION due to registered receiver BroadcastFilter{fa8b7a u0 ReceiverList{483aba5 5023 com.facebook.katana/10109/u0 remote:337d59c}}
05-23 12:33:49.060   774 10010 I ActivityManager: START u0 {flg=0x4000000 cmp=com.kakao.talk/.activity.chat.ChatRoomActivity (has extras)} from uid 10100 on display 0
05-23 12:33:49.810   774   827 E BatteryStatsService: modem info is invalid: ModemActivityInfo{ mTimestamp=72140799 mSleepTimeMs=66675398 mIdleTimeMs=-64721274 mTxTimeMs[]=[0, 6, 3, 2, 0] mRxTimeMs=58150 mEnergyUsed=0}
05-23 12:33:55.455   774 10011 I ActivityManager: Setting hasTopUi=true for pid=2891
05-23 12:33:55.457   774  2859 I ActivityManager: Setting hasTopUi=false for pid=2891
05-23 12:33:55.500   774  8203 I ActivityManager: Setting hasTopUi=true for pid=2891
05-23 12:33:59.510   774 10012 I ActivityManager: START u0 {flg=0x4000000 cmp=com.kakao.talk/.activity.chat.ChatRoomActivity (has extras)} from uid 10100 on display 0
05-23 12:33:59.789   774  4166 I ActivityManager: Setting hasTopUi=false for pid=2891
05-23 12:34:00.033  2891  2891 V DeadZone: consuming errant click: (741.0,6.0)
05-23 12:34:10.731   774  5987 I ActivityManager: START u0 {flg=0x4000000 cmp=com.kakao.talk/.activity.chat.ChatRoomActivity (has extras)} from uid 10100 on display 0
05-23 12:34:20.341   774 10011 I ActivityManager: START u0 {dat=kakaoplus://plusfriend/post/229247213/484277?from=talk_channel&title= cmp=com.kakao.talk/.plusfriend.activity.PlusPostDetailActivity (has extras)} from uid 10100 on display 0
05-23 12:34:22.055   774  2859 I ActivityManager: START u0 {flg=0x34000000 cmp=com.kakao.talk/.activity.chat.InAppBrowserActivity (has extras)} from uid 10100 on display 0
05-23 12:34:24.285   774  8204 I ActivityManager: Setting hasTopUi=true for pid=2891
05-23 12:34:24.287   774  3242 I ActivityManager: Setting hasTopUi=false for pid=2891
05-23 12:34:24.366   774 15544 I ActivityManager: Setting hasTopUi=true for pid=2891
05-23 12:34:29.884   774 13362 I ActivityManager: START u0 {act=android.intent.action.MAIN cat=[android.intent.category.LAUNCHER] flg=0x10200000 cmp=com.kakao.talk/.activity.SplashActivity bnds=[29,1352][223,1599]} from uid 10105 on display 0
05-23 12:34:30.081   774  3632 I ActivityManager: START u0 {flg=0x24010000 cmp=com.kakao.talk/.activity.TaskRootActivity (has extras)} from uid 10100 on display 0
05-23 12:34:30.137   774  4132 I ActivityManager: START u0 {flg=0x24010000 cmp=com.kakao.talk/.activity.main.MainTabFragmentActivity (has extras)} from uid 10100 on display 0
05-23 12:34:30.158   774  4166 I ActivityManager: Setting hasTopUi=false for pid=2891
05-23 12:34:31.392   774  3631 I ActivityManager: Setting hasTopUi=true for pid=2891
05-23 12:34:31.396   774 10011 I ActivityManager: Setting hasTopUi=false for pid=2891
05-23 12:34:31.444   774  3634 I ActivityManager: Setting hasTopUi=true for pid=2891
05-23 12:34:32.219   774  4170 I ActivityManager: START u0 {flg=0x4000000 cmp=com.kakao.talk/.activity.chat.ChatRoomActivity (has extras)} from uid 10100 on display 0
05-23 12:34:33.580   774  8204 I ActivityManager: Setting hasTopUi=false for pid=2891
05-23 12:34:48.732   774  3243 I ActivityManager: Setting hasTopUi=true for pid=2891
05-23 12:34:48.734   774  4166 I ActivityManager: Setting hasTopUi=false for pid=2891
05-23 12:34:48.790   774   794 I ActivityManager: Setting hasTopUi=true for pid=2891
05-23 12:34:50.437   774  2861 I ActivityManager: Setting hasTopUi=false for pid=2891
05-23 12:34:50.552   774 10015 I ActivityManager: START u0 {flg=0x4000000 cmp=com.kakao.talk/.activity.chat.ChatRoomActivity (has extras)} from uid 10100 on display 0
05-23 12:35:07.228   774  2785 I ActivityManager: START u0 {act=android.intent.action.MAIN cat=[android.intent.category.HOME] flg=0x10200000 cmp=org.adwfreak.launcher/org.adw.launcherlib.Launcher (has extras)} from uid 1000 on display 0
05-23 12:35:14.362   774 13362 I ActivityManager: Setting hasTopUi=true for pid=2891
05-23 12:35:20.000   774  5987 W InputMethodManagerService: Window already focused, ignoring focus gain of: com.android.internal.view.IInputMethodClient$Stub$Proxy@2eb04da attribute=null, token = android.os.BinderProxy@b1b0654
05-23 12:35:20.020   774 13362 I ActivityManager: Setting hasTopUi=false for pid=2891
05-23 12:35:24.517   774  2786 I PowerManagerService: Going to sleep due to power button (uid 1000)...
05-23 12:35:24.546   774   774 V FingerprintService: startAuthentication(com.android.systemui)
05-23 12:35:24.547   774   774 V FingerprintService: starting client AuthenticationClient(com.android.systemui), initiatedByClient = true)
05-23 12:35:24.548   774   774 W FingerprintService: client com.android.systemui is authenticating...
05-23 12:35:24.936   774   850 I DisplayManagerService: Display device changed state: "  ", OFF
05-23 12:35:24.939   774   850 W LocalDisplayAdapter: Unable to find color mode 0, ignoring request.
05-23 12:35:25.077   774   852 I PowerManagerService: Sleeping (uid 1000)...
05-23 12:35:25.085   774 15544 I ActivityManager: Setting hasTopUi=true for pid=2891
05-23 12:35:25.277   774   824 I WindowManager: OverscanTimeout run
05-23 12:35:25.406   774  3634 I ActivityManager: Start proc 5776:android.process.acore/u0a1 for content provider com.android.providers.contacts/.ContactsProvider2
05-23 12:35:25.743   774  4166 I ActivityManager: START u0 {flg=0x14000000 cmp=com.nexon.nxplay/.playrock.screen.NXPLockScreenActivity} from uid 10096 on display 0
05-23 12:35:25.762   774  4166 W LocalDisplayAdapter: Unable to find color mode 0, ignoring request.
05-23 12:35:26.562   774  4132 I ActivityManager: Setting hasTopUi=false for pid=2891
05-23 12:35:35.043   774 10012 I ActivityManager: Start proc 5823:com.google.android.youtube/u0a102 for service com.google.android.youtube/com.google.android.libraries.youtube.common.gcore.gcoreclient.gcm.impl.GcmTaskServiceDelegator
05-23 12:35:36.229   774  4169 W ActivityManager: Permission Denial: Accessing service ComponentInfo{com.google.android.music/com.google.android.music.dial.DialMediaRouteProviderService} from pid=5823, uid=10102 that is not exported from uid 10079
05-23 12:36:25.710   774   827 E KernelCpuSpeedReader: Failed to read cpu-freq: /sys/devices/system/cpu/cpu4/cpufreq/stats/time_in_state (No such file or directory)
05-23 12:36:25.732   774   827 E KernelCpuSpeedReader: Failed to read cpu-freq: /sys/devices/system/cpu/cpu4/cpufreq/stats/time_in_state (No such file or directory)
05-23 12:36:26.640   774   823 E KernelCpuSpeedReader: Failed to read cpu-freq: /sys/devices/system/cpu/cpu4/cpufreq/stats/time_in_state (No such file or directory)
05-23 12:36:50.942   774   827 E KernelCpuSpeedReader: Failed to read cpu-freq: /sys/devices/system/cpu/cpu4/cpufreq/stats/time_in_state (No such file or directory)
05-23 12:36:51.019   774   827 E KernelCpuSpeedReader: Failed to read cpu-freq: /sys/devices/system/cpu/cpu4/cpufreq/stats/time_in_state (No such file or directory)
05-23 12:37:26.013   774   827 E KernelCpuSpeedReader: Failed to read cpu-freq: /sys/devices/system/cpu/cpu4/cpufreq/stats/time_in_state (No such file or directory)
05-23 12:37:26.835   774   827 E KernelCpuSpeedReader: Failed to read cpu-freq: /sys/devices/system/cpu/cpu4/cpufreq/stats/time_in_state (No such file or directory)
05-23 12:37:28.618   774  2786 I PowerManagerService: Waking up from sleep (uid 1000)...
05-23 12:37:28.633   774   774 V FingerprintService: stop client com.android.systemui
05-23 12:37:28.645   774   852 E KernelCpuSpeedReader: Failed to read cpu-freq: /sys/devices/system/cpu/cpu4/cpufreq/stats/time_in_state (No such file or directory)
05-23 12:37:28.653   774   774 W FingerprintService: client com.android.systemui is no longer authenticating
05-23 12:37:28.657   774   852 I DisplayPowerController: Blocking screen on until initial contents have been drawn.
05-23 12:37:28.670   774   774 V FingerprintService: Done with client: com.android.systemui
05-23 12:37:28.670   774   774 V FingerprintService: handleError(client=com.android.systemui, error = 5)
05-23 12:37:28.678   774   850 I DisplayManagerService: Display device changed state: "  ", ON
05-23 12:37:28.680   774   850 W LocalDisplayAdapter: Unable to find color mode 0, ignoring request.
05-23 12:37:28.868   774   823 E KernelCpuSpeedReader: Failed to read cpu-freq: /sys/devices/system/cpu/cpu4/cpufreq/stats/time_in_state (No such file or directory)
05-23 12:37:28.915   774   852 I DisplayPowerController: Unblocked screen on after 258 ms
05-23 12:37:29.712   774  8204 I ActivityManager: Setting hasTopUi=true for pid=2891
05-23 12:37:30.446   774   774 V FingerprintService: startAuthentication(com.android.systemui)
05-23 12:37:30.446   774   774 V FingerprintService: starting client AuthenticationClient(com.android.systemui), initiatedByClient = true)
05-23 12:37:30.447   774   774 W FingerprintService: client com.android.systemui is authenticating...
05-23 12:37:31.125   774   774 V FingerprintService: onAuthenticated(owner=com.android.systemui, id=-355783282, gp=0)
05-23 12:37:31.143   774  2859 I ActivityManager: START u0 {cmp=com.kakao.talk/.activity.control.NotificationControlActivity (has extras)} from uid 10100 on display 0
05-23 12:37:31.143   774  2859 W ActivityManager: startActivity called from non-Activity context; forcing Intent.FLAG_ACTIVITY_NEW_TASK for: Intent { cmp=com.kakao.talk/.activity.control.NotificationControlActivity (has extras) }
05-23 12:37:31.154   774   774 V FingerprintService: Done with client: com.android.systemui
05-23 12:37:31.159   774  4166 E ActivityManager: applyOptionsLocked: Unknown animationType=0
05-23 12:37:31.204   774  4166 W LocalDisplayAdapter: Unable to find color mode 0, ignoring request.
05-23 12:37:31.289   774  8203 I ActivityManager: START u0 {flg=0x4000000 cmp=com.kakao.talk/.activity.chat.ChatRoomActivity (has extras)} from uid 10100 on display 0
05-23 12:37:31.294   774 10015 W ActivityManager: Duplicate finish request for ActivityRecord{a73212 u0 com.kakao.talk/.activity.control.NotificationControlActivity t1662 f}
05-23 12:37:31.334   774  3242 W ActivityManager: Duplicate finish request for ActivityRecord{7120857 u0 com.kakao.talk/.activity.chat.ChatRoomActivity t1662 f}
05-23 12:37:31.789   774  4166 D ActivityManager: awakeFromSleepingLocked: previously pausing activity didn't pause
05-23 12:37:31.853   774  3632 I ActivityManager: Setting hasTopUi=false for pid=2891
05-23 12:37:32.044   774  2861 I ActivityManager: Start proc 6047:com.nhn.android.search/u0a104 for broadcast com.nhn.android.search/.ui.widget.SearchKeywordWidgetProvider
05-23 12:37:38.790   774  4166 I ActivityManager: START u0 {flg=0x4000000 cmp=com.kakao.talk/.activity.chat.ChatRoomActivity (has extras)} from uid 10100 on display 0
05-23 12:37:42.480   774  2786 I PowerManagerService: Going to sleep due to power button (uid 1000)...
05-23 12:37:42.499   774   774 V FingerprintService: startAuthentication(com.android.systemui)
05-23 12:37:42.502   774   774 V FingerprintService: starting client AuthenticationClient(com.android.systemui), initiatedByClient = true)
05-23 12:37:42.505   774   774 W FingerprintService: client com.android.systemui is authenticating...
05-23 12:37:42.890   774   850 I DisplayManagerService: Display device changed state: "  ", OFF
05-23 12:37:42.904   774   850 W LocalDisplayAdapter: Unable to find color mode 0, ignoring request.
05-23 12:37:43.047   774   852 I PowerManagerService: Sleeping (uid 1000)...
05-23 12:37:43.056   774  4170 I ActivityManager: Setting hasTopUi=true for pid=2891
05-23 12:37:43.249   774   824 I WindowManager: OverscanTimeout run
05-23 12:37:43.493   774  4169 I ActivityManager: START u0 {flg=0x14000000 cmp=com.nexon.nxplay/.playrock.screen.NXPLockScreenActivity} from uid 10096 on display 0
05-23 12:37:43.516   774  4169 I WindowManager: Failed to capture screenshot of Token{b61e67a ActivityRecord{2d392a5 u0 com.kakao.talk/.activity.main.MainTabFragmentActivity t1662}} appWin=Window{d8ad207 u0 com.kakao.talk/com.kakao.talk.activity.main.MainTabFragmentActivity} drawState=4
05-23 12:37:43.521   774  4169 W LocalDisplayAdapter: Unable to find color mode 0, ignoring request.
05-23 12:37:43.605   774  8203 I ActivityManager: Setting hasTopUi=false for pid=2891
05-23 12:37:56.087   774   848 I UsbPortManager: USB port changed: port=UsbPort{id=otg_default, supportedModes=dual}, status=UsbPortStatus{connected=true, currentMode=ufp, currentPowerRole=sink, currentDataRole=device, supportedRoleCombinations=[source:host, sink:device]}, canChangeMode=true, canChangePowerRole=false, canChangeDataRole=false
05-23 12:37:57.034   774   823 I ActivityManager: Start proc 6225:com.google.android.apps.photos/u0a75 for broadcast com.google.android.apps.photos/.scheduler.PowerReceiver
05-23 12:37:57.052   774   774 I EntropyMixer: Writing entropy...
05-23 12:37:57.080   774   827 E KernelCpuSpeedReader: Failed to read cpu-freq: /sys/devices/system/cpu/cpu4/cpufreq/stats/time_in_state (No such file or directory)
05-23 12:37:57.096   774   827 E BatteryStatsService: modem info is invalid: ModemActivityInfo{ mTimestamp=72388124 mSleepTimeMs=66675398 mIdleTimeMs=-64721274 mTxTimeMs[]=[0, 6, 3, 2, 0] mRxTimeMs=58150 mEnergyUsed=0}
05-23 12:37:57.103   774   827 E KernelCpuSpeedReader: Failed to read cpu-freq: /sys/devices/system/cpu/cpu4/cpufreq/stats/time_in_state (No such file or directory)
05-23 12:37:57.769   774   794 D ConnectivityService: Returning blocked NetworkInfo to uid=10075
05-23 12:37:57.913   774  4166 I ActivityManager: Start proc 6290:com.google.android.music:main/u0a79 for service com.google.android.music/.sync.google.MusicGcmTaskService
05-23 12:37:58.151   774  3242 I ActivityManager: Start proc 6311:com.google.android.gms:snet/u0a36 for service com.google.android.gms/.chimera.SnetIntentOperationService
05-23 12:37:58.197   774 10015 I ActivityManager: Start proc 6325:com.google.android.GoogleCamera/u0a71 for content provider com.google.android.GoogleCamera/com.google.android.apps.camera.specialtypes.CameraSpecialTypesProvider
05-23 12:37:58.233   774   823 E KernelCpuSpeedReader: Failed to read cpu-freq: /sys/devices/system/cpu/cpu4/cpufreq/stats/time_in_state (No such file or directory)
05-23 12:37:58.287   774   823 W ProcessCpuTracker: Skipping unknown process pid 6343
05-23 12:37:58.317   774  4170 I ActivityManager: Start proc 6347:com.google.android.gallery3d/u0a22 for broadcast com.google.android.gallery3d/com.google.android.picasasync.BatteryReceiver
05-23 12:38:00.867   774  2786 I PowerManagerService: Waking up from sleep (uid 1000)...
05-23 12:38:00.873   774   774 V FingerprintService: stop client com.android.systemui
05-23 12:38:00.874   774   852 I DisplayPowerController: Blocking screen on until initial contents have been drawn.
05-23 12:38:00.884   774   774 W FingerprintService: client com.android.systemui is no longer authenticating
05-23 12:38:00.885   774   774 V FingerprintService: Done with client: com.android.systemui
05-23 12:38:00.885   774   774 V FingerprintService: handleError(client=com.android.systemui, error = 5)
05-23 12:38:00.916   774   850 I DisplayManagerService: Display device changed state: "  ", ON
05-23 12:38:00.918   774   850 W LocalDisplayAdapter: Unable to find color mode 0, ignoring request.
05-23 12:38:01.133   774   852 I DisplayPowerController: Unblocked screen on after 259 ms
05-23 12:38:01.256   774   827 E BatteryStatsService: modem info is invalid: ModemActivityInfo{ mTimestamp=72392273 mSleepTimeMs=66675398 mIdleTimeMs=-64721274 mTxTimeMs[]=[0, 6, 3, 2, 0] mRxTimeMs=58150 mEnergyUsed=0}
05-23 12:38:01.836   774 10010 W LocalDisplayAdapter: Unable to find color mode 0, ignoring request.
05-23 12:38:01.865   774 10012 I ActivityManager: Setting hasTopUi=true for pid=2891
05-23 12:38:01.944   774   774 V FingerprintService: startAuthentication(com.android.systemui)
05-23 12:38:01.944   774   774 V FingerprintService: starting client AuthenticationClient(com.android.systemui), initiatedByClient = true)
05-23 12:38:01.945   774   774 W FingerprintService: client com.android.systemui is authenticating...
05-23 12:38:02.903   774   774 V FingerprintService: onAuthenticated(owner=com.android.systemui, id=-866406720, gp=0)
05-23 12:38:02.908   774   774 V FingerprintService: Done with client: com.android.systemui
05-23 12:38:03.257   774  3632 I ActivityManager: Setting hasTopUi=false for pid=2891
05-23 12:38:04.048   774 10011 I ActivityManager: START u0 {flg=0x4000000 cmp=com.kakao.talk/.activity.chat.ChatRoomActivity (has extras)} from uid 10100 on display 0
05-23 12:38:06.894   774  2785 I ActivityManager: START u0 {act=android.intent.action.MAIN cat=[android.intent.category.HOME] flg=0x10200000 cmp=org.adwfreak.launcher/org.adw.launcherlib.Launcher (has extras)} from uid 1000 on display 0
05-23 12:38:07.668   774  8204 I ActivityManager: START u0 {act=android.intent.action.MAIN cat=[android.intent.category.LAUNCHER] flg=0x10200000 cmp=com.com2us.smon.normal.freefull.google.kr.android.common/.SubActivity bnds=[581,1352][775,1599]} from uid 10105 on display 0
05-23 12:38:07.700   774  8204 I WindowManager: setFocusedApp token: Token{48c6ac7 ActivityRecord{9b17406 u0 com.com2us.smon.normal.freefull.google.kr.android.common/.SubActivity t1664}} requestedOrientation: 6
