05-23 06:19:50.558  3992  3992 D Error   : 	at android.os.StrictMode$AndroidBlockGuardPolicy.onReadFromDisk(StrictMode.java:1293)
05-23 06:19:50.558  3992  3992 D Error   : 	at java.io.UnixFileSystem.checkAccess(UnixFileSystem.java:249)
05-23 06:19:50.558  3992  3992 D Error   : 	at java.io.File.exists(File.java:780)
05-23 06:19:50.558  3992  3992 D Error   : 	at android.app.ContextImpl.ensurePrivateDirExists(ContextImpl.java:512)
05-23 06:19:50.558  3992  3992 D Error   : 	at android.app.ContextImpl.getPreferencesDir(ContextImpl.java:468)
05-23 06:19:50.558  3992  3992 D Error   : 	at android.app.ContextImpl.getSharedPreferencesPath(ContextImpl.java:627)
05-23 06:19:50.558  3992  3992 D Error   : 	at android.app.ContextImpl.getSharedPreferences(ContextImpl.java:345)
05-23 06:19:50.558  3992  3992 D Error   : 	at android.content.ContextWrapper.getSharedPreferences(ContextWrapper.java:164)
05-23 06:19:50.558  3992  3992 D Error   : 	at android.content.ContextWrapper.getSharedPreferences(ContextWrapper.java:164)
05-23 06:19:50.558  3992  3992 D Error   : 	at android.content.ContextWrapper.getSharedPreferences(ContextWrapper.java:164)
05-23 06:19:50.558  3992  3992 D Error   : 	at android.content.ContextWrapper.getSharedPreferences(ContextWrapper.java:164)
05-23 06:19:50.558  3992  3992 D Error   : 	at alzu.a(:com.google.android.gms:5080)
05-23 06:19:50.558  3992  3992 D Error   : 	at com.google.android.location.reporting.service.ReportingAndroidChimeraService.onCreate(:com.google.android.gms:55)
05-23 06:19:50.558  3992  3992 D Error   : 	at bzc.onCreate(:com.google.android.gms:148)
05-23 06:19:50.558  3992  3992 D Error   : 	at jix.onCreate(:com.google.android.gms:63)
05-23 06:19:50.558  3992  3992 D Error   : 	at android.app.ActivityThread.handleCreateService(ActivityThread.java:3206)
05-23 06:19:50.558  3992  3992 D Error   : 	at android.app.ActivityThread.-wrap5(ActivityThread.java)
05-23 06:19:50.558  3992  3992 D Error   : 	at android.app.ActivityThread$H.handleMessage(ActivityThread.java:1578)
05-23 06:19:50.558  3992  3992 D Error   : 	at android.os.Handler.dispatchMessage(Handler.java:102)
05-23 06:19:50.558  3992  3992 D Error   : 	at android.os.Looper.loop(Looper.java:154)
05-23 06:19:50.558  3992  3992 D Error   : 	at android.app.ActivityThread.main(ActivityThread.java:6169)
05-23 06:19:50.558  3992  3992 D Error   : 	at java.lang.reflect.Method.invoke(Native Method)
05-23 06:19:50.558  3992  3992 D Error   : 	at com.android.internal.os.ZygoteInit$MethodAndArgsCaller.run(ZygoteInit.java:888)
05-23 06:19:50.558  3992  3992 D Error   : 	at com.android.internal.os.ZygoteInit.main(ZygoteInit.java:778)
05-23 06:19:50.558  3992  3992 D Error   : # via Binder call with stack:
05-23 06:19:50.558  3992  3992 D Error   : android.os.StrictMode$LogStackTrace
05-23 06:19:50.558  3992  3992 D Error   : 	at android.os.StrictMode.readAndHandleBinderCallViolations(StrictMode.java:1960)
05-23 06:19:50.558  3992  3992 D Error   : 	at android.os.Parcel.readExceptionCode(Parcel.java:1665)
05-23 06:19:50.558  3992  3992 D Error   : 	at android.os.Parcel.readException(Parcel.java:1634)
05-23 06:19:50.558  3992  3992 D Error   : 	at lbm.isGoogleReleaseSigned(:com.google.android.gms:158)
05-23 06:19:50.558  3992  3992 D Error   : 	at juo.a(:com.google.android.gms:482)
05-23 06:19:50.558  3992  3992 D Error   : 	at kjo.b(:com.google.android.gms:327)
05-23 06:19:50.558  3992  3992 D Error   : 	at kjo.a(:com.google.android.gms:219)
05-23 06:19:50.558  3992  3992 D Error   : 	at com.google.android.gms.chimera.container.GmsModuleFinder.a(:com.google.android.gms:2202)
05-23 06:19:50.558  3992  3992 D Error   : 	at com.google.android.gms.chimera.container.GmsModuleFinder.a(:com.google.android.gms:1115)
05-23 06:19:50.558  3992  3992 D Error   : 	at com.google.android.gms.chimera.container.GmsModuleFinder.a(:com.google.android.gms:70)
05-23 06:19:50.558  3992  3992 D Error   : 	at jis.a(:com.google.android.gms:26)
05-23 06:19:50.558  3992  3992 D Error   : 	at bxm.a(:com.google.android.gms:1123)
05-23 06:19:50.558  3992  3992 D Error   : 	at bxm.onReceive(:com.google.android.gms:229)
05-23 06:19:50.558  3992  3992 D Error   : 	at jis.onReceive(:com.google.android.gms:62)
05-23 06:19:50.558  3992  3992 D Error   : 	at android.app.ActivityThread.handleReceiver(ActivityThread.java:3055)
05-23 06:19:50.558  3992  3992 D Error   : 	at android.app.ActivityThread.-wrap18(ActivityThread.java)
05-23 06:19:50.558  3992  3992 D Error   : 	at android.app.ActivityThread$H.handleMessage(ActivityThread.java:1572)
05-23 06:19:50.558  3992  3992 D Error   : 	at android.os.Handler.dispatchMessage(Handler.java:102)
05-23 06:19:50.558  3992  3992 D Error   : 	at android.os.Looper.loop(Looper.java:154)
05-23 06:19:50.558  3992  3992 D Error   : 	at android.app.ActivityThread.main(ActivityThread.java:6169)
05-23 06:19:50.558  3992  3992 D Error   : 	at java.lang.reflect.Method.invoke(Native Method)
05-23 06:19:50.558  3992  3992 D Error   : 	at com.android.internal.os.ZygoteInit$MethodAndArgsCaller.run(ZygoteInit.java:888)
05-23 06:19:50.558  3992  3992 D Error   : 	at com.android.internal.os.ZygoteInit.main(ZygoteInit.java:778)
05-23 06:19:50.558  3992  3992 D Error   : # via Binder call with stack:
05-23 06:19:50.558  3992  3992 D Error   : android.os.StrictMode$LogStackTrace
05-23 06:19:50.558  3992  3992 D Error   : 	at android.os.StrictMode.readAndHandleBinderCallViolations(StrictMode.java:1960)
05-23 06:19:50.558  3992  3992 D Error   : 	at android.os.Parcel.readExceptionCode(Parcel.java:1665)
05-23 06:19:50.558  3992  3992 D Error   : 	at android.os.Parcel.readException(Parcel.java:1634)
05-23 06:19:50.558  3992  3992 D Error   : 	at lbg.a(:com.google.android.gms:119)
05-23 06:19:50.558  3992  3992 D Error   : 	at laj.a(:com.google.android.gms:66)
05-23 06:19:50.558  3992  3992 D Error   : 	at oji.a(:com.google.android.gms:187)
05-23 06:19:50.558  3992  3992 D Error   : 	at kyy.a(:com.google.android.gms:161)
05-23 06:19:50.558  3992  3992 D Error   : 	at lbi.onTransact(:com.google.android.gms:85)
05-23 06:19:50.558  3992  3992 D Error   : 	at android.os.Binder.transact(Binder.java:499)
05-23 06:19:50.558  3992  3992 D Error   : 	at bxp.onTransact(:com.google.android.gms:35)
05-23 06:19:50.558  3992  3992 D Error   : 	at android.os.Binder.execTransact(Binder.java:565)
05-23 06:19:50.558  3992  3992 D Error   : # via Binder call with stack:
05-23 06:19:50.558  3992  3992 D Error   : android.os.StrictMode$LogStackTrace
05-23 06:19:50.558  3992  3992 D Error   : 	at android.os.StrictMode.readAndHandleBinderCallViolations(StrictMode.java:1960)
05-23 06:19:50.558  3992  3992 D Error   : 	at android.os.Parcel.readExceptionCode(Parcel.java:1665)
05-23 06:19:50.558  3992  3992 D Error   : 	at android.os.Parcel.readException(Parcel.java:1634)
05-23 06:19:50.558  3992  3992 D Error   : 	at lbj.a(:com.google.andr
05-23 06:19:50.558  3992  3992 D Error   : ERR: TOTAL BYTES WRITTEN: 24532
05-23 06:19:50.558  3992  3992 D StrictMode: Wrote violation #2 of 5: 24576 bytes
05-23 06:19:50.558  3992  3992 D Error   : ERR: exClass=android.os.StrictMode$StrictModeDiskReadViolation
05-23 06:19:50.558  3992  3992 D Error   : ERR: exMsg=policy=23068679 violation=2
05-23 06:19:50.558  3992  3992 D Error   : ERR: file=StrictMode.java
05-23 06:19:50.558  3992  3992 D Error   : ERR: class=android.os.StrictMode$AndroidBlockGuardPolicy
05-23 06:19:50.558  3992  3992 D Error   : ERR: method=onReadFromDisk line=1293
05-23 06:19:50.558  3992  3992 D Error   : ERR: stack=android.os.StrictMode$StrictModeDiskReadViolation: policy=23068679 violation=2
05-23 06:19:50.558  3992  3992 D Error   : 	at android.os.StrictMode$AndroidBlockGuardPolicy.onReadFromDisk(StrictMode.java:1293)
05-23 06:19:50.558  3992  3992 D Error   : 	at java.io.UnixFileSystem.checkAccess(UnixFileSystem.java:249)
05-23 06:19:50.558  3992  3992 D Error   : 	at java.io.File.exists(File.java:780)
05-23 06:19:50.558  3992  3992 D Error   : 	at android.app.ContextImpl.ensurePrivateDirExists(ContextImpl.java:512)
05-23 06:19:50.558  3992  3992 D Error   : 	at android.app.ContextImpl.getPreferencesDir(ContextImpl.java:468)
05-23 06:19:50.558  3992  3992 D Error   : 	at android.app.ContextImpl.getSharedPreferencesPath(ContextImpl.java:627)
05-23 06:19:50.558  3992  3992 D Error   : 	at android.app.ContextImpl.getSharedPreferences(ContextImpl.java:345)
05-23 06:19:50.558  3992  3992 D Error   : 	at android.content.ContextWrapper.getSharedPreferences(ContextWrapper.java:164)
05-23 06:19:50.558  3992  3992 D Error   : 	at android.content.ContextWrapper.getSharedPreferences(ContextWrapper.java:164)
05-23 06:19:50.558  3992  3992 D Error   : 	at android.content.ContextWrapper.getSharedPreferences(ContextWrapper.java:164)
05-23 06:19:50.558  3992  3992 D Error   : 	at android.content.ContextWrapper.getSharedPreferences(ContextWrapper.java:164)
05-23 06:19:50.558  3992  3992 D Error   : 	at alya.a(:com.google.android.gms:137)
05-23 06:19:50.558  3992  3992 D Error   : 	at com.google.android.location.reporting.service.ReportingAndroidChimeraService.onCreate(:com.google.android.gms:56)
05-23 06:19:50.558  3992  3992 D Error   : 	at bzc.onCreate(:com.google.android.gms:148)
05-23 06:19:50.558  3992  3992 D Error   : 	at jix.onCreate(:com.google.android.gms:63)
05-23 06:19:50.558  3992  3992 D Error   : 	at android.app.ActivityThread.handleCreateService(ActivityThread.java:3206)
05-23 06:19:50.558  3992  3992 D Error   : 	at android.app.ActivityThread.-wrap5(ActivityThread.java)
05-23 06:19:50.558  3992  3992 D Error   : 	at android.app.ActivityThread$H.handleMessage(ActivityThread.java:1578)
05-23 06:19:50.558  3992  3992 D Error   : 	at android.os.Handler.dispatchMessage(Handler.java:102)
05-23 06:19:50.558  3992  3992 D Error   : 	at android.os.Looper.loop(Looper.java:154)
05-23 06:19:50.558  3992  3992 D Error   : 	at android.app.ActivityThread.main(ActivityThread.java:6169)
05-23 06:19:50.558  3992  3992 D Error   : 	at java.lang.reflect.Method.invoke(Native Method)
05-23 06:19:50.558  3992  3992 D Error   : 	at com.android.internal.os.ZygoteInit$MethodAndArgsCaller.run(ZygoteInit.java:888)
05-23 06:19:50.558  3992  3992 D Error   : 	at com.android.internal.os.ZygoteInit.main(ZygoteInit.java:778)
05-23 06:19:50.558  3992  3992 D Error   : # via Binder call with stack:
05-23 06:19:50.558  3992  3992 D Error   : android.os.StrictMode$LogStackTrace
05-23 06:19:50.558  3992  3992 D Error   : 	at android.os.StrictMode.readAndHandleBinderCallViolations(StrictMode.java:1960)
05-23 06:19:50.558  3992  3992 D Error   : 	at android.os.Parcel.readExceptionCode(Parcel.java:1665)
05-23 06:19:50.558  3992  3992 D Error   : 	at android.os.Parcel.readException(Parcel.java:1634)
05-23 06:19:50.558  3992  3992 D Error   : 	at lbm.isGoogleReleaseSigned(:com.google.android.gms:158)
05-23 06:19:50.558  3992  3992 D Error   : 	at juo.a(:com.google.android.gms:482)
05-23 06:19:50.558  3992  3992 D Error   : 	at kjo.b(:com.google.android.gms:327)
05-23 06:19:50.558  3992  3992 D Error   : 	at kjo.a(:com.google.android.gms:219)
05-23 06:19:50.558  3992  3992 D Error   : 	at com.google.android.gms.chimera.container.GmsModuleFinder.a(:com.google.android.gms:2202)
05-23 06:19:50.558  3992  3992 D Error   : 	at com.google.android.gms.chimera.container.GmsModuleFinder.a(:com.google.android.gms:1115)
05-23 06:19:50.558  3992  3992 D Error   : 	at com.google.android.gms.chimera.container.GmsModuleFinder.a(:com.google.android.gms:70)
05-23 06:19:50.558  3992  3992 D Error   : 	at jis.a(:com.google.android.gms:26)
05-23 06:19:50.558  3992  3992 D Error   : 	at bxm.a(:com.google.android.gms:1123)
05-23 06:19:50.558  3992  3992 D Error   : 	at bxm.onReceive(:com.google.android.gms:229)
05-23 06:19:50.558  3992  3992 D Error   : 	at jis.onReceive(:com.google.android.gms:62)
05-23 06:19:50.558  3992  3992 D Error   : 	at android.app.ActivityThread.handleReceiver(ActivityThread.java:3055)
05-23 06:19:50.558  3992  3992 D Error   : 	at android.app.ActivityThread.-wrap18(ActivityThread.java)
05-23 06:19:50.558  3992  3992 D Error   : 	at android.app.ActivityThread$H.handleMessage(ActivityThread.java:1572)
05-23 06:19:50.558  3992  3992 D Error   : 	at android.os.Handler.dispatchMessage(Handler.java:102)
05-23 06:19:50.558  3992  3992 D Error   : 	at android.os.Looper.loop(Looper.java:154)
05-23 06:19:50.558  3992  3992 D Error   : 	at android.app.ActivityThread.main(ActivityThread.java:6169)
05-23 06:19:50.558  3992  3992 D Error   : 	at java.lang.reflect.Method.invoke(Native Method)
05-23 06:19:50.558  3992  3992 D Error   : 	at com.android.internal.os.ZygoteInit$MethodAndArgsCaller.run(ZygoteInit.java:888)
05-23 06:19:50.558  3992  3992 D Error   : 	at com.android.internal.os.ZygoteInit.main(ZygoteInit.java:778)
05-23 06:19:50.558  3992  3992 D Error   : # via Binder call with stack:
05-23 06:19:50.558  3992  3992 D Error   : android.os.StrictMode$LogStackTrace
05-23 06:19:50.558  3992  3992 D Error   : 	at android.os.StrictMode.readAndHandleBinderCallViolations(StrictMode.java:1960)
05-23 06:19:50.558  3992  3992 D Error   : 	at android.os.Parcel.readExceptionCode(Parcel.java:1665)
05-23 06:19:50.558  3992  3992 D Error   : 	at android.os.Parcel.readException(Parcel.java:1634)
05-23 06:19:50.558  3992  3992 D Error   : 	at lbg.a(:com.google.android.gms:119)
05-23 06:19:50.558  3992  3992 D Error   : 	at laj.a(:com.google.android.gms:66)
05-23 06:19:50.558  3992  3992 D Error   : 	at oji.a(:com.google.android.gms:187)
05-23 06:19:50.558  3992  3992 D Error   : 	at kyy.a(:com.google.android.gms:161)
05-23 06:19:50.558  3992  3992 D Error   : 	at lbi.onTransact(:com.google.android.gms:85)
05-23 06:19:50.558  3992  3992 D Error   : 	at android.os.Binder.transact(Binder.java:499)
05-23 06:19:50.558  3992  3992 D Error   : 	at bxp.onTransact(:com.google.android.gms:35)
05-23 06:19:50.558  3992  3992 D Error   : 	at android.os.Binder.execTransact(Binder.java:565)
05-23 06:19:50.558  3992  3992 D Error   : # via Binder call with stack:
05-23 06:19:50.558  3992  3992 D Error   : android.os.StrictMode$LogStackTrace
05-23 06:19:50.558  3992  3992 D Error   : 	at android.os.StrictMode.readAndHandleBinderCallViolations(StrictMode.java:1960)
05-23 06:19:50.558  3992  3992 D Error   : 	at android.os.Parcel.readExceptionCode(Parcel.java:1665)
05-23 06:19:50.558  3992  3992 D Error   : 	at android.os.Parcel.readException(Parcel.java:1634)
05-23 06:19:50.558  3992  3992 D Error   : 	at lbj.a(:com.google.andro
05-23 06:19:50.558  3992  3992 D Error   : ERR: TOTAL BYTES WRITTEN: 24532
05-23 06:19:50.559  3992  3992 D StrictMode: Wrote violation #3 of 5: 24576 bytes
05-23 06:19:50.559  3992  3992 D Error   : ERR: exClass=android.os.StrictMode$StrictModeDiskReadViolation
05-23 06:19:50.559  3992  3992 D Error   : ERR: exMsg=policy=23068679 violation=2
05-23 06:19:50.559  3992  3992 D Error   : ERR: file=StrictMode.java
05-23 06:19:50.559  3992  3992 D Error   : ERR: class=android.os.StrictMode$AndroidBlockGuardPolicy
05-23 06:19:50.559  3992  3992 D Error   : ERR: method=onReadFromDisk line=1293
05-23 06:19:50.559  3992  3992 D Error   : ERR: stack=android.os.StrictMode$StrictModeDiskReadViolation: policy=23068679 violation=2
05-23 06:19:50.559  3992  3992 D Error   : 	at android.os.StrictMode$AndroidBlockGuardPolicy.onReadFromDisk(StrictMode.java:1293)
05-23 06:19:50.559  3992  3992 D Error   : 	at android.app.SharedPreferencesImpl.awaitLoadedLocked(SharedPreferencesImpl.java:213)
05-23 06:19:50.559  3992  3992 D Error   : 	at android.app.SharedPreferencesImpl.getAll(SharedPreferencesImpl.java:225)
05-23 06:19:50.559  3992  3992 D Error   : 	at alya.<init>(:com.google.android.gms:2176)
05-23 06:19:50.559  3992  3992 D Error   : 	at alya.a(:com.google.android.gms:139)
05-23 06:19:50.559  3992  3992 D Error   : 	at com.google.android.location.reporting.service.ReportingAndroidChimeraService.onCreate(:com.google.android.gms:56)
05-23 06:19:50.559  3992  3992 D Error   : 	at bzc.onCreate(:com.google.android.gms:148)
05-23 06:19:50.559  3992  3992 D Error   : 	at jix.onCreate(:com.google.android.gms:63)
05-23 06:19:50.559  3992  3992 D Error   : 	at android.app.ActivityThread.handleCreateService(ActivityThread.java:3206)
05-23 06:19:50.559  3992  3992 D Error   : 	at android.app.ActivityThread.-wrap5(ActivityThread.java)
05-23 06:19:50.559  3992  3992 D Error   : 	at android.app.ActivityThread$H.handleMessage(ActivityThread.java:1578)
05-23 06:19:50.559  3992  3992 D Error   : 	at android.os.Handler.dispatchMessage(Handler.java:102)
05-23 06:19:50.559  3992  3992 D Error   : 	at android.os.Looper.loop(Looper.java:154)
05-23 06:19:50.559  3992  3992 D Error   : 	at android.app.ActivityThread.main(ActivityThread.java:6169)
05-23 06:19:50.559  3992  3992 D Error   : 	at java.lang.reflect.Method.invoke(Native Method)
05-23 06:19:50.559  3992  3992 D Error   : 	at com.android.internal.os.ZygoteInit$MethodAndArgsCaller.run(ZygoteInit.java:888)
05-23 06:19:50.559  3992  3992 D Error   : 	at com.android.internal.os.ZygoteInit.main(ZygoteInit.java:778)
05-23 06:19:50.559  3992  3992 D Error   : # via Binder call with stack:
05-23 06:19:50.559  3992  3992 D Error   : android.os.StrictMode$LogStackTrace
05-23 06:19:50.559  3992  3992 D Error   : 	at android.os.StrictMode.readAndHandleBinderCallViolations(StrictMode.java:1960)
05-23 06:19:50.559  3992  3992 D Error   : 	at android.os.Parcel.readExceptionCode(Parcel.java:1665)
05-23 06:19:50.559  3992  3992 D Error   : 	at android.os.Parcel.readException(Parcel.java:1634)
05-23 06:19:50.559  3992  3992 D Error   : 	at lbm.isGoogleReleaseSigned(:com.google.android.gms:158)
05-23 06:19:50.559  3992  3992 D Error   : 	at juo.a(:com.google.android.gms:482)
05-23 06:19:50.559  3992  3992 D Error   : 	at kjo.b(:com.google.android.gms:327)
05-23 06:19:50.559  3992  3992 D Error   : 	at kjo.a(:com.google.android.gms:219)
05-23 06:19:50.559  3992  3992 D Error   : 	at com.google.android.gms.chimera.container.GmsModuleFinder.a(:com.google.android.gms:2202)
05-23 06:19:50.559  3992  3992 D Error   : 	at com.google.android.gms.chimera.container.GmsModuleFinder.a(:com.google.android.gms:1115)
05-23 06:19:50.559  3992  3992 D Error   : 	at com.google.android.gms.chimera.container.GmsModuleFinder.a(:com.google.android.gms:70)
05-23 06:19:50.559  3992  3992 D Error   : 	at jis.a(:com.google.android.gms:26)
05-23 06:19:50.559  3992  3992 D Error   : 	at bxm.a(:com.google.android.gms:1123)
05-23 06:19:50.559  3992  3992 D Error   : 	at bxm.onReceive(:com.google.android.gms:229)
05-23 06:19:50.559  3992  3992 D Error   : 	at jis.onReceive(:com.google.android.gms:62)
05-23 06:19:50.559  3992  3992 D Error   : 	at android.app.ActivityThread.handleReceiver(ActivityThread.java:3055)
05-23 06:19:50.559  3992  3992 D Error   : 	at android.app.ActivityThread.-wrap18(ActivityThread.java)
05-23 06:19:50.559  3992  3992 D Error   : 	at android.app.ActivityThread$H.handleMessage(ActivityThread.java:1572)
05-23 06:19:50.559  3992  3992 D Error   : 	at android.os.Handler.dispatchMessage(Handler.java:102)
05-23 06:19:50.559  3992  3992 D Error   : 	at android.os.Looper.loop(Looper.java:154)
05-23 06:19:50.559  3992  3992 D Error   : 	at android.app.ActivityThread.main(ActivityThread.java:6169)
05-23 06:19:50.559  3992  3992 D Error   : 	at java.lang.reflect.Method.invoke(Native Method)
05-23 06:19:50.559  3992  3992 D Error   : 	at com.android.internal.os.ZygoteInit$MethodAndArgsCaller.run(ZygoteInit.java:888)
05-23 06:19:50.559  3992  3992 D Error   : 	at com.android.internal.os.ZygoteInit.main(ZygoteInit.java:778)
05-23 06:19:50.559  3992  3992 D Error   : # via Binder call with stack:
05-23 06:19:50.559  3992  3992 D Error   : android.os.StrictMode$LogStackTrace
05-23 06:19:50.559  3992  3992 D Error   : 	at android.os.StrictMode.readAndHandleBinderCallViolations(StrictMode.java:1960)
05-23 06:19:50.559  3992  3992 D Error   : 	at android.os.Parcel.readExceptionCode(Parcel.java:1665)
05-23 06:19:50.559  3992  3992 D Error   : 	at android.os.Parcel.readException(Parcel.java:1634)
05-23 06:19:50.559  3992  3992 D Error   : 	at lbg.a(:com.google.android.gms:119)
05-23 06:19:50.559  3992  3992 D Error   : 	at laj.a(:com.google.android.gms:66)
05-23 06:19:50.559  3992  3992 D Error   : 	at oji.a(:com.google.android.gms:187)
05-23 06:19:50.559  3992  3992 D Error   : 	at kyy.a(:com.google.android.gms:161)
05-23 06:19:50.559  3992  3992 D Error   : 	at lbi.onTransact(:com.google.android.gms:85)
05-23 06:19:50.559  3992  3992 D Error   : 	at android.os.Binder.transact(Binder.java:499)
05-23 06:19:50.559  3992  3992 D Error   : 	at bxp.onTransact(:com.google.android.gms:35)
05-23 06:19:50.559  3992  3992 D Error   : 	at android.os.Binder.execTransact(Binder.java:565)
05-23 06:19:50.559  3992  3992 D Error   : # via Binder call with stack:
05-23 06:19:50.559  3992  3992 D Error   : android.os.StrictMode$LogStackTrace
05-23 06:19:50.559  3992  3992 D Error   : 	at android.os.StrictMode.readAndHandleBinderCallViolations(StrictMode.java:1960)
05-23 06:19:50.559  3992  3992 D Error   : 	at android.os.Parcel.readExceptionCode(Parcel.java:1665)
05-23 06:19:50.559  3992  3992 D Error   : 	at android.os.Parcel.readException(Parcel.java:1634)
05-23 06:19:50.559  3992  3992 D Error   : 	at lbj.a(:com.google.android.gms:270)
05-23 06:19:50.559  3992  3992 D Error   : 	at kzf.a(:com.google.android.gms:1311)
05-23 06:19:50.559  3992  3992 D Error   : 	at kzo.a(:com.google.android.gms:408)
05-23 06:19:50.559  3992  3992 D Error   : 	at kzq.a(:com.google.android.gms:733)
05-23 06:19:50.559  3992  3992 D Error   : 	at kzg.a(:com.google.android.gms:1837)
05-23 06:19:50.559  3992  3992 D Error   : 	at kzj.handleMessage(:com.google.android.gms:4345)
05-23 06:19:50.559  3992  3992 D Error   : 	at android.os.Handler.dispatchMessage(Handler.java:102)
05-23 06:19:50.559  3992  3992 D Error   : 	at android.os.Looper.loop(Looper.java:154)
05-23 06:19:50.559  3992  3992 D Error   : 	at android.app.ActivityThread.main(ActivityThread.java:6169)
05-23 06:19:50.559  3992  3992 D Error   : 	at java.lang.reflect.Method.invoke(Native Method)
05-23 06:19:50.559  3992  3992 D Error   : 	at com.android.internal.os.ZygoteInit$MethodAndArgsCaller.run(Zygo
05-23 06:19:50.559  3992  3992 D Error   : ERR: TOTAL BYTES WRITTEN: 23524
05-23 06:19:50.559  3992  3992 D StrictMode: Wrote violation #4 of 5: 23568 bytes
05-23 06:19:50.924   774  3633 I ActivityManager: Start proc 27568:com.android.inputmethod.latin/u0a55 for broadcast com.android.inputmethod.latin/com.google.android.apps.inputmethod.libs.experiments.PhenotypeExperimentUpdateAvailableBroadcastReceiver
05-23 06:19:52.585   774   823 I ActivityManager: Start proc 27624:com.google.android.apps.nexuslauncher/u0a24 for broadcast com.google.android.apps.nexuslauncher/.qsb.OPAStatusReceiver
05-23 06:20:02.064   774  3539 I ActivityManager: Killing 24982:com.google.android.configupdater/u0a43 (adj 906): empty #17
05-23 06:20:02.082   774 10011 D ActivityManager: cleanUpApplicationRecord -- 24982
05-23 06:20:15.092   774   823 I ActivityManager: Killing 25070:com.android.printspooler/u0a61 (adj 906): empty #17
05-23 06:20:15.094   774   823 I ActivityManager: Killing 25041:com.google.android.partnersetup/u0a39 (adj 906): empty #18
05-23 06:20:15.154   774  4170 D ActivityManager: cleanUpApplicationRecord -- 25041
05-23 06:20:15.169   774  2861 D ActivityManager: cleanUpApplicationRecord -- 25070
05-23 06:21:15.209   774   823 I ProcessStatsService: Prepared write state in 28ms
05-23 06:21:15.211   774   823 I ProcessStatsService: Prepared write state in 2ms
05-23 06:21:15.213   774   822 I ProcessStatsService: Pruning old procstats: /data/system/procstats/state-2017-05-21-19-02-19.bin
05-23 06:23:34.647   774   774 I BackupManagerService: Beginning scheduled full backup operation
05-23 06:23:34.650   774   774 I BackupManagerService: Full backup time but com.google.android.gsf.login is busy; deferring to 2017-05-23 07:32:26
05-23 06:23:34.653   774   774 I BackupManagerService: Nothing pending full backup; rescheduling +14797
05-23 06:24:00.637   774   774 I BackupManagerService: Beginning scheduled full backup operation
05-23 06:24:00.640   774   774 I BackupManagerService: Full backup time but android.ext.services is busy; deferring to 2017-05-23 09:13:26
05-23 06:24:00.642   774   774 I BackupManagerService: Nothing pending full backup; rescheduling +4106158
05-23 06:33:19.986   774  4166 E KernelCpuSpeedReader: Failed to read cpu-freq: /sys/devices/system/cpu/cpu4/cpufreq/stats/time_in_state (No such file or directory)
05-23 06:33:20.001   774  4166 E BatteryStatsService: modem info is invalid: ModemActivityInfo{ mTimestamp=50510204 mSleepTimeMs=45057026 mIdleTimeMs=-38818707 mTxTimeMs[]=[187, 164, 189, 30, 6] mRxTimeMs=271759 mEnergyUsed=0}
05-23 06:42:33.867   774   822 I UsageStatsService: User[0] Flushing usage stats to disk
05-23 07:00:01.775   774   774 D ConditionProviders.SCP: onReceive ScheduleConditionProvider.EVALUATE
05-23 07:00:01.783   774   774 D ConditionProviders.SCP: notifyCondition condition://android/schedule?days=6.7&start=23.30&end=10.0&exitAtAlarm=false STATE_FALSE reason=!meetsSchedule
05-23 07:00:01.785   774   774 D ConditionProviders.SCP: notifyCondition condition://android/schedule?days=1.2.3.4.5&start=22.0&end=7.0&exitAtAlarm=false STATE_FALSE reason=!meetsSchedule
05-23 07:00:01.786   774   774 D ConditionProviders.SCP: Scheduling evaluate for Tue May 23 10:00:00 GMT+09:00 2017 (1495501200000), in +2h59m58s225ms, now=Tue May 23 07:00:01 GMT+09:00 2017 (1495490401775)
05-23 07:00:01.840   774   774 D ZenLog  : config: conditionChanged,ZenModeConfig[user=0,allowCalls=true,allowRepeatCallers=false,allowMessages=false,allowCallsFrom=contacts,allowMessagesFrom=contacts,allowReminders=true,allowEvents=true,allowWhenScreenOff=true,allowWhenScreenOn=true,automaticRules={c35a3e56e8984457b66e0549ae0463aa=ZenRule[enabled=false,snoozing=false,name=Weeknight,zenMode=ZEN_MODE_ALARMS,conditionId=condition://android/schedule?days=1.2.3.4.5&start=22.0&end=7.0&exitAtAlarm=false,condition=Condition[id=condition://android/schedule?days=1.2.3.4.5&start=22.0&end=7.0&exitAtAlarm=false,summary=...,line1=...,line2=...,icon=0,state=STATE_FALSE,flags=2],component=ComponentInfo{android/com.android.server.notification.ScheduleConditionProvider},id=c35a3e56e8984457b66e0549ae0463aa,creationTime=45827593093,enabler=null], ab02de16d8a14d62bb1956cedf0f5829=ZenRule[enabled=false,snoozing=false,name=Weekend,zenMode=ZEN_MODE_ALARMS,conditionId=condition://android/schedule?days=6.7&start=23.30&end=10.0&exitAtAlarm=false,condition=Condition[id=condition://android/schedule?days=6.7&start=23.30&end=10.0&exitAtAlarm=false,summary=...,line1=...,line2=...,icon=0,state=STATE_FALSE,flags=2],component=ComponentInfo{android/com.android.server.notification.ScheduleConditionProvider},id=ab02de16d8a14d62bb1956cedf0f5829,creationTime=45827593093,enabler=null], f440e8f7200944979b29e2ab2fe01030=ZenRule[enabled=false,snoozing=false,name=Event,zenMode=ZEN_MODE_ALARMS,conditionId=condition://android/event?userId=-10000&calendar=&reply=1,condition=Condition[id=condition://android/event?userId=-10000&calendar=&reply=1,summary=...,line1=...,line2=...,icon=0,state=STATE_FALSE,flags=2],component=ComponentInfo{android/com.android.server.notification.EventConditionProvider},id=f440e8f7200944979b29e2ab2fe01030,creationTime=45827593094,enabler=null]},manualRule=null],Diff[automaticRule[c35a3e56e8984457b66e0549ae0463aa].condition:Condition[id=condition://android/schedule?days=1.2.3.4.5&start=22.0&end=7.0&exitAtAlarm=false,summary=...,line1=...,line2=...,icon=0,state=STATE_TRUE,flags=2]->Condition[id=condition://android/schedule?days=1.2.3.4.5&start=22.0&end=7.0&exitAtAlarm=false,summary=...,line1=...,line2=...,icon=0,state=STATE_FALSE,flags=2]]
05-23 07:00:02.336   774   774 D ZenLog  : set_zen_mode: off,conditionChanged
05-23 07:05:44.956   774   822 D ConnectivityService: requestNetwork for uid/pid:1000/774 NetworkRequest [ REQUEST id=109, legacyType=3, [ Transports: CELLULAR Capabilities: SUPL&NOT_RESTRICTED&TRUSTED&NOT_VPN] ]
05-23 07:05:45.520   774   793 D NetworkNotificationManager: clearNotification id=65537
05-23 07:05:45.522   774  8204 D ConnectivityService: registerNetworkAgent NetworkAgentInfo{ ni{[type: MOBILE[LTE], state: CONNECTED/CONNECTED, reason: connected, extra: lte.ktfwing.com, failover: false, available: true, roaming: false, metered: true]}  network{113}  nethandle{485347740382}  lp{{InterfaceName: rmnet_data0 LinkAddresses: [102.147.239.233/30,]  Routes: [0.0.0.0/0 -> 102.147.239.234 rmnet_data0,] DnsAddresses: [211.219.86.1,168.126.63.1,] Domains: null MTU: 1450 TcpBufferSizes: 2097152,4194304,8388608,262144,524288,1048576}}  nc{[ Transports: CELLULAR Capabilities: MMS&SUPL&FOTA&CBS&INTERNET&NOT_RESTRICTED&TRUSTED&NOT_VPN LinkUpBandwidth>=51200Kbps LinkDnBandwidth>=102400Kbps Specifier: <1>]}  Score{10}  everValidated{false}  lastValidated{false}  created{false} lingering{false} explicitlySelected{false} acceptUnvalidated{false} everCaptivePortalDetected{false} lastCaptivePortalDetected{false} }
05-23 07:05:45.523   774  2799 D ConnectivityService: NetworkAgentInfo [MOBILE (LTE) - 113] EVENT_NETWORK_INFO_CHANGED, going from null to CONNECTED
05-23 07:05:45.527   774  2799 D ConnectivityService: Adding iface rmnet_data0 to network 113
05-23 07:05:45.561   774  2799 D ConnectivityService: Setting DNS servers for network 113 to [/211.219.86.1, /168.126.63.1]
05-23 07:05:45.592   774  2799 D ConnectivityService: Sending CONNECTED broadcast for type 3 NetworkAgentInfo [MOBILE (LTE) - 113] isDefaultNetwork=false
05-23 07:05:45.611   774   822 D ConnectivityService: Adding legacy route 114.0.0.0/32 -> 102.147.239.234 rmnet_data0 for UID/PID 1000/774
05-23 07:05:45.612   774   822 D ConnectivityService: requestRouteToHostAddress ok=true
05-23 07:05:46.520   774  2799 D ConnectivityService: releasing NetworkRequest [ REQUEST id=109, legacyType=3, [ Transports: CELLULAR Capabilities: SUPL&NOT_RESTRICTED&TRUSTED&NOT_VPN] ]
05-23 07:05:46.522   774  2799 D ConnectivityService: no live requests for NetworkAgentInfo [MOBILE (LTE) - 113]; disconnecting
05-23 07:05:46.523   774  2799 D ConnectivityService: Sending DISCONNECTED broadcast for type 3 NetworkAgentInfo [MOBILE (LTE) - 113] isDefaultNetwork=false
05-23 07:05:46.525   774  2799 D ConnectivityService: NetworkAgentInfo [MOBILE (LTE) - 113] got DISCONNECTED, was satisfying 6
05-23 07:05:46.661   774  2799 D NetworkNotificationManager: clearNotification id=113
05-23 07:17:43.036   774   823 I ActivityManager: Killing 25262:com.google.android.gms:snet/u0a36 (adj 906): empty for 1800s
05-23 07:17:43.170   774  3539 D ActivityManager: cleanUpApplicationRecord -- 25262
05-23 07:17:44.203   774  3243 I ActivityManager: Start proc 28736:com.google.android.gms:snet/u0a36 for service com.google.android.gms/.chimera.SnetIntentOperationService
05-23 07:20:17.518   774 10012 I ActivityManager: Killing 25326:com.google.android.gms.feedback/u0a36 (adj 906): empty for 1800s
05-23 07:20:18.672   774  4132 D ActivityManager: cleanUpApplicationRecord -- 25326
05-23 07:25:28.373   774   793 I ActivityManager: Killing 25460:com.google.android.calendar/u0a68 (adj 906): empty for 1801s
05-23 07:25:28.374   774   793 I ActivityManager: Killing 25438:com.android.providers.calendar/u0a2 (adj 906): empty for 1801s
05-23 07:25:28.374   774   793 I ActivityManager: Killing 24921:com.google.android.gms.unstable/u0a36 (adj 906): empty for 1802s
05-23 07:25:28.411   774 13362 D ActivityManager: cleanUpApplicationRecord -- 25460
05-23 07:25:28.425   774 10010 D ActivityManager: cleanUpApplicationRecord -- 24921
05-23 07:25:28.428   774  3243 D ActivityManager: cleanUpApplicationRecord -- 25438
05-23 07:28:28.517   774   823 I ActivityManager: Killing 23420:android.process.media/u0a14 (adj 906): empty for 1803s
05-23 07:28:28.626   774  4166 D ActivityManager: cleanUpApplicationRecord -- 23420
05-23 07:29:17.490   774  4170 I ActivityManager: Killing 25559:com.google.android.music:main/u0a79 (adj 906): empty for 1803s
05-23 07:29:17.528   774  3243 D ActivityManager: cleanUpApplicationRecord -- 25559
05-23 07:32:30.116   774   774 I BackupManagerService: Beginning scheduled full backup operation
05-23 07:32:30.118   774   774 I BackupManagerService: Full backup time but com.google.android.gsf.login is busy; deferring to 2017-05-23 10:27:08
05-23 07:32:30.122   774   774 I BackupManagerService: Nothing pending full backup; rescheduling +936367
05-23 07:34:31.130   774  3243 I ActivityManager: Start proc 29080:com.android.providers.calendar/u0a2 for content provider com.android.providers.calendar/.CalendarProvider2
05-23 07:34:49.043   774  2861 I ActivityManager: Start proc 29100:com.google.android.calendar/u0a68 for broadcast com.google.android.calendar/.alerts.AlertReceiver
05-23 07:38:34.069   774  3243 I ActivityManager: Start proc 29212:com.google.android.youtube/u0a102 for service com.google.android.youtube/com.google.android.libraries.youtube.common.gcore.gcoreclient.gcm.impl.GcmTaskServiceDelegator
05-23 07:38:35.231   774 10014 W ActivityManager: Permission Denial: Accessing service ComponentInfo{com.google.android.music/com.google.android.music.dial.DialMediaRouteProviderService} from pid=29212, uid=10102 that is not exported from uid 10079
05-23 07:40:33.433   774   822 D ConnectivityService: requestNetwork for uid/pid:1000/774 NetworkRequest [ REQUEST id=111, legacyType=3, [ Transports: CELLULAR Capabilities: SUPL&NOT_RESTRICTED&TRUSTED&NOT_VPN] ]
05-23 07:40:34.055   774  2861 D NetworkNotificationManager: clearNotification id=65537
05-23 07:40:34.058   774  4166 D ConnectivityService: registerNetworkAgent NetworkAgentInfo{ ni{[type: MOBILE[LTE], state: CONNECTED/CONNECTED, reason: connected, extra: lte.ktfwing.com, failover: false, available: true, roaming: false, metered: true]}  network{114}  nethandle{489642707678}  lp{{InterfaceName: rmnet_data0 LinkAddresses: [100.76.124.178/30,]  Routes: [0.0.0.0/0 -> 100.76.124.177 rmnet_data0,] DnsAddresses: [211.219.86.1,168.126.63.1,] Domains: null MTU: 1450 TcpBufferSizes: 2097152,4194304,8388608,262144,524288,1048576}}  nc{[ Transports: CELLULAR Capabilities: MMS&SUPL&FOTA&CBS&INTERNET&NOT_RESTRICTED&TRUSTED&NOT_VPN LinkUpBandwidth>=51200Kbps LinkDnBandwidth>=102400Kbps Specifier: <1>]}  Score{10}  everValidated{false}  lastValidated{false}  created{false} lingering{false} explicitlySelected{false} acceptUnvalidated{false} everCaptivePortalDetected{false} lastCaptivePortalDetected{false} }
05-23 07:40:34.059   774  2799 D ConnectivityService: NetworkAgentInfo [MOBILE (LTE) - 114] EVENT_NETWORK_INFO_CHANGED, going from null to CONNECTED
05-23 07:40:34.060   774  2799 D ConnectivityService: Adding iface rmnet_data0 to network 114
05-23 07:40:34.118   774  2799 D ConnectivityService: Setting DNS servers for network 114 to [/211.219.86.1, /168.126.63.1]
05-23 07:40:34.178   774  2799 D ConnectivityService: Sending CONNECTED broadcast for type 3 NetworkAgentInfo [MOBILE (LTE) - 114] isDefaultNetwork=false
05-23 07:40:34.193   774   822 D ConnectivityService: Adding legacy route 114.0.0.0/32 -> 100.76.124.177 rmnet_data0 for UID/PID 1000/774
05-23 07:40:34.195   774   822 D ConnectivityService: requestRouteToHostAddress ok=true
05-23 07:40:34.636   774  2799 D NetworkNotificationManager: clearNotification id=114
05-23 07:40:34.637   774  2799 D ConnectivityService: NetworkAgentInfo [MOBILE (LTE) - 114] validation passed
05-23 07:40:35.103   774  2799 D ConnectivityService: releasing NetworkRequest [ REQUEST id=111, legacyType=3, [ Transports: CELLULAR Capabilities: SUPL&NOT_RESTRICTED&TRUSTED&NOT_VPN] ]
05-23 07:40:35.105   774  2799 D ConnectivityService: no live requests for NetworkAgentInfo [MOBILE (LTE) - 114]; disconnecting
05-23 07:40:35.105   774  2799 D ConnectivityService: Sending DISCONNECTED broadcast for type 3 NetworkAgentInfo [MOBILE (LTE) - 114] isDefaultNetwork=false
05-23 07:40:35.108   774  2799 D ConnectivityService: NetworkAgentInfo [MOBILE (LTE) - 114] got DISCONNECTED, was satisfying 7
05-23 07:48:41.435   774   774 I BackupManagerService: Beginning scheduled full backup operation
05-23 07:48:41.440   774   774 I BackupManagerService: Full backup time but com.nexon.nxplay is busy; deferring to 2017-05-23 10:01:43
05-23 07:48:41.442   774   774 I BackupManagerService: Nothing pending full backup; rescheduling +584848
05-23 07:58:26.338   774   774 I BackupManagerService: Beginning scheduled full backup operation
05-23 07:58:26.343   774   774 I BackupManagerService: Full backup time but com.android.smspush is busy; deferring to 2017-05-23 09:34:29
05-23 07:58:26.346   774   774 I BackupManagerService: Nothing pending full backup; rescheduling +434658
05-23 08:05:42.148   774   774 I BackupManagerService: Beginning scheduled full backup operation
05-23 08:05:42.154   774   774 I BackupManagerService: Full backup time but com.google.android.backuptransport is busy; deferring to 2017-05-23 10:45:26
05-23 08:05:42.156   774   774 I BackupManagerService: Nothing pending full backup; rescheduling +4064273
05-23 08:15:43.742   774   794 I ActivityManager: Start proc 30193:com.google.android.play.games.ui/u0a114 for service com.google.android.play.games/com.google.android.gms.games.service.PlayGamesBridgeService
05-23 08:20:16.696   774   822 I UsageStatsService: User[0] Flushing usage stats to disk
05-23 08:33:40.873   774 13362 E KernelCpuSpeedReader: Failed to read cpu-freq: /sys/devices/system/cpu/cpu4/cpufreq/stats/time_in_state (No such file or directory)
05-23 08:33:40.898   774 13362 E BatteryStatsService: modem info is invalid: ModemActivityInfo{ mTimestamp=57731684 mSleepTimeMs=53155548 mIdleTimeMs=-45024379 mTxTimeMs[]=[279, 271, 203, 34, 14] mRxTimeMs=357262 mEnergyUsed=0}
05-23 08:37:33.554   774 10010 I ActivityManager: Killing 26259:com.google.android.talk/u0a74 (adj 906): empty for 1800s
05-23 08:37:33.606   774  8204 D ActivityManager: cleanUpApplicationRecord -- 26259
05-23 08:40:43.148   774   774 V BackupManagerService: Scheduling immediate backup pass
05-23 08:40:43.151   774   774 V BackupManagerService: Running a backup pass
05-23 08:40:43.152   774  3988 V BackupManagerService: clearing pending backups
05-23 08:40:43.153   774  3988 V PerformBackupTask: Beginning backup of 3 targets
05-23 08:40:43.164   774  3988 D PerformBackupTask: invokeAgentForBackup on @pm@
05-23 08:40:43.176   774  3988 I BackupRestoreController: Getting widget state for user: 0
05-23 08:40:43.177   774  3988 D PerformBackupTask: starting key/value backup of BackupRequest{pkg=com.android.providers.settings}
05-23 08:40:43.178   774  3988 D BackupManagerService: awaiting agent for ApplicationInfo{b5f6db8 com.android.providers.settings}
05-23 08:40:43.181   774   774 D BackupManagerService: agentConnected pkg=com.android.providers.settings agent=android.app.backup.BackupAgent$BackupServiceBinder@8cc3bb
05-23 08:40:43.181   774  3988 I BackupManagerService: got agent android.app.backup.BackupAgent$BackupServiceBinder@8cc3bb
05-23 08:40:43.181   774  3988 D PerformBackupTask: invokeAgentForBackup on com.android.providers.settings
05-23 08:40:43.195   774  3988 I ActivityManager: Start proc 30713:android.process.media/u0a14 for content provider com.android.providers.media/.MediaProvider
05-23 08:40:43.417   774  3988 I BackupRestoreController: Getting widget state for user: 0
05-23 08:40:43.418   774  3988 D PerformBackupTask: starting key/value backup of BackupRequest{pkg=com.google.android.music}
05-23 08:40:43.430   774  3988 I ActivityManager: Start proc 30729:com.google.android.music:main/u0a79 for backup com.google.android.music/.preferences.MusicPreferencesBackupAgent
05-23 08:40:43.430   774  3988 D BackupManagerService: awaiting agent for ApplicationInfo{e51f852 com.google.android.music}
05-23 08:40:44.194   774  4132 D BackupManagerService: agentConnected pkg=com.google.android.music agent=android.os.BinderProxy@1c6a680
05-23 08:40:44.194   774  3988 I BackupManagerService: got agent android.app.IBackupAgent$Stub$Proxy@f5014b9
05-23 08:40:44.194   774  3988 D PerformBackupTask: invokeAgentForBackup on com.google.android.music
05-23 08:40:44.239   774  3988 I BackupRestoreController: Getting widget state for user: 0
05-23 08:40:45.043   774  3988 V KeyValueBackupJob: Scheduling k/v pass in 240 minutes
05-23 08:40:45.047   774  3988 D PerformBackupTask: starting key/value backup of BackupRequest{pkg=android}
05-23 08:40:45.048   774  3988 D BackupManagerService: awaiting agent for ApplicationInfo{35bd3c1 android}
05-23 08:40:45.049   774   774 D BackupManagerService: agentConnected pkg=android agent=android.app.backup.BackupAgent$BackupServiceBinder@fbdf3e5
05-23 08:40:45.049   774  3988 I BackupManagerService: got agent android.app.backup.BackupAgent$BackupServiceBinder@fbdf3e5
05-23 08:40:45.049   774  3988 D PerformBackupTask: invokeAgentForBackup on android
05-23 08:40:46.316   774  3988 I BackupRestoreController: Getting widget state for user: 0
05-23 08:40:47.046   774  3988 I BackupManagerService: K/V backup pass finished.
05-23 08:40:54.511   774   827 E KernelCpuSpeedReader: Failed to read cpu-freq: /sys/devices/system/cpu/cpu4/cpufreq/stats/time_in_state (No such file or directory)
05-23 08:40:54.531   774   827 E BatteryStatsService: modem info is invalid: ModemActivityInfo{ mTimestamp=58165347 mSleepTimeMs=53155548 mIdleTimeMs=-45024379 mTxTimeMs[]=[279, 271, 203, 34, 14] mRxTimeMs=357262 mEnergyUsed=0}
05-23 08:41:33.607   774  3632 I PowerManagerService: Waking up from sleep (uid 10100)...
05-23 08:41:33.658   774   852 I DisplayPowerController: Blocking screen on until initial contents have been drawn.
05-23 08:41:33.711   774   774 V FingerprintService: stop client com.android.systemui
05-23 08:41:33.745   774   850 I DisplayManagerService: Display device changed state: "  ", ON
05-23 08:41:33.762   774   850 W LocalDisplayAdapter: Unable to find color mode 0, ignoring request.
05-23 08:41:33.814   774   774 W FingerprintService: client com.android.systemui is no longer authenticating
05-23 08:41:33.832   774   774 V FingerprintService: Done with client: com.android.systemui
05-23 08:41:33.832   774   774 V FingerprintService: handleError(client=com.android.systemui, error = 5)
05-23 08:41:34.293   774   852 I DisplayPowerController: Unblocked screen on after 635 ms
05-23 08:41:34.354   774  3242 I ActivityManager: Setting hasTopUi=true for pid=2891
05-23 08:41:34.356   774   793 I ActivityManager: Setting hasTopUi=false for pid=2891
05-23 08:41:34.392   774  4132 I ActivityManager: Setting hasTopUi=true for pid=2891
05-23 08:41:40.179   774  4166 I ActivityManager: Setting hasTopUi=false for pid=2891
05-23 08:41:48.612   774   852 I PowerManagerService: Going to sleep due to screen timeout (uid 1000)...
05-23 08:41:48.640   774   774 V FingerprintService: startAuthentication(com.android.systemui)
05-23 08:41:48.640   774   774 V FingerprintService: starting client AuthenticationClient(com.android.systemui), initiatedByClient = true)
05-23 08:41:48.642   774   774 W FingerprintService: client com.android.systemui is authenticating...
05-23 08:41:48.990   774   850 I DisplayManagerService: Display device changed state: "  ", OFF
05-23 08:41:48.993   774   850 W LocalDisplayAdapter: Unable to find color mode 0, ignoring request.
05-23 08:41:49.121   774   852 I PowerManagerService: Sleeping (uid 1000)...
05-23 08:41:49.322   774   824 I WindowManager: OverscanTimeout run
05-23 08:41:49.496   774  3631 I ActivityManager: START u0 {flg=0x14000000 cmp=com.nexon.nxplay/.playrock.screen.NXPLockScreenActivity} from uid 10096 on display 0
05-23 08:43:28.775   774   823 I ActivityManager: Killing 27624:com.google.android.apps.nexuslauncher/u0a24 (adj 906): empty for 1818s
05-23 08:43:28.776   774   823 I ActivityManager: Killing 27541:com.google.android.gms.ui/u0a36 (adj 906): empty for 1820s
05-23 08:43:28.848   774  3243 D ActivityManager: cleanUpApplicationRecord -- 27541
05-23 08:43:28.864   774   794 D ActivityManager: cleanUpApplicationRecord -- 27624
05-23 08:46:43.319   774   822 D ConnectivityService: requestNetwork for uid/pid:1000/774 NetworkRequest [ REQUEST id=112, legacyType=3, [ Transports: CELLULAR Capabilities: SUPL&NOT_RESTRICTED&TRUSTED&NOT_VPN] ]
05-23 08:46:43.901   774 10015 D ConnectivityService: registerNetworkAgent NetworkAgentInfo{ ni{[type: MOBILE[LTE], state: CONNECTED/CONNECTED, reason: connected, extra: lte.ktfwing.com, failover: false, available: true, roaming: false, metered: true]}  network{115}  nethandle{493937674974}  lp{{InterfaceName: rmnet_data0 LinkAddresses: [10.31.134.115/29,]  Routes: [0.0.0.0/0 -> 10.31.134.116 rmnet_data0,] DnsAddresses: [211.219.86.1,168.126.63.1,] Domains: null MTU: 1450 TcpBufferSizes: 2097152,4194304,8388608,262144,524288,1048576}}  nc{[ Transports: CELLULAR Capabilities: MMS&SUPL&FOTA&CBS&INTERNET&NOT_RESTRICTED&TRUSTED&NOT_VPN LinkUpBandwidth>=51200Kbps LinkDnBandwidth>=102400Kbps Specifier: <1>]}  Score{10}  everValidated{false}  lastValidated{false}  created{false} lingering{false} explicitlySelected{false} acceptUnvalidated{false} everCaptivePortalDetected{false} lastCaptivePortalDetected{false} }
05-23 08:46:43.902   774  2799 D ConnectivityService: NetworkAgentInfo [MOBILE (LTE) - 115] EVENT_NETWORK_INFO_CHANGED, going from null to CONNECTED
05-23 08:46:43.905   774  2799 D ConnectivityService: Adding iface rmnet_data0 to network 115
05-23 08:46:43.905   774  8204 D NetworkNotificationManager: clearNotification id=65537
05-23 08:46:43.949   774  2799 D ConnectivityService: Setting DNS servers for network 115 to [/211.219.86.1, /168.126.63.1]
05-23 08:46:43.982   774  2799 D ConnectivityService: Sending CONNECTED broadcast for type 3 NetworkAgentInfo [MOBILE (LTE) - 115] isDefaultNetwork=false
05-23 08:46:43.999   774   822 D ConnectivityService: Adding legacy route 114.0.0.0/32 -> 10.31.134.116 rmnet_data0 for UID/PID 1000/774
05-23 08:46:44.000   774   822 D ConnectivityService: requestRouteToHostAddress ok=true
05-23 08:46:44.542   774  2799 D NetworkNotificationManager: clearNotification id=115
05-23 08:46:44.543   774  2799 D ConnectivityService: NetworkAgentInfo [MOBILE (LTE) - 115] validation passed
05-23 08:46:44.889   774  2799 D ConnectivityService: releasing NetworkRequest [ REQUEST id=112, legacyType=3, [ Transports: CELLULAR Capabilities: SUPL&NOT_RESTRICTED&TRUSTED&NOT_VPN] ]
05-23 08:46:44.891   774  2799 D ConnectivityService: no live requests for NetworkAgentInfo [MOBILE (LTE) - 115]; disconnecting
05-23 08:46:44.892   774  2799 D ConnectivityService: Sending DISCONNECTED broadcast for type 3 NetworkAgentInfo [MOBILE (LTE) - 115] isDefaultNetwork=false
05-23 08:46:44.896   774  2799 D ConnectivityService: NetworkAgentInfo [MOBILE (LTE) - 115] got DISCONNECTED, was satisfying 7
05-23 08:46:57.977   774   823 I ProcessStatsService: Prepared write state in 3ms
05-23 09:32:25.427   774  5987 I ActivityManager: Killing 28736:com.google.android.gms:snet/u0a36 (adj 906): empty for 1801s
05-23 09:32:25.428   774  5987 I ActivityManager: Killing 23305:com.google.android.apps.photos/u0a75 (adj 906): empty for 1801s
05-23 09:32:25.428   774  5987 I ActivityManager: Killing 27568:com.android.inputmethod.latin/u0a55 (adj 906): empty for 1802s
05-23 09:32:25.489   774  4170 D ActivityManager: cleanUpApplicationRecord -- 28736
05-23 09:32:25.593   774 10010 D ActivityManager: cleanUpApplicationRecord -- 27568
05-23 09:32:25.616   774  4166 D ActivityManager: cleanUpApplicationRecord -- 23305
05-23 09:41:45.749   774   822 D ConnectivityService: requestNetwork for uid/pid:1000/774 NetworkRequest [ REQUEST id=113, legacyType=3, [ Transports: CELLULAR Capabilities: SUPL&NOT_RESTRICTED&TRUSTED&NOT_VPN] ]
05-23 09:41:46.315   774  8203 D ConnectivityService: registerNetworkAgent NetworkAgentInfo{ ni{[type: MOBILE[LTE], state: CONNECTED/CONNECTED, reason: connected, extra: lte.ktfwing.com, failover: false, available: true, roaming: false, metered: true]}  network{116}  nethandle{498232642270}  lp{{InterfaceName: rmnet_data0 LinkAddresses: [10.177.14.165/30,]  Routes: [0.0.0.0/0 -> 10.177.14.166 rmnet_data0,] DnsAddresses: [211.246.100.49,168.126.63.1,] Domains: null MTU: 1450 TcpBufferSizes: 2097152,4194304,8388608,262144,524288,1048576}}  nc{[ Transports: CELLULAR Capabilities: MMS&SUPL&FOTA&CBS&INTERNET&NOT_RESTRICTED&TRUSTED&NOT_VPN LinkUpBandwidth>=51200Kbps LinkDnBandwidth>=102400Kbps Specifier: <1>]}  Score{10}  everValidated{false}  lastValidated{false}  created{false} lingering{false} explicitlySelected{false} acceptUnvalidated{false} everCaptivePortalDetected{false} lastCaptivePortalDetected{false} }
05-23 09:41:46.315   774  2799 D ConnectivityService: NetworkAgentInfo [MOBILE (LTE) - 116] EVENT_NETWORK_INFO_CHANGED, going from null to CONNECTED
05-23 09:41:46.315   774  8203 D NetworkNotificationManager: clearNotification id=65537
05-23 09:41:46.317   774  2799 D ConnectivityService: Adding iface rmnet_data0 to network 116
05-23 09:41:46.348   774  2799 D ConnectivityService: Setting DNS servers for network 116 to [/211.246.100.49, /168.126.63.1]
05-23 09:41:46.379   774  2799 D ConnectivityService: Sending CONNECTED broadcast for type 3 NetworkAgentInfo [MOBILE (LTE) - 116] isDefaultNetwork=false
05-23 09:41:46.400   774   822 D ConnectivityService: Adding legacy route 114.0.0.0/32 -> 10.177.14.166 rmnet_data0 for UID/PID 1000/774
05-23 09:41:46.402   774   822 D ConnectivityService: requestRouteToHostAddress ok=true
05-23 09:41:46.868   774  2799 D NetworkNotificationManager: clearNotification id=116
05-23 09:41:46.869   774  2799 D ConnectivityService: NetworkAgentInfo [MOBILE (LTE) - 116] validation passed
