05-23 11:16:02.421 21537 21537 W ActivityThread: Application com.ktshow.cs can be debugged on port 8100...
05-23 11:16:10.347   774  2861 I ActivityManager: Process com.google.process.gapps (pid 21104) has died
05-23 11:16:10.347   774  2861 D ActivityManager: cleanUpApplicationRecord -- 21104
05-23 11:17:36.529   774   827 E BatteryStatsService: modem info is invalid: ModemActivityInfo{ mTimestamp=67567208 mSleepTimeMs=61191105 mIdleTimeMs=-59376813 mTxTimeMs[]=[8, 2, 9, 0, 0] mRxTimeMs=70691 mEnergyUsed=0}
05-23 11:17:49.416   774 10014 I ActivityManager: Setting hasTopUi=true for pid=2891
05-23 11:17:49.809   774 10013 I ActivityManager: Setting hasTopUi=false for pid=2891
05-23 11:17:49.845   774 10010 W InputMethodManagerService: Window already focused, ignoring focus gain of: com.android.internal.view.IInputMethodClient$Stub$Proxy@8e2684 attribute=null, token = android.os.BinderProxy@fd6dd84
05-23 11:17:56.747   774  3634 I ActivityManager: Setting hasTopUi=true for pid=2891
05-23 11:18:00.969   774 10015 W InputMethodManagerService: Window already focused, ignoring focus gain of: com.android.internal.view.IInputMethodClient$Stub$Proxy@e425333 attribute=null, token = android.os.BinderProxy@fd6dd84
05-23 11:18:00.978   774  4132 I ActivityManager: Setting hasTopUi=false for pid=2891
05-23 11:18:01.469   774  3539 I ActivityManager: Setting hasTopUi=true for pid=2891
05-23 11:18:01.929   774 10014 W InputMethodManagerService: Window already focused, ignoring focus gain of: com.android.internal.view.IInputMethodClient$Stub$Proxy@40926f0 attribute=null, token = android.os.BinderProxy@fd6dd84
05-23 11:18:01.939   774  2859 I ActivityManager: Setting hasTopUi=false for pid=2891
05-23 11:19:00.487   774  5987 I ActivityManager: Setting hasTopUi=true for pid=2891
05-23 11:19:00.493   774 10013 I ActivityManager: Setting hasTopUi=false for pid=2891
05-23 11:19:00.622   774   793 I ActivityManager: Setting hasTopUi=true for pid=2891
05-23 11:19:06.364   774  4170 I ActivityManager: Setting hasTopUi=false for pid=2891
05-23 11:19:49.608   774   827 E BatteryStatsService: modem info is invalid: ModemActivityInfo{ mTimestamp=67700281 mSleepTimeMs=61191105 mIdleTimeMs=-59376813 mTxTimeMs[]=[8, 2, 9, 0, 0] mRxTimeMs=70691 mEnergyUsed=0}
05-23 11:20:56.879   774   822 I UsageStatsService: User[0] Flushing usage stats to disk
05-23 11:21:38.385   774   827 E BatteryStatsService: modem info is invalid: ModemActivityInfo{ mTimestamp=67809063 mSleepTimeMs=61191105 mIdleTimeMs=-59376813 mTxTimeMs[]=[8, 2, 9, 0, 0] mRxTimeMs=70691 mEnergyUsed=0}
05-23 11:21:49.403   774  3632 I ActivityManager: Start proc 22734:com.google.process.gapps/u0a36 for content provider com.google.android.gsf/.gservices.GservicesProvider
05-23 11:22:18.996   774   827 E BatteryStatsService: modem info is invalid: ModemActivityInfo{ mTimestamp=67849673 mSleepTimeMs=61191105 mIdleTimeMs=-59376813 mTxTimeMs[]=[8, 2, 9, 0, 0] mRxTimeMs=70691 mEnergyUsed=0}
05-23 11:22:29.318   774 10010 I ActivityManager: Process com.ktshow.cs (pid 21537) has died
05-23 11:22:29.318   774 10010 D ActivityManager: cleanUpApplicationRecord -- 21537
05-23 11:22:54.094   774   824 W LocalDisplayAdapter: Unable to find color mode 0, ignoring request.
05-23 11:22:54.222   774   850 I WindowManager: Screen frozen for +213ms due to Window{e12b96d u0 com.com2us.smon.normal.freefull.google.kr.android.common/com.com2us.smon.normal.freefull.google.kr.android.common.SubActivity}
05-23 11:22:57.793   774   794 I ActivityManager: Setting hasTopUi=true for pid=2891
05-23 11:23:04.565   774   794 I ActivityManager: Setting hasTopUi=false for pid=2891
05-23 11:23:29.375   774   823 I ActivityManager: Start proc 23085:com.ktshow.cs/u0a107 for broadcast com.ktshow.cs/.widget.WidgetProvider4
05-23 11:23:29.512 23085 23085 W ActivityThread: Application com.ktshow.cs can be debugged on port 8100...
05-23 11:23:29.876   774  4169 I ActivityManager: Process com.google.process.gapps (pid 22734) has died
05-23 11:23:29.877   774  4169 D ActivityManager: cleanUpApplicationRecord -- 22734
05-23 11:23:36.869  2891  2891 V DeadZone: consuming errant click: (49.0,11.0)
05-23 11:23:37.965   774 13362 I ActivityManager: Setting hasTopUi=true for pid=2891
05-23 11:23:38.165   774  3242 W InputMethodManagerService: Window already focused, ignoring focus gain of: com.android.internal.view.IInputMethodClient$Stub$Proxy@27858bc attribute=null, token = android.os.BinderProxy@fd6dd84
05-23 11:23:39.986   774 10012 I ActivityManager: Setting hasTopUi=false for pid=2891
05-23 11:23:41.133   774  3632 I ActivityManager: Setting hasTopUi=true for pid=2891
05-23 11:23:41.906   774   794 W InputMethodManagerService: Window already focused, ignoring focus gain of: com.android.internal.view.IInputMethodClient$Stub$Proxy@d044a8 attribute=null, token = android.os.BinderProxy@fd6dd84
05-23 11:23:41.925   774  3634 I ActivityManager: Setting hasTopUi=false for pid=2891
05-23 11:23:42.293   774   794 I ActivityManager: Setting hasTopUi=true for pid=2891
05-23 11:23:43.836   774  4132 W InputMethodManagerService: Window already focused, ignoring focus gain of: com.android.internal.view.IInputMethodClient$Stub$Proxy@f889bc1 attribute=null, token = android.os.BinderProxy@fd6dd84
05-23 11:23:43.843   774   794 I ActivityManager: Setting hasTopUi=false for pid=2891
05-23 11:24:30.661   774   827 E BatteryStatsService: modem info is invalid: ModemActivityInfo{ mTimestamp=67981339 mSleepTimeMs=62922545 mIdleTimeMs=-61184228 mTxTimeMs[]=[0, 1, 6, 4, 1] mRxTimeMs=65700 mEnergyUsed=0}
05-23 11:25:58.108   774  8203 I ActivityManager: Setting hasTopUi=true for pid=2891
05-23 11:25:58.618   774  5987 W InputMethodManagerService: Window already focused, ignoring focus gain of: com.android.internal.view.IInputMethodClient$Stub$Proxy@b5bcd4c attribute=null, token = android.os.BinderProxy@fd6dd84
05-23 11:25:58.628   774 10010 I ActivityManager: Setting hasTopUi=false for pid=2891
05-23 11:26:10.674   774   774 W ActivityManager: Application dead when creating service ServiceRecord{7cc1e9b u0 com.facebook.katana/com.facebook.analytics2.logger.LollipopUploadService}
05-23 11:26:10.674   774   774 I ActivityManager: Process com.facebook.katana (pid 16272) has died
05-23 11:26:10.674   774   774 D ActivityManager: cleanUpApplicationRecord -- 16272
05-23 11:26:10.675   774   774 W ActivityManager: Scheduling restart of crashed service com.facebook.katana/com.facebook.mqttlite.MqttService in 1000ms
05-23 11:26:10.675   774   774 W ActivityManager: Scheduling restart of crashed service com.facebook.katana/com.facebook.analytics2.logger.LollipopUploadService in 10999ms
05-23 11:26:10.678   774   774 W ActivityManager: Scheduling restart of crashed service com.facebook.katana/com.facebook.analytics2.logger.LollipopUploadService in 43996ms
05-23 11:26:10.718   774   774 W ActivityManager: Exception when starting service com.facebook.katana/com.facebook.analytics2.logger.LollipopUploadService
05-23 11:26:10.718   774   774 W ActivityManager: android.os.DeadObjectException: Transaction failed on small parcel; remote process probably died
05-23 11:26:10.718   774   774 W ActivityManager: 	at android.os.BinderProxy.transactNative(Native Method)
05-23 11:26:10.718   774   774 W ActivityManager: 	at android.os.BinderProxy.transact(Binder.java:615)
05-23 11:26:10.718   774   774 W ActivityManager: 	at android.app.ApplicationThreadProxy.scheduleCreateService(ApplicationThreadNative.java:998)
05-23 11:26:10.718   774   774 W ActivityManager: 	at com.android.server.am.ActiveServices.realStartServiceLocked(ActiveServices.java:1817)
05-23 11:26:10.718   774   774 W ActivityManager: 	at com.android.server.am.ActiveServices.bringUpServiceLocked(ActiveServices.java:1720)
05-23 11:26:10.718   774   774 W ActivityManager: 	at com.android.server.am.ActiveServices.bindServiceLocked(ActiveServices.java:1046)
05-23 11:26:10.718   774   774 W ActivityManager: 	at com.android.server.am.ActivityManagerService.bindService(ActivityManagerService.java:17322)
05-23 11:26:10.718   774   774 W ActivityManager: 	at android.app.ContextImpl.bindServiceCommon(ContextImpl.java:1463)
05-23 11:26:10.718   774   774 W ActivityManager: 	at android.app.ContextImpl.bindServiceAsUser(ContextImpl.java:1430)
05-23 11:26:10.718   774   774 W ActivityManager: 	at com.android.server.job.JobServiceContext.executeRunnableJob(JobServiceContext.java:195)
05-23 11:26:10.718   774   774 W ActivityManager: 	at com.android.server.job.JobSchedulerService.assignJobsToContextsLocked(JobSchedulerService.java:1504)
05-23 11:26:10.718   774   774 W ActivityManager: 	at com.android.server.job.JobSchedulerService.-wrap3(JobSchedulerService.java)
05-23 11:26:10.718   774   774 W ActivityManager: 	at com.android.server.job.JobSchedulerService$JobHandler.maybeRunPendingJobsH(JobSchedulerService.java:1342)
05-23 11:26:10.718   774   774 W ActivityManager: 	at com.android.server.job.JobSchedulerService$JobHandler.handleMessage(JobSchedulerService.java:1128)
05-23 11:26:10.718   774   774 W ActivityManager: 	at android.os.Handler.dispatchMessage(Handler.java:102)
05-23 11:26:10.718   774   774 W ActivityManager: 	at android.os.Looper.loop(Looper.java:154)
05-23 11:26:10.718   774   774 W ActivityManager: 	at com.android.server.SystemServer.run(SystemServer.java:364)
05-23 11:26:10.718   774   774 W ActivityManager: 	at com.android.server.SystemServer.main(SystemServer.java:221)
05-23 11:26:10.718   774   774 W ActivityManager: 	at java.lang.reflect.Method.invoke(Native Method)
05-23 11:26:10.718   774   774 W ActivityManager: 	at com.android.internal.os.ZygoteInit$MethodAndArgsCaller.run(ZygoteInit.java:888)
05-23 11:26:10.718   774   774 W ActivityManager: 	at com.android.internal.os.ZygoteInit.main(ZygoteInit.java:778)
05-23 11:26:11.720   774   823 I ActivityManager: Start proc 23776:com.facebook.katana/u0a109 for service com.facebook.katana/com.facebook.mqttlite.MqttService
05-23 11:26:11.913   774 10012 I ActivityManager: Process com.ktshow.cs (pid 23085) has died
05-23 11:26:11.914   774 10012 D ActivityManager: cleanUpApplicationRecord -- 23085
05-23 11:26:18.798   774   774 E JobServiceContext: Time-out while trying to bind cd0ffb8 #u0a109/2131558417 com.facebook.katana/com.facebook.analytics2.logger.LollipopUploadService, dropping.
05-23 11:26:18.802 23776 23776 I ActivityThread: handleStopService: token=android.os.BinderProxy@bf8b59b not found.
05-23 11:26:23.299   774  2785 I ActivityManager: START u0 {act=android.intent.action.MAIN cat=[android.intent.category.HOME] flg=0x10200000 cmp=org.adwfreak.launcher/org.adw.launcherlib.Launcher (has extras)} from uid 1000 on display 0
05-23 11:26:23.925   774  3243 W LocalDisplayAdapter: Unable to find color mode 0, ignoring request.
05-23 11:26:23.943   774  3243 I ActivityManager: Config changes=480 {1.0 450mcc8mnc [ko_KR] ldltr sw411dp w411dp h659dp 420dpi nrml port finger -keyb/v/h -nav/h s.27}
05-23 11:26:25.727   774   850 W WindowManager: Window freeze timeout expired.
05-23 11:26:25.728   774   850 W WindowManager: Force clearing orientation change: Window{b801316 u0 NavigationBar}
05-23 11:26:25.728   774   850 W WindowManager: Force clearing orientation change: Window{f6779fd u0 org.adwfreak.launcher/org.adw.launcherlib.Launcher}
05-23 11:26:25.728   774   850 W WindowManager: Force clearing orientation change: Window{4443b0 u0 com.android.systemui.ImageWallpaper}
05-23 11:26:25.938   774   850 W WindowManager: App freeze timeout expired.
05-23 11:26:26.517   774   850 I WindowManager: Screen frozen for +2s790ms due to Window{b801316 u0 NavigationBar}
05-23 11:26:27.538   774 10010 D ConnectivityService: ConnectivityService NetworkRequestInfo binderDied(NetworkRequest [ LISTEN id=126, [ Capabilities: INTERNET&NOT_RESTRICTED&TRUSTED] ], android.os.BinderProxy@cf7575d)
05-23 11:26:27.539   774 10015 I ActivityManager: Process com.facebook.orca (pid 16450) has died
05-23 11:26:27.539   774 10015 D ActivityManager: cleanUpApplicationRecord -- 16450
05-23 11:26:27.539   774 10015 W ActivityManager: Scheduling restart of crashed service com.facebook.orca/com.facebook.mqttlite.MqttService in 1000ms
05-23 11:26:27.624   774  2799 E ConnectivityService: RemoteException caught trying to send a callback msg for NetworkRequest [ LISTEN id=126, [ Capabilities: INTERNET&NOT_RESTRICTED&TRUSTED] ]
05-23 11:26:28.146   774  3632 I ActivityManager: START u0 {flg=0x10804000 cmp=com.android.systemui/.recents.RecentsActivity} from uid 10033 on display 0
05-23 11:26:28.550   774   823 I ActivityManager: Start proc 23946:com.facebook.orca/u0a112 for service com.facebook.orca/com.facebook.mqttlite.MqttService
05-23 11:26:29.437   774  3633 I ActivityManager: Killing 18133:com.com2us.smon.normal.freefull.google.kr.android.common/u0a90 (adj 906): remove task
05-23 11:26:29.438   774   826 I libprocessgroup: Killing pid 18148 in uid 10090 as part of process group 18133
05-23 11:26:29.725   774   823 W BroadcastQueue: Permission Denial: broadcasting Intent { act=android.net.conn.CONNECTIVITY_CHANGE flg=0x4000010 (has extras) } from null (pid=-1, uid=-1) requires com.facebook.permission.prod.FB_APP_COMMUNICATION due to registered receiver BroadcastFilter{2fea594 u0 ReceiverList{ce1d5e7 23776 com.facebook.katana/10109/u0 remote:6db17a6}}
05-23 11:26:29.725   774   823 W BroadcastQueue: Permission Denial: broadcasting Intent { act=android.net.conn.INET_CONDITION_ACTION flg=0x4000010 (has extras) } from null (pid=-1, uid=-1) requires com.facebook.permission.prod.FB_APP_COMMUNICATION due to registered receiver BroadcastFilter{2fea594 u0 ReceiverList{ce1d5e7 23776 com.facebook.katana/10109/u0 remote:6db17a6}}
05-23 11:26:29.737   774  2861 I WindowManager: WIN DEATH: Window{892b20a u0 SurfaceView - com.com2us.smon.normal.freefull.google.kr.android.common/com.com2us.smon.normal.freefull.google.kr.android.common.SubActivity}
05-23 11:26:29.739   774 10010 D ConnectivityService: ConnectivityService NetworkRequestInfo binderDied(NetworkRequest [ LISTEN id=129, [ Capabilities: INTERNET&NOT_RESTRICTED&TRUSTED] ], android.os.BinderProxy@157c83d)
05-23 11:26:29.739   774 10010 D ConnectivityService: ConnectivityService NetworkRequestInfo binderDied(NetworkRequest [ LISTEN id=128, [ Capabilities: INTERNET&NOT_RESTRICTED&TRUSTED] ], android.os.BinderProxy@d910832)
05-23 11:26:29.740   774  4169 D ActivityManager: cleanUpApplicationRecord -- 18133
05-23 11:26:29.743   774  2799 E ConnectivityService: RemoteException caught trying to send a callback msg for NetworkRequest [ LISTEN id=129, [ Capabilities: INTERNET&NOT_RESTRICTED&TRUSTED] ]
05-23 11:26:29.744   774  2799 E ConnectivityService: RemoteException caught trying to send a callback msg for NetworkRequest [ LISTEN id=128, [ Capabilities: INTERNET&NOT_RESTRICTED&TRUSTED] ]
05-23 11:26:29.751   774  3633 I WindowManager: WIN DEATH: Window{e12b96d u0 com.com2us.smon.normal.freefull.google.kr.android.common/com.com2us.smon.normal.freefull.google.kr.android.common.SubActivity}
05-23 11:26:29.751   774  3633 W WindowManager: Force-removing child win Window{7a11320 u0 SurfaceView - com.com2us.smon.normal.freefull.google.kr.android.common/com.com2us.smon.normal.freefull.google.kr.android.common.SubActivity} from container Window{e12b96d u0 com.com2us.smon.normal.freefull.google.kr.android.common/com.com2us.smon.normal.freefull.google.kr.android.common.SubActivity}
05-23 11:26:29.873   774  3243 W WindowManager: Failed looking up window
05-23 11:26:29.873   774  3243 W WindowManager: java.lang.IllegalArgumentException: Requested window android.os.BinderProxy@db29223 does not exist
05-23 11:26:29.873   774  3243 W WindowManager: 	at com.android.server.wm.WindowManagerService.windowForClientLocked(WindowManagerService.java:9449)
05-23 11:26:29.873   774  3243 W WindowManager: 	at com.android.server.wm.WindowManagerService.windowForClientLocked(WindowManagerService.java:9440)
05-23 11:26:29.873   774  3243 W WindowManager: 	at com.android.server.wm.WindowState$DeathRecipient.binderDied(WindowState.java:1800)
05-23 11:26:29.873   774  3243 W WindowManager: 	at android.os.BinderProxy.sendDeathNotice(Binder.java:688)
05-23 11:26:29.873   774  3243 I WindowManager: WIN DEATH: null
05-23 11:26:29.913   774  3634 E ActivityManager: applyOptionsLocked: Unknown animationType=0
05-23 11:26:29.951   774   823 W BroadcastQueue: Permission Denial: broadcasting Intent { act=android.net.conn.CONNECTIVITY_CHANGE flg=0x4000010 (has extras) } from null (pid=-1, uid=-1) requires com.facebook.permission.prod.FB_APP_COMMUNICATION due to registered receiver BroadcastFilter{84c1f5 u0 ReceiverList{ef1132c 23776 com.facebook.katana/10109/u0 remote:f99adf}}
05-23 11:26:32.027   774   827 E BatteryStatsService: modem info is invalid: ModemActivityInfo{ mTimestamp=68102693 mSleepTimeMs=62922545 mIdleTimeMs=-61184228 mTxTimeMs[]=[0, 1, 6, 4, 1] mRxTimeMs=65700 mEnergyUsed=0}
05-23 11:26:33.290   774  4169 I ActivityManager: START u0 {flg=0x10804000 cmp=com.android.systemui/.recents.RecentsActivity} from uid 10033 on display 0
05-23 11:26:34.208   774 10015 I ActivityManager: Killing 14549:kr.co.invenapp/u0a88 (adj 906): remove task
05-23 11:26:34.290   774  3634 I WindowManager: WIN DEATH: Window{fc00e84 u0 kr.co.invenapp/kr.co.invenapp.HomeActivity}
05-23 11:26:34.291   774   793 D ConnectivityService: ConnectivityService NetworkRequestInfo binderDied(NetworkRequest [ LISTEN id=125, [ Capabilities: INTERNET&NOT_RESTRICTED&TRUSTED&FOREGROUND] ], android.os.BinderProxy@c1130dc)
05-23 11:26:34.291   774 15544 D ActivityManager: cleanUpApplicationRecord -- 14549
05-23 11:26:34.293   774  2799 E ConnectivityService: RemoteException caught trying to send a callback msg for NetworkRequest [ LISTEN id=125, [ Capabilities: INTERNET&NOT_RESTRICTED&TRUSTED&FOREGROUND] ]
05-23 11:26:34.293   774  2861 I WindowManager: WIN DEATH: Window{1a4e8f2 u0 kr.co.invenapp/kr.co.invenapp.DummyActivity}
05-23 11:26:34.569  2891  2891 V DeadZone: consuming errant click: (583.0,45.0)
05-23 11:26:34.873   774  3243 I ActivityManager: Start proc 24087:android.process.acore/u0a1 for content provider com.android.providers.contacts/.ContactsProvider2
05-23 11:26:35.354   774 10015 I ActivityManager: START u0 {act=android.intent.action.MAIN cat=[android.intent.category.HOME] flg=0x10200000 cmp=org.adwfreak.launcher/org.adw.launcherlib.Launcher} from uid 10033 on display 0
05-23 11:26:36.263   774  3631 I ActivityManager: START u0 {act=android.intent.action.MAIN cat=[android.intent.category.LAUNCHER] flg=0x10200000 cmp=com.nhn.android.search/.ui.pages.SearchHomePage bnds=[648,1565][864,1731]} from uid 10105 on display 0
05-23 11:26:36.349   774 10015 I ActivityManager: Start proc 24136:com.nhn.android.search/u0a104 for activity com.nhn.android.search/.ui.pages.SearchHomePage
05-23 11:26:37.246   774  3632 I ActivityManager: START u0 {flg=0x24000000 cmp=com.nhn.android.search/.proto.MainActivity (has extras)} from uid 10104 on display 0
05-23 11:26:37.271   774   823 W BroadcastQueue: Permission Denial: broadcasting Intent { act=android.net.conn.CONNECTIVITY_CHANGE flg=0x4000010 (has extras) } from null (pid=-1, uid=-1) requires com.facebook.permission.prod.FB_APP_COMMUNICATION due to registered receiver BroadcastFilter{7ab2ff7 u0 ReceiverList{3884ff6 23946 com.facebook.orca/10112/u0 remote:f6c0491}}
05-23 11:26:37.271   774   823 W BroadcastQueue: Permission Denial: broadcasting Intent { act=android.net.conn.INET_CONDITION_ACTION flg=0x4000010 (has extras) } from null (pid=-1, uid=-1) requires com.facebook.permission.prod.FB_APP_COMMUNICATION due to registered receiver BroadcastFilter{7ab2ff7 u0 ReceiverList{3884ff6 23946 com.facebook.orca/10112/u0 remote:f6c0491}}
05-23 11:26:37.298   774 10012 V PackageManager: DENY ephemeral apps; pkg: com.nhn.android.search, status: 2
05-23 11:26:37.325   774   823 W BroadcastQueue: Permission Denial: broadcasting Intent { act=android.net.conn.CONNECTIVITY_CHANGE flg=0x4000010 (has extras) } from null (pid=-1, uid=-1) requires com.facebook.permission.prod.FB_APP_COMMUNICATION due to registered receiver BroadcastFilter{a863401 u0 ReceiverList{7e015e8 23946 com.facebook.orca/10112/u0 remote:a4430b}}
05-23 11:26:40.811   774  2861 I ActivityManager: START u0 {flg=0x20000000 cmp=com.nhn.android.search/.ui.control.searchwindow.suggest.SearchWindowSuggestListActivity} from uid 10104 on display 0
05-23 11:26:44.900   774  2786 I PowerManagerService: Going to sleep due to power button (uid 1000)...
05-23 11:26:45.037   774   774 V FingerprintService: startAuthentication(com.android.systemui)
05-23 11:26:45.046   774   774 V FingerprintService: starting client AuthenticationClient(com.android.systemui), initiatedByClient = true)
05-23 11:26:45.046   774   774 W FingerprintService: client com.android.systemui is authenticating...
05-23 11:26:45.343   774   850 I DisplayManagerService: Display device changed state: "  ", OFF
05-23 11:26:45.354   774   850 W LocalDisplayAdapter: Unable to find color mode 0, ignoring request.
05-23 11:26:45.631   774   852 I PowerManagerService: Sleeping (uid 1000)...
05-23 11:26:45.658   774  3633 I ActivityManager: Setting hasTopUi=true for pid=2891
05-23 11:26:45.832   774   824 I WindowManager: OverscanTimeout run
05-23 11:26:46.081   774 15544 I ActivityManager: Start proc 24381:com.google.process.gapps/u0a36 for content provider com.google.android.gsf/.gservices.GservicesProvider
05-23 11:26:46.616   774  5987 I ActivityManager: START u0 {flg=0x14000000 cmp=com.nexon.nxplay/.playrock.screen.NXPLockScreenActivity} from uid 10096 on display 0
05-23 11:26:46.646   774  5987 I WindowManager: Failed to capture screenshot of Token{a12ab2a ActivityRecord{64ebc15 u0 com.nhn.android.search/.proto.MainActivity t1649}} appWin=Window{66dc8cf u0 com.nhn.android.search/com.nhn.android.search.proto.MainActivity} drawState=4
05-23 11:26:46.648   774  5987 W LocalDisplayAdapter: Unable to find color mode 0, ignoring request.
05-23 11:26:48.117   774  3243 I ActivityManager: Setting hasTopUi=false for pid=2891
05-23 11:27:03.415   774   827 E KernelCpuSpeedReader: Failed to read cpu-freq: /sys/devices/system/cpu/cpu4/cpufreq/stats/time_in_state (No such file or directory)
05-23 11:27:03.453   774   827 E KernelCpuSpeedReader: Failed to read cpu-freq: /sys/devices/system/cpu/cpu4/cpufreq/stats/time_in_state (No such file or directory)
05-23 11:27:06.206   774   823 E KernelCpuSpeedReader: Failed to read cpu-freq: /sys/devices/system/cpu/cpu4/cpufreq/stats/time_in_state (No such file or directory)
05-23 11:27:08.986   774  2786 I PowerManagerService: Waking up from sleep (uid 1000)...
05-23 11:27:09.018   774   852 E KernelCpuSpeedReader: Failed to read cpu-freq: /sys/devices/system/cpu/cpu4/cpufreq/stats/time_in_state (No such file or directory)
05-23 11:27:09.032   774   852 I DisplayPowerController: Blocking screen on until initial contents have been drawn.
05-23 11:27:09.048   774   774 V FingerprintService: stop client com.android.systemui
05-23 11:27:09.058   774   774 W FingerprintService: client com.android.systemui is no longer authenticating
05-23 11:27:09.058   774   774 V FingerprintService: Done with client: com.android.systemui
05-23 11:27:09.058   774   774 V FingerprintService: handleError(client=com.android.systemui, error = 5)
05-23 11:27:09.066   774   850 I DisplayManagerService: Display device changed state: "  ", ON
05-23 11:27:09.071   774   850 W LocalDisplayAdapter: Unable to find color mode 0, ignoring request.
05-23 11:27:09.301   774   852 I DisplayPowerController: Unblocked screen on after 267 ms
05-23 11:27:10.104   774  3634 W LocalDisplayAdapter: Unable to find color mode 0, ignoring request.
05-23 11:27:10.123   774 10010 I ActivityManager: Setting hasTopUi=true for pid=2891
05-23 11:27:10.195   774   774 V FingerprintService: startAuthentication(com.android.systemui)
05-23 11:27:10.195   774   774 V FingerprintService: starting client AuthenticationClient(com.android.systemui), initiatedByClient = true)
05-23 11:27:10.196   774   774 W FingerprintService: client com.android.systemui is authenticating...
05-23 11:27:11.141   774   774 V FingerprintService: onAuthenticated(owner=com.android.systemui, id=-866406720, gp=0)
05-23 11:27:11.147   774   774 V FingerprintService: Done with client: com.android.systemui
05-23 11:27:11.458   774  4166 I ActivityManager: Setting hasTopUi=false for pid=2891
05-23 11:27:11.466   774  3633 V PackageManager: DENY ephemeral apps; pkg: com.nhn.android.search, status: 2
05-23 11:27:11.512   774  3633 I ActivityManager: Start proc 24514:com.iloen.melon/u0a26 for broadcast com.iloen.melon/.player.drive.UserPresentReceiver
05-23 11:27:18.752   774 10010 I ActivityManager: START u0 {dat=http://m.news.naver.com/... flg=0x24000000 cmp=com.nhn.android.search/.browser.InAppBrowserActivity (has extras)} from uid 10104 on display 0
05-23 11:27:23.455   774  4132 I ActivityManager: Setting hasTopUi=true for pid=2891
05-23 11:27:24.638   774  3242 I ActivityManager: START u0 {cmp=com.kakao.talk/.activity.control.NotificationControlActivity (has extras)} from uid 10100 on display 0
05-23 11:27:24.652   774 10014 W InputMethodManagerService: Window already focused, ignoring focus gain of: com.android.internal.view.IInputMethodClient$Stub$Proxy@fe52607 attribute=null, token = android.os.BinderProxy@3743c9c
05-23 11:27:24.670   774  3242 W ActivityManager: startActivity called from non-Activity context; forcing Intent.FLAG_ACTIVITY_NEW_TASK for: Intent { cmp=com.kakao.talk/.activity.control.NotificationControlActivity (has extras) }
05-23 11:27:24.772   774  3634 E ActivityManager: applyOptionsLocked: Unknown animationType=0
05-23 11:27:25.022   774  4132 I ActivityManager: Setting hasTopUi=false for pid=2891
05-23 11:27:25.040   774  3631 I ActivityManager: START u0 {flg=0x4000000 cmp=com.kakao.talk/.activity.chat.ChatRoomActivity (has extras)} from uid 10100 on display 0
05-23 11:27:27.249   774 10010 V PackageManager: DENY ephemeral apps; pkg: com.nhn.android.search, status: 2
05-23 11:27:29.262   774   823 I ActivityManager: Start proc 24647:com.ktshow.cs/u0a107 for broadcast com.ktshow.cs/.widget.WidgetProvider4
05-23 11:27:29.332 24647 24647 W ActivityThread: Application com.ktshow.cs can be debugged on port 8100...
05-23 11:27:29.773   774  2785 I ActivityManager: START u0 {act=android.intent.action.MAIN cat=[android.intent.category.HOME] flg=0x10200000 cmp=org.adwfreak.launcher/org.adw.launcherlib.Launcher (has extras)} from uid 1000 on display 0
05-23 11:27:30.355   774  2786 I PowerManagerService: Going to sleep due to power button (uid 1000)...
05-23 11:27:30.365   774   774 V FingerprintService: startAuthentication(com.android.systemui)
05-23 11:27:30.365   774   774 V FingerprintService: starting client AuthenticationClient(com.android.systemui), initiatedByClient = true)
05-23 11:27:30.366   774   774 W FingerprintService: client com.android.systemui is authenticating...
05-23 11:27:30.722   774   850 I DisplayManagerService: Display device changed state: "  ", OFF
05-23 11:27:30.734   774   850 W LocalDisplayAdapter: Unable to find color mode 0, ignoring request.
05-23 11:27:30.912   774   852 I PowerManagerService: Sleeping (uid 1000)...
05-23 11:27:30.923   774 10012 I ActivityManager: Setting hasTopUi=true for pid=2891
05-23 11:27:31.113   774   824 I WindowManager: OverscanTimeout run
05-23 11:27:31.387   774 10015 I ActivityManager: START u0 {flg=0x14000000 cmp=com.nexon.nxplay/.playrock.screen.NXPLockScreenActivity} from uid 10096 on display 0
05-23 11:27:31.407   774 10015 W ActivityManager: Activity start request from 10096 stopped
05-23 11:27:34.777   774   823 W LocalDisplayAdapter: Unable to find color mode 0, ignoring request.
05-23 11:27:35.071   774  4169 I ActivityManager: Setting hasTopUi=false for pid=2891
05-23 11:27:35.752   774   823 E KernelCpuSpeedReader: Failed to read cpu-freq: /sys/devices/system/cpu/cpu4/cpufreq/stats/time_in_state (No such file or directory)
05-23 11:27:44.685   774   823 E KernelCpuSpeedReader: Failed to read cpu-freq: /sys/devices/system/cpu/cpu4/cpufreq/stats/time_in_state (No such file or directory)
05-23 11:27:48.597   774   827 E KernelCpuSpeedReader: Failed to read cpu-freq: /sys/devices/system/cpu/cpu4/cpufreq/stats/time_in_state (No such file or directory)
05-23 11:28:37.632   774   827 E KernelCpuSpeedReader: Failed to read cpu-freq: /sys/devices/system/cpu/cpu4/cpufreq/stats/time_in_state (No such file or directory)
05-23 11:29:18.475   774   827 E KernelCpuSpeedReader: Failed to read cpu-freq: /sys/devices/system/cpu/cpu4/cpufreq/stats/time_in_state (No such file or directory)
05-23 11:29:20.410   774   827 E KernelCpuSpeedReader: Failed to read cpu-freq: /sys/devices/system/cpu/cpu4/cpufreq/stats/time_in_state (No such file or directory)
05-23 11:29:32.785   774   827 E KernelCpuSpeedReader: Failed to read cpu-freq: /sys/devices/system/cpu/cpu4/cpufreq/stats/time_in_state (No such file or directory)
05-23 11:29:34.055   774   823 E KernelCpuSpeedReader: Failed to read cpu-freq: /sys/devices/system/cpu/cpu4/cpufreq/stats/time_in_state (No such file or directory)
05-23 11:29:42.511   774   827 E KernelCpuSpeedReader: Failed to read cpu-freq: /sys/devices/system/cpu/cpu4/cpufreq/stats/time_in_state (No such file or directory)
05-23 11:30:09.889   774   827 E KernelCpuSpeedReader: Failed to read cpu-freq: /sys/devices/system/cpu/cpu4/cpufreq/stats/time_in_state (No such file or directory)
05-23 11:30:09.911   774   827 E KernelCpuSpeedReader: Failed to read cpu-freq: /sys/devices/system/cpu/cpu4/cpufreq/stats/time_in_state (No such file or directory)
05-23 11:31:03.264   774   827 E KernelCpuSpeedReader: Failed to read cpu-freq: /sys/devices/system/cpu/cpu4/cpufreq/stats/time_in_state (No such file or directory)
05-23 11:31:04.877   774   827 E KernelCpuSpeedReader: Failed to read cpu-freq: /sys/devices/system/cpu/cpu4/cpufreq/stats/time_in_state (No such file or directory)
05-23 11:31:39.267   774   827 E KernelCpuSpeedReader: Failed to read cpu-freq: /sys/devices/system/cpu/cpu4/cpufreq/stats/time_in_state (No such file or directory)
05-23 11:32:38.409   774   827 E KernelCpuSpeedReader: Failed to read cpu-freq: /sys/devices/system/cpu/cpu4/cpufreq/stats/time_in_state (No such file or directory)
05-23 11:32:38.571   774 10012 D ConnectivityService: Returning blocked NetworkInfo to uid=10112
05-23 11:32:38.923   774  3634 D ConnectivityService: Returning blocked NetworkInfo to uid=10109
05-23 11:32:40.130   774   823 E KernelCpuSpeedReader: Failed to read cpu-freq: /sys/devices/system/cpu/cpu4/cpufreq/stats/time_in_state (No such file or directory)
05-23 11:32:41.610   774   822 D ConnectivityService: requestNetwork for uid/pid:1000/774 NetworkRequest [ REQUEST id=134, legacyType=3, [ Transports: CELLULAR Capabilities: SUPL&NOT_RESTRICTED&TRUSTED&NOT_VPN] ]
05-23 11:32:42.304   774  3634 D NetworkNotificationManager: clearNotification id=65537
05-23 11:32:42.315   774 13362 D ConnectivityService: registerNetworkAgent NetworkAgentInfo{ ni{[type: MOBILE[LTE], state: CONNECTED/CONNECTED, reason: connected, extra: lte.ktfwing.com, failover: false, available: true, roaming: false, metered: true]}  network{120}  nethandle{515412511454}  lp{{InterfaceName: rmnet_data0 LinkAddresses: [10.11.4.11/29,]  Routes: [0.0.0.0/0 -> 10.11.4.12 rmnet_data0,] DnsAddresses: [211.219.86.1,168.126.63.1,] Domains: null MTU: 1450 TcpBufferSizes: 2097152,4194304,8388608,262144,524288,1048576}}  nc{[ Transports: CELLULAR Capabilities: MMS&SUPL&FOTA&CBS&INTERNET&NOT_RESTRICTED&TRUSTED&NOT_VPN LinkUpBandwidth>=51200Kbps LinkDnBandwidth>=102400Kbps Specifier: <1>]}  Score{10}  everValidated{false}  lastValidated{false}  created{false} lingering{false} explicitlySelected{false} acceptUnvalidated{false} everCaptivePortalDetected{false} lastCaptivePortalDetected{false} }
05-23 11:32:42.315   774  2799 D ConnectivityService: NetworkAgentInfo [MOBILE (LTE) - 120] EVENT_NETWORK_INFO_CHANGED, going from null to CONNECTED
05-23 11:32:42.317   774  2799 D ConnectivityService: Adding iface rmnet_data0 to network 120
05-23 11:32:42.356   774  2799 D ConnectivityService: Setting DNS servers for network 120 to [/211.219.86.1, /168.126.63.1]
05-23 11:32:42.391   774  2799 D ConnectivityService: Sending CONNECTED broadcast for type 3 NetworkAgentInfo [MOBILE (LTE) - 120] isDefaultNetwork=false
05-23 11:32:42.406   774   822 D ConnectivityService: Adding legacy route 114.0.0.0/32 -> 10.11.4.12 rmnet_data0 for UID/PID 1000/774
05-23 11:32:42.408   774   822 D ConnectivityService: requestRouteToHostAddress ok=true
05-23 11:32:42.966   774  2799 D NetworkNotificationManager: clearNotification id=120
05-23 11:32:42.967   774  2799 D ConnectivityService: NetworkAgentInfo [MOBILE (LTE) - 120] validation passed
05-23 11:32:43.239   774  2799 D ConnectivityService: releasing NetworkRequest [ REQUEST id=134, legacyType=3, [ Transports: CELLULAR Capabilities: SUPL&NOT_RESTRICTED&TRUSTED&NOT_VPN] ]
05-23 11:32:43.241   774  2799 D ConnectivityService: no live requests for NetworkAgentInfo [MOBILE (LTE) - 120]; disconnecting
05-23 11:32:43.242   774  2799 D ConnectivityService: Sending DISCONNECTED broadcast for type 3 NetworkAgentInfo [MOBILE (LTE) - 120] isDefaultNetwork=false
05-23 11:32:43.244   774  2799 D ConnectivityService: NetworkAgentInfo [MOBILE (LTE) - 120] got DISCONNECTED, was satisfying 8
05-23 11:32:46.423   774   823 E KernelCpuSpeedReader: Failed to read cpu-freq: /sys/devices/system/cpu/cpu4/cpufreq/stats/time_in_state (No such file or directory)
05-23 11:32:58.493   774   827 E KernelCpuSpeedReader: Failed to read cpu-freq: /sys/devices/system/cpu/cpu4/cpufreq/stats/time_in_state (No such file or directory)
05-23 11:32:58.660   774   794 D ConnectivityService: Returning blocked NetworkInfo to uid=10100
05-23 11:34:03.336   774  2861 I ActivityManager: Start proc 24954:com.android.providers.calendar/u0a2 for content provider com.android.providers.calendar/.CalendarProvider2
05-23 11:34:39.189   774   827 E KernelCpuSpeedReader: Failed to read cpu-freq: /sys/devices/system/cpu/cpu4/cpufreq/stats/time_in_state (No such file or directory)
05-23 11:34:39.211   774   827 E KernelCpuSpeedReader: Failed to read cpu-freq: /sys/devices/system/cpu/cpu4/cpufreq/stats/time_in_state (No such file or directory)
05-23 11:34:39.314   774   827 E KernelCpuSpeedReader: Failed to read cpu-freq: /sys/devices/system/cpu/cpu4/cpufreq/stats/time_in_state (No such file or directory)
05-23 11:34:39.861   774  3631 I ActivityManager: Start proc 24975:com.google.android.calendar/u0a68 for broadcast com.google.android.calendar/.alerts.AlertReceiver
05-23 11:35:04.262   774   824 E NetdConnector: NDC Command {938 firewall set_uid_rule dozable 10068 allow} took too long (24400ms)
05-23 11:35:04.262   774   823 E KernelCpuSpeedReader: Failed to read cpu-freq: /sys/devices/system/cpu/cpu4/cpufreq/stats/time_in_state (No such file or directory)
05-23 11:35:04.279   774   827 E KernelCpuSpeedReader: Failed to read cpu-freq: /sys/devices/system/cpu/cpu4/cpufreq/stats/time_in_state (No such file or directory)
05-23 11:35:04.297   774   823 W ProcessCpuTracker: Skipping unknown process pid 24992
05-23 11:35:09.437   774   823 E KernelCpuSpeedReader: Failed to read cpu-freq: /sys/devices/system/cpu/cpu4/cpufreq/stats/time_in_state (No such file or directory)
05-23 11:36:39.510   774   827 E KernelCpuSpeedReader: Failed to read cpu-freq: /sys/devices/system/cpu/cpu4/cpufreq/stats/time_in_state (No such file or directory)
05-23 11:36:47.642   774  2786 I PowerManagerService: Waking up from sleep (uid 1000)...
05-23 11:36:47.646   774   774 V FingerprintService: stop client com.android.systemui
05-23 11:36:47.654   774   774 W FingerprintService: client com.android.systemui is no longer authenticating
05-23 11:36:47.658   774   774 V FingerprintService: Done with client: com.android.systemui
05-23 11:36:47.658   774   774 V FingerprintService: handleError(client=com.android.systemui, error = 5)
05-23 11:36:47.661   774   852 E KernelCpuSpeedReader: Failed to read cpu-freq: /sys/devices/system/cpu/cpu4/cpufreq/stats/time_in_state (No such file or directory)
05-23 11:36:47.672   774   852 I DisplayPowerController: Blocking screen on until initial contents have been drawn.
05-23 11:36:47.692   774   850 I DisplayManagerService: Display device changed state: "  ", ON
05-23 11:36:47.695   774   850 W LocalDisplayAdapter: Unable to find color mode 0, ignoring request.
05-23 11:36:47.889   774  3632 D ConnectivityService: Returning unblocked NetworkInfo to uid=10112
05-23 11:36:47.937   774   852 I DisplayPowerController: Unblocked screen on after 266 ms
05-23 11:36:50.158   774 10011 D ConnectivityService: Returning unblocked NetworkInfo to uid=10100
05-23 11:37:02.513   774   852 I PowerManagerService: Going to sleep due to screen timeout (uid 1000)...
05-23 11:37:02.534   774   774 V FingerprintService: startAuthentication(com.android.systemui)
05-23 11:37:02.534   774   774 V FingerprintService: starting client AuthenticationClient(com.android.systemui), initiatedByClient = true)
05-23 11:37:02.544   774   774 W FingerprintService: client com.android.systemui is authenticating...
05-23 11:37:02.897   774   850 I DisplayManagerService: Display device changed state: "  ", OFF
05-23 11:37:02.899   774   850 W LocalDisplayAdapter: Unable to find color mode 0, ignoring request.
05-23 11:37:03.047   774   852 I PowerManagerService: Sleeping (uid 1000)...
05-23 11:37:03.248   774   824 I WindowManager: OverscanTimeout run
05-23 11:37:03.369   774  3633 I ActivityManager: START u0 {flg=0x14000000 cmp=com.nexon.nxplay/.playrock.screen.NXPLockScreenActivity} from uid 10096 on display 0
05-23 11:37:11.235   774  2786 I PowerManagerService: Waking up from sleep (uid 1000)...
05-23 11:37:11.243   774   774 V FingerprintService: stop client com.android.systemui
05-23 11:37:11.251   774   774 W FingerprintService: client com.android.systemui is no longer authenticating
05-23 11:37:11.253   774   852 E KernelCpuSpeedReader: Failed to read cpu-freq: /sys/devices/system/cpu/cpu4/cpufreq/stats/time_in_state (No such file or directory)
05-23 11:37:11.264   774   852 I DisplayPowerController: Blocking screen on until initial contents have been drawn.
05-23 11:37:11.279   774   774 V FingerprintService: Done with client: com.android.systemui
05-23 11:37:11.279   774   774 V FingerprintService: handleError(client=com.android.systemui, error = 5)
05-23 11:37:11.283   774   850 I DisplayManagerService: Display device changed state: "  ", ON
05-23 11:37:11.285   774   850 W LocalDisplayAdapter: Unable to find color mode 0, ignoring request.
05-23 11:37:11.352   774 10012 D ConnectivityService: Returning unblocked NetworkInfo to uid=10109
05-23 11:37:11.518   774   852 I DisplayPowerController: Unblocked screen on after 252 ms
05-23 11:37:12.487   774  8204 W LocalDisplayAdapter: Unable to find color mode 0, ignoring request.
05-23 11:37:12.584   774  4170 I ActivityManager: Setting hasTopUi=true for pid=2891
05-23 11:37:12.628   774   774 V FingerprintService: startAuthentication(com.android.systemui)
05-23 11:37:12.628   774   774 V FingerprintService: starting client AuthenticationClient(com.android.systemui), initiatedByClient = true)
05-23 11:37:12.630   774   774 W FingerprintService: client com.android.systemui is authenticating...
05-23 11:37:13.409   774   774 V FingerprintService: onAuthenticated(owner=com.android.systemui, id=-866406720, gp=0)
05-23 11:37:13.415   774   774 V FingerprintService: Done with client: com.android.systemui
05-23 11:37:13.727   774  3539 I ActivityManager: Setting hasTopUi=false for pid=2891
05-23 11:37:18.784   774 10014 I ActivityManager: START u0 {act=android.intent.action.MAIN cat=[android.intent.category.LAUNCHER] flg=0x10200000 cmp=com.facebook.katana/.LoginActivity bnds=[857,1352][1051,1599]} from uid 10105 on display 0
05-23 11:37:19.555   774  4170 I ActivityManager: Start proc 25256:com.facebook.katana:videoplayer/u0a109 for service com.facebook.katana/com.facebook.video.vps.VideoPlayerService
05-23 11:37:20.018   774  2859 I ActivityManager: Start proc 25298:android.process.media/u0a14 for content provider com.android.providers.media/.MediaProvider
05-23 11:37:21.099   774   827 E BatteryStatsService: modem info is invalid: ModemActivityInfo{ mTimestamp=68751757 mSleepTimeMs=62922545 mIdleTimeMs=-61184228 mTxTimeMs[]=[0, 1, 6, 4, 1] mRxTimeMs=65700 mEnergyUsed=0}
05-23 11:37:28.605   774 10010 I ActivityManager: Start proc 25408:com.facebook.katana:browser/u0a109 for service com.facebook.katana/com.facebook.browser.lite.BrowserLiteIntentService
05-23 11:37:32.629   774  3631 W ActivityManager: Permission Denial: Accessing service ComponentInfo{com.google.android.music/com.google.android.music.dial.DialMediaRouteProviderService} from pid=23776, uid=10109 that is not exported from uid 10079
05-23 11:37:36.211   774   849 D BluetoothManagerService: Message: 20
05-23 11:37:36.211   774   849 D BluetoothManagerService: Added callback: android.bluetooth.IBluetoothManagerCallback$Stub$Proxy@371373a:true
05-23 11:37:53.100   774   823 W ActivityManager: Timeout executing service: ServiceRecord{7cc1e9b u0 com.facebook.katana/com.facebook.analytics2.logger.LollipopUploadService}
05-23 11:37:57.194   774   823 E ActivityManager: ANR in com.facebook.katana
05-23 11:37:57.194   774   823 E ActivityManager: PID: 23776
05-23 11:37:57.194   774   823 E ActivityManager: Reason: executing service com.facebook.katana/com.facebook.analytics2.logger.LollipopUploadService
05-23 11:37:57.194   774   823 E ActivityManager: Load: 8.5 / 9.32 / 9.8
05-23 11:37:57.194   774   823 E ActivityManager: CPU usage from 18317ms to 0ms ago (2017-05-23 11:37:34.851 to 2017-05-23 11:37:53.168):
05-23 11:37:57.194   774   823 E ActivityManager:   9% 23776/com.facebook.katana: 8.5% user + 0.4% kernel / faults: 60351 minor 138 major
05-23 11:37:57.194   774   823 E ActivityManager:   4.2% 412/surfaceflinger: 1.9% user + 2.2% kernel / faults: 36 minor
05-23 11:37:57.194   774   823 E ActivityManager:   2.8% 774/system_server: 1.5% user + 1.3% kernel / faults: 2184 minor 13 major
05-23 11:37:57.194   774   823 E ActivityManager:   1.5% 282/mmcqd/0: 0% user + 1.5% kernel
05-23 11:37:57.194   774   823 E ActivityManager:   1% 25151/mdss_fb0: 0% user + 1% kernel
05-23 11:37:57.194   774   823 E ActivityManager:   0.9% 273/cfinteractive: 0% user + 0.9% kernel
05-23 11:37:57.194   774   823 E ActivityManager:   0.7% 3/ksoftirqd/0: 0% user + 0.7% kernel
05-23 11:37:57.194   774   823 E ActivityManager:   0.2% 281/nanohub: 0% user + 0.2% kernel
05-23 11:37:57.194   774   823 E ActivityManager:   0.5% 10/rcu_preempt: 0% user + 0.5% kernel
05-23 11:37:57.194   774   823 E ActivityManager:   0.5% 223/irq/504-synapti: 0% user + 0.5% kernel
05-23 11:37:57.194   774   823 E ActivityManager:   0.1% 280/irq/605-nanohub: 0% user + 0.1% kernel
05-23 11:37:57.194   774   823 E ActivityManager:   0.4% 25815/com.kakao.talk: 0.3% user + 0.1% kernel / faults: 865 minor 12 major
05-23 11:37:57.194   774   823 E ActivityManager:   0.4% 22764/kworker/0:0: 0% user + 0.4% kernel
05-23 11:37:57.194   774   823 E ActivityManager:   0.3% 188/kgsl_worker_thr: 0% user + 0.3% kernel
05-23 11:37:57.194   774   823 E ActivityManager:   0.1% 25819/com.android.bluetooth: 0% user + 0% kernel / faults: 761 minor 4 major
05-23 11:37:57.194   774   823 E ActivityManager:   0.2% 142/kswapd0: 0% user + 0.2% kernel
05-23 11:37:57.194   774   823 E ActivityManager:   0.2% 172/vsync_retire_wo: 0% user + 0.2% kernel
05-23 11:37:57.194   774   823 E ActivityManager:   0.2% 178/hwrng: 0% user + 0.2% kernel
05-23 11:37:57.194   774   823 E ActivityManager:   0.2% 3992/com.google.android.gms.persistent: 0.1% user + 0% kernel / faults: 1815 minor 16 major
05-23 11:37:57.194   774   823 E ActivityManager:   0.1% 8/rcuc/0: 0% user + 0.1% kernel
05-23 11:37:57.194   774   823 E ActivityManager:   0.1% 311/msm-core:sampli: 0% user + 0.1% kernel
05-23 11:37:57.194   774   823 E ActivityManager:   0.1% 24294/kworker/u12:5: 0% user + 0.1% kernel
05-23 11:37:57.194   774   823 E ActivityManager:   0% 24357/kworker/u12:15: 0% user + 0% kernel
05-23 11:37:57.194   774   823 E ActivityManager:   0.1% 440/perfd: 0% user + 0.1% kernel / faults: 60 minor
05-23 11:37:57.194   774   823 E ActivityManager:   0.1% 2891/com.android.systemui: 0% user + 0.1% kernel / faults: 376 minor
05-23 11:37:57.194   774   823 E ActivityManager:   0% 47/msm_watchdog: 0% user + 0% kernel
05-23 11:37:57.194   774   823 E ActivityManager:   0% 53/kworker/u13:0: 0% user + 0% kernel
05-23 11:37:57.194   774   823 E ActivityManager:   0% 214/spi7: 0% user + 0% kernel
05-23 11:37:57.194   774   823 E ActivityManager:   0% 288/irq/224-spdm_bw: 0% user + 0% kernel
05-23 11:37:57.194   774   823 E ActivityManager:   0% 343/jbd2/mmcblk0p45: 0% user + 0% kernel
05-23 11:37:57.194   774   823 E ActivityManager:   0% 405/healthd: 0% user + 0% kernel / faults: 1 minor 2 major
05-23 11:37:57.194   774   823 E ActivityManager:   0% 454/mediaserver: 0% user + 0% kernel / faults: 18 minor
05-23 11:37:57.194   774   823 E ActivityManager:   0% 2844/wpa_supplicant: 0% user + 0% kernel / faults: 4 minor
05-23 11:37:57.194   774   823 E ActivityManager:   0% 3038/com.android.phone: 0% user + 0% kernel / faults: 195 minor
05-23 11:37:57.194   774   823 E ActivityManager:   0% 11645/com.nexon.nxplay: 0% user + 0% kernel / faults: 147 minor 3 major
05-23 11:37:57.194   774   823 E ActivityManager:   0% 24136/com.nhn.android.search: 0% user + 0% kernel / faults: 59 minor
05-23 11:37:57.194   774   823 E ActivityManager:   0% 24337/kworker/u12:6: 0% user + 0% kernel
05-23 11:37:57.194   774   823 E ActivityManager: 19% TOTAL: 11% user + 6.3% kernel + 1.1% iowait + 0.3% irq + 0.5% softirq
05-23 11:37:57.194   774   823 E ActivityManager: CPU usage from 3421ms to 3953ms later (2017-05-23 11:37:56.589 to 2017-05-23 11:37:57.121):
05-23 11:37:57.194   774   823 E ActivityManager:   25% 23776/com.facebook.katana: 21% user + 3.6% kernel / faults: 186 minor 1 major
05-23 11:37:57.194   774   823 E ActivityManager:     5.4% 25277/RenderThread: 5.4% user + 0% kernel
05-23 11:37:57.194   774   823 E ActivityManager:     1.8% 25325/P[10]_TigonCall: 1.8% user + 0% kernel
05-23 11:37:57.194   774   823 E ActivityManager:     1.8% 25374/P[10]_NetDisp11: 0% user + 1.8% kernel
05-23 11:37:57.194   774   823 E ActivityManager:   11% 412/surfaceflinger: 3.6% user + 7.3% kernel
05-23 11:37:57.194   774   823 E ActivityManager:     7.3% 412/surfaceflinger: 3.6% user + 3.6% kernel
05-23 11:37:57.194   774   823 E ActivityManager:     1.8% 505/EventThread: 1.8% user + 0% kernel
05-23 11:37:57.194   774   823 E ActivityManager:   9.3% 223/irq/504-synapti: 0% user + 9.3% kernel
05-23 11:37:57.194   774   823 E ActivityManager:   3.6% 774/system_server: 1.8% user + 1.8% kernel / faults: 54 minor
05-23 11:37:57.194   774   823 E ActivityManager:     1.8% 824/android.ui: 1.8% user + 0% kernel
05-23 11:37:57.194   774   823 E ActivityManager:     1.8% 2785/InputDispatcher: 0% user + 1.8% kernel
05-23 11:37:57.194   774   823 E ActivityManager:   3.3% 25151/mdss_fb0: 0% user + 3.3% kernel
05-23 11:37:57.194   774   823 E ActivityManager:   1.2% 3/ksoftirqd/0: 0% user + 1.2% kernel
05-23 11:37:57.194   774   823 E ActivityManager:   1.2% 10/rcu_preempt: 0% user + 1.2% kernel
05-23 11:37:57.194   774   823 E ActivityManager:   1.3% 53/kworker/u13:0: 0% user + 1.3% kernel
05-23 11:37:57.194   774   823 E ActivityManager:   1.3% 172/vsync_retire_wo: 0% user + 1.3% kernel
05-23 11:37:57.194   774   823 E ActivityManager:   1.3% 273/cfinteractive: 0% user + 1.3% kernel
05-23 11:37:57.194   774   823 E ActivityManager: 20% TOTAL: 12% user + 6.8% kernel + 0.3% iowait + 0.6% irq
05-23 11:38:00.062   774 10010 W InputMethodManagerService: Window already focused, ignoring focus gain of: com.android.internal.view.IInputMethodClient$Stub$Proxy@3f207bd attribute=null, token = android.os.BinderProxy@77fb847
05-23 11:38:00.176   774   850 W AppOps  : Finishing op nesting under-run: uid 1000 pkg android code 24 time=0 duration=0 nesting=0
05-23 11:38:09.410   774  2861 I ActivityManager: START u0 {flg=0x10804000 cmp=com.android.systemui/.recents.RecentsActivity} from uid 10033 on display 0
05-23 11:38:10.343   774  2859 I ActivityManager: Killing 25408:com.facebook.katana:browser/u0a109 (adj 902): remove task
05-23 11:38:10.379   774  4132 I ActivityManager: Killing 25256:com.facebook.katana:videoplayer/u0a109 (adj 0): remove task
05-23 11:38:10.383   774  4169 D ActivityManager: cleanUpApplicationRecord -- 25408
05-23 11:38:10.403   774  3634 D ActivityManager: cleanUpApplicationRecord -- 25256
05-23 11:38:10.421   774  4166 I ActivityManager: Killing 23776:com.facebook.katana/u0a109 (adj 0): remove task
05-23 11:38:10.541   774  2861 D ActivityManager: cleanUpApplicationRecord -- 23776
05-23 11:38:10.542   774  2861 W ActivityManager: Scheduling restart of crashed service com.facebook.katana/com.facebook.mqttlite.MqttService in 1000ms
05-23 11:38:10.543   774   793 D ConnectivityService: ConnectivityService NetworkRequestInfo binderDied(NetworkRequest [ LISTEN id=136, [ Capabilities: INTERNET&NOT_RESTRICTED&TRUSTED] ], android.os.BinderProxy@45ebbae)
05-23 11:38:10.584   774  2799 E ConnectivityService: RemoteException caught trying to send a callback msg for NetworkRequest [ LISTEN id=136, [ Capabilities: INTERNET&NOT_RESTRICTED&TRUSTED] ]
05-23 11:38:10.701   774  4170 I ActivityManager: Killing 24136:com.nhn.android.search/u0a104 (adj 900): remove task
05-23 11:38:10.854   774  4132 D ConnectivityService: ConnectivityService NetworkRequestInfo binderDied(NetworkRequest [ LISTEN id=133, [ Capabilities: INTERNET&NOT_RESTRICTED&TRUSTED] ], android.os.BinderProxy@bb9bcdc)
